Archive member included to satisfy reference by file (symbol)

d:/progra~1/gnuarm~1/102021~1.10/bin/../lib/gcc/arm-none-eabi/10.3.1/thumb/v7e-m/nofp\libgcc.a(_aeabi_uldivmod.o)
                              CMakeFiles/LED-Test.elf.dir/Drivers/STM32G4xx_HAL_Driver/Src/stm32g4xx_hal_uart.c.obj (__aeabi_uldivmod)
d:/progra~1/gnuarm~1/102021~1.10/bin/../lib/gcc/arm-none-eabi/10.3.1/thumb/v7e-m/nofp\libgcc.a(_udivmoddi4.o)
                              d:/progra~1/gnuarm~1/102021~1.10/bin/../lib/gcc/arm-none-eabi/10.3.1/thumb/v7e-m/nofp\libgcc.a(_aeabi_uldivmod.o) (__udivmoddi4)
d:/progra~1/gnuarm~1/102021~1.10/bin/../lib/gcc/arm-none-eabi/10.3.1/thumb/v7e-m/nofp\libgcc.a(_dvmd_tls.o)
                              d:/progra~1/gnuarm~1/102021~1.10/bin/../lib/gcc/arm-none-eabi/10.3.1/thumb/v7e-m/nofp\libgcc.a(_aeabi_uldivmod.o) (__aeabi_ldiv0)
d:/progra~1/gnuarm~1/102021~1.10/bin/../lib/gcc/arm-none-eabi/10.3.1/../../../../arm-none-eabi/lib/thumb/v7e-m/nofp\libc.a(lib_a-errno.o)
                              CMakeFiles/LED-Test.elf.dir/Src/syscalls.c.obj (__errno)
d:/progra~1/gnuarm~1/102021~1.10/bin/../lib/gcc/arm-none-eabi/10.3.1/../../../../arm-none-eabi/lib/thumb/v7e-m/nofp\libc.a(lib_a-exit.o)
                              d:/progra~1/gnuarm~1/102021~1.10/bin/../lib/gcc/arm-none-eabi/10.3.1/../../../../arm-none-eabi/lib/thumb/v7e-m/nofp/crt0.o (exit)
d:/progra~1/gnuarm~1/102021~1.10/bin/../lib/gcc/arm-none-eabi/10.3.1/../../../../arm-none-eabi/lib/thumb/v7e-m/nofp\libc.a(lib_a-impure.o)
                              d:/progra~1/gnuarm~1/102021~1.10/bin/../lib/gcc/arm-none-eabi/10.3.1/../../../../arm-none-eabi/lib/thumb/v7e-m/nofp\libc.a(lib_a-exit.o) (_global_impure_ptr)
d:/progra~1/gnuarm~1/102021~1.10/bin/../lib/gcc/arm-none-eabi/10.3.1/../../../../arm-none-eabi/lib/thumb/v7e-m/nofp\libc.a(lib_a-init.o)
                              d:/progra~1/gnuarm~1/102021~1.10/bin/../lib/gcc/arm-none-eabi/10.3.1/../../../../arm-none-eabi/lib/thumb/v7e-m/nofp/crt0.o (__libc_init_array)
d:/progra~1/gnuarm~1/102021~1.10/bin/../lib/gcc/arm-none-eabi/10.3.1/../../../../arm-none-eabi/lib/thumb/v7e-m/nofp\libc.a(lib_a-memset.o)
                              d:/progra~1/gnuarm~1/102021~1.10/bin/../lib/gcc/arm-none-eabi/10.3.1/../../../../arm-none-eabi/lib/thumb/v7e-m/nofp/crt0.o (memset)
d:/progra~1/gnuarm~1/102021~1.10/bin/../lib/gcc/arm-none-eabi/10.3.1/../../../../arm-none-eabi/lib/thumb/v7e-m/nofp\libc.a(lib_a-sprintf.o)
                              CMakeFiles/LED-Test.elf.dir/Src/main.c.obj (sprintf)
d:/progra~1/gnuarm~1/102021~1.10/bin/../lib/gcc/arm-none-eabi/10.3.1/../../../../arm-none-eabi/lib/thumb/v7e-m/nofp\libc.a(lib_a-svfprintf.o)
                              d:/progra~1/gnuarm~1/102021~1.10/bin/../lib/gcc/arm-none-eabi/10.3.1/../../../../arm-none-eabi/lib/thumb/v7e-m/nofp\libc.a(lib_a-sprintf.o) (_svfprintf_r)
d:/progra~1/gnuarm~1/102021~1.10/bin/../lib/gcc/arm-none-eabi/10.3.1/../../../../arm-none-eabi/lib/thumb/v7e-m/nofp\libc.a(lib_a-__call_atexit.o)
                              d:/progra~1/gnuarm~1/102021~1.10/bin/../lib/gcc/arm-none-eabi/10.3.1/../../../../arm-none-eabi/lib/thumb/v7e-m/nofp\libc.a(lib_a-exit.o) (__call_exitprocs)
d:/progra~1/gnuarm~1/102021~1.10/bin/../lib/gcc/arm-none-eabi/10.3.1/../../../../arm-none-eabi/lib/thumb/v7e-m/nofp\libc.a(lib_a-atexit.o)
                              d:/progra~1/gnuarm~1/102021~1.10/bin/../lib/gcc/arm-none-eabi/10.3.1/../../../../arm-none-eabi/lib/thumb/v7e-m/nofp\libc.a(lib_a-__call_atexit.o) (atexit)
d:/progra~1/gnuarm~1/102021~1.10/bin/../lib/gcc/arm-none-eabi/10.3.1/../../../../arm-none-eabi/lib/thumb/v7e-m/nofp\libc.a(lib_a-dtoa.o)
                              d:/progra~1/gnuarm~1/102021~1.10/bin/../lib/gcc/arm-none-eabi/10.3.1/../../../../arm-none-eabi/lib/thumb/v7e-m/nofp\libc.a(lib_a-svfprintf.o) (_dtoa_r)
d:/progra~1/gnuarm~1/102021~1.10/bin/../lib/gcc/arm-none-eabi/10.3.1/../../../../arm-none-eabi/lib/thumb/v7e-m/nofp\libc.a(lib_a-fini.o)
                              d:/progra~1/gnuarm~1/102021~1.10/bin/../lib/gcc/arm-none-eabi/10.3.1/../../../../arm-none-eabi/lib/thumb/v7e-m/nofp\libc.a(lib_a-__call_atexit.o) (__libc_fini_array)
d:/progra~1/gnuarm~1/102021~1.10/bin/../lib/gcc/arm-none-eabi/10.3.1/../../../../arm-none-eabi/lib/thumb/v7e-m/nofp\libc.a(lib_a-freer.o)
                              d:/progra~1/gnuarm~1/102021~1.10/bin/../lib/gcc/arm-none-eabi/10.3.1/../../../../arm-none-eabi/lib/thumb/v7e-m/nofp\libc.a(lib_a-svfprintf.o) (_free_r)
d:/progra~1/gnuarm~1/102021~1.10/bin/../lib/gcc/arm-none-eabi/10.3.1/../../../../arm-none-eabi/lib/thumb/v7e-m/nofp\libc.a(lib_a-localeconv.o)
                              d:/progra~1/gnuarm~1/102021~1.10/bin/../lib/gcc/arm-none-eabi/10.3.1/../../../../arm-none-eabi/lib/thumb/v7e-m/nofp\libc.a(lib_a-svfprintf.o) (_localeconv_r)
d:/progra~1/gnuarm~1/102021~1.10/bin/../lib/gcc/arm-none-eabi/10.3.1/../../../../arm-none-eabi/lib/thumb/v7e-m/nofp\libc.a(lib_a-lock.o)
[...]
Memory Configuration

Name             Origin             Length             Attributes
RAM              0x20000000         0x00008000         xrw
FLASH            0x08000000         0x00020000         xr
*default*        0x00000000         0xffffffff

Linker script and memory map

LOAD d:/progra~1/gnuarm~1/102021~1.10/bin/../lib/gcc/arm-none-eabi/10.3.1/thumb/v7e-m/nofp/crti.o
LOAD d:/progra~1/gnuarm~1/102021~1.10/bin/../lib/gcc/arm-none-eabi/10.3.1/thumb/v7e-m/nofp/crtbegin.o
LOAD d:/progra~1/gnuarm~1/102021~1.10/bin/../lib/gcc/arm-none-eabi/10.3.1/../../../../arm-none-eabi/lib/thumb/v7e-m/nofp/crt0.o
LOAD CMakeFiles/LED-Test.elf.dir/Drivers/STM32G4xx_HAL_Driver/Src/stm32g4xx_hal.c.obj
LOAD CMakeFiles/LED-Test.elf.dir/Drivers/STM32G4xx_HAL_Driver/Src/stm32g4xx_hal_adc.c.obj
LOAD CMakeFiles/LED-Test.elf.dir/Drivers/STM32G4xx_HAL_Driver/Src/stm32g4xx_hal_adc_ex.c.obj
LOAD CMakeFiles/LED-Test.elf.dir/Drivers/STM32G4xx_HAL_Driver/Src/stm32g4xx_hal_cortex.c.obj
LOAD CMakeFiles/LED-Test.elf.dir/Drivers/STM32G4xx_HAL_Driver/Src/stm32g4xx_hal_dma.c.obj
LOAD CMakeFiles/LED-Test.elf.dir/Drivers/STM32G4xx_HAL_Driver/Src/stm32g4xx_hal_dma_ex.c.obj
LOAD CMakeFiles/LED-Test.elf.dir/Drivers/STM32G4xx_HAL_Driver/Src/stm32g4xx_hal_exti.c.obj
LOAD CMakeFiles/LED-Test.elf.dir/Drivers/STM32G4xx_HAL_Driver/Src/stm32g4xx_hal_flash.c.obj
LOAD CMakeFiles/LED-Test.elf.dir/Drivers/STM32G4xx_HAL_Driver/Src/stm32g4xx_hal_flash_ex.c.obj
LOAD CMakeFiles/LED-Test.elf.dir/Drivers/STM32G4xx_HAL_Driver/Src/stm32g4xx_hal_flash_ramfunc.c.obj
LOAD CMakeFiles/LED-Test.elf.dir/Drivers/STM32G4xx_HAL_Driver/Src/stm32g4xx_hal_gpio.c.obj
LOAD CMakeFiles/LED-Test.elf.dir/Drivers/STM32G4xx_HAL_Driver/Src/stm32g4xx_hal_pwr.c.obj
LOAD CMakeFiles/LED-Test.elf.dir/Drivers/STM32G4xx_HAL_Driver/Src/stm32g4xx_hal_pwr_ex.c.obj
LOAD CMakeFiles/LED-Test.elf.dir/Drivers/STM32G4xx_HAL_Driver/Src/stm32g4xx_hal_rcc.c.obj
LOAD CMakeFiles/LED-Test.elf.dir/Drivers/STM32G4xx_HAL_Driver/Src/stm32g4xx_hal_rcc_ex.c.obj
LOAD CMakeFiles/LED-Test.elf.dir/Drivers/STM32G4xx_HAL_Driver/Src/stm32g4xx_hal_tim.c.obj
LOAD CMakeFiles/LED-Test.elf.dir/Drivers/STM32G4xx_HAL_Driver/Src/stm32g4xx_hal_tim_ex.c.obj
LOAD CMakeFiles/LED-Test.elf.dir/Drivers/STM32G4xx_HAL_Driver/Src/stm32g4xx_hal_uart.c.obj
LOAD CMakeFiles/LED-Test.elf.dir/Drivers/STM32G4xx_HAL_Driver/Src/stm32g4xx_hal_uart_ex.c.obj
LOAD CMakeFiles/LED-Test.elf.dir/Drivers/STM32G4xx_HAL_Driver/Src/stm32g4xx_ll_adc.c.obj
LOAD CMakeFiles/LED-Test.elf.dir/Src/adc.c.obj
LOAD CMakeFiles/LED-Test.elf.dir/Src/gpio.c.obj
LOAD CMakeFiles/LED-Test.elf.dir/Src/main.c.obj
LOAD CMakeFiles/LED-Test.elf.dir/Src/stm32g4xx_hal_msp.c.obj
LOAD CMakeFiles/LED-Test.elf.dir/Src/stm32g4xx_it.c.obj
LOAD CMakeFiles/LED-Test.elf.dir/Src/syscalls.c.obj
LOAD CMakeFiles/LED-Test.elf.dir/Src/sysmem.c.obj
LOAD CMakeFiles/LED-Test.elf.dir/Src/system_stm32g4xx.c.obj
LOAD CMakeFiles/LED-Test.elf.dir/Src/tim.c.obj
LOAD CMakeFiles/LED-Test.elf.dir/Src/usart.c.obj
LOAD CMakeFiles/LED-Test.elf.dir/Startup/startup_stm32g431rbtx.s.obj
LOAD CMakeFiles/LED-Test.elf.dir/UserLib/Src/key.c.obj
LOAD CMakeFiles/LED-Test.elf.dir/UserLib/Src/lcd.c.obj
LOAD CMakeFiles/LED-Test.elf.dir/UserLib/Src/led.c.obj
LOAD CMakeFiles/LED-Test.elf.dir/UserLib/Src/timer.c.obj
LOAD CMakeFiles/LED-Test.elf.dir/UserLib/Src/usart.c.obj
START GROUP
LOAD d:/progra~1/gnuarm~1/102021~1.10/bin/../lib/gcc/arm-none-eabi/10.3.1/thumb/v7e-m/nofp\libgcc.a
LOAD d:/progra~1/gnuarm~1/102021~1.10/bin/../lib/gcc/arm-none-eabi/10.3.1/../../../../arm-none-eabi/lib/thumb/v7e-m/nofp\libc.a
END GROUP
LOAD d:/progra~1/gnuarm~1/102021~1.10/bin/../lib/gcc/arm-none-eabi/10.3.1/thumb/v7e-m/nofp/crtend.o
LOAD d:/progra~1/gnuarm~1/102021~1.10/bin/../lib/gcc/arm-none-eabi/10.3.1/thumb/v7e-m/nofp/crtn.o
                0x20008000                _estack = (ORIGIN (RAM) + LENGTH (RAM))
                0x00000200                _Min_Heap_Size = 0x200
                0x00000400                _Min_Stack_Size = 0x400

.isr_vector     0x08000000      0x1d8
                0x08000000                . = ALIGN (0x4)
 *(.isr_vector)
 .isr_vector    0x08000000      0x1d8 CMakeFiles/LED-Test.elf.dir/Startup/startup_stm32g431rbtx.s.obj
                0x08000000                g_pfnVectors
                0x080001d8                . = ALIGN (0x4)

.text           0x08000200     0xad98
                0x08000200                . = ALIGN (0x4)
 *(.text)
 .text          0x08000200       0x40 d:/progra~1/gnuarm~1/102021~1.10/bin/../lib/gcc/arm-none-eabi/10.3.1/thumb/v7e-m/nofp/crtbegin.o
 .text          0x08000240       0x30 d:/progra~1/gnuarm~1/102021~1.10/bin/../lib/gcc/arm-none-eabi/10.3.1/thumb/v7e-m/nofp\libgcc.a(_aeabi_uldivmod.o)
                0x08000240                __aeabi_uldivmod
 .text          0x08000270      0x2d0 d:/progra~1/gnuarm~1/102021~1.10/bin/../lib/gcc/arm-none-eabi/10.3.1/thumb/v7e-m/nofp\libgcc.a(_udivmoddi4.o)
                0x08000270                __udivmoddi4
 .text          0x08000540        0x4 d:/progra~1/gnuarm~1/102021~1.10/bin/../lib/gcc/arm-none-eabi/10.3.1/thumb/v7e-m/nofp\libgcc.a(_dvmd_tls.o)
                0x08000540                __aeabi_idiv0
                0x08000540                __aeabi_ldiv0
 *fill*         0x08000544        0xc 
 .text          0x08000550       0xa0 d:/progra~1/gnuarm~1/102021~1.10/bin/../lib/gcc/arm-none-eabi/10.3.1/../../../../arm-none-eabi/lib/thumb/v7e-m/nofp\libc.a(lib_a-memchr.o)
                0x08000550                memchr
 .text          0x080005f0      0x134 d:/progra~1/gnuarm~1/102021~1.10/bin/../lib/gcc/arm-none-eabi/10.3.1/../../../../arm-none-eabi/lib/thumb/v7e-m/nofp\libc.a(lib_a-memcpy.o)
                0x080005f0                memcpy
 *fill*         0x08000724       0x1c 
 .text          0x08000740       0xdc d:/progra~1/gnuarm~1/102021~1.10/bin/../lib/gcc/arm-none-eabi/10.3.1/../../../../arm-none-eabi/lib/thumb/v7e-m/nofp\libc.a(lib_a-strlen.o)
                0x08000740                strlen
 .text          0x0800081c      0x378 d:/progra~1/gnuarm~1/102021~1.10/bin/../lib/gcc/arm-none-eabi/10.3.1/thumb/v7e-m/nofp\libgcc.a(_arm_addsubdf3.o)
                0x0800081c                __aeabi_drsub
                0x08000824                __aeabi_dsub
                0x08000824                __subdf3
                0x08000828                __aeabi_dadd
                0x08000828                __adddf3
                0x08000aa0                __floatunsidf
                0x08000aa0                __aeabi_ui2d
                0x08000ac0                __floatsidf
                0x08000ac0                __aeabi_i2d
                0x08000ae4                __aeabi_f2d
                0x08000ae4                __extendsfdf2
                0x08000b28                __floatundidf
                0x08000b28                __aeabi_ul2d
                0x08000b38                __floatdidf
                0x08000b38                __aeabi_l2d
 .text          0x08000b94      0x424 d:/progra~1/gnuarm~1/102021~1.10/bin/../lib/gcc/arm-none-eabi/10.3.1/thumb/v7e-m/nofp\libgcc.a(_arm_muldivdf3.o)
                0x08000b94                __aeabi_dmul
                0x08000b94                __muldf3
                0x08000de8                __divdf3
                0x08000de8                __aeabi_ddiv
 .text          0x08000fb8      0x110 d:/progra~1/gnuarm~1/102021~1.10/bin/../lib/gcc/arm-none-eabi/10.3.1/thumb/v7e-m/nofp\libgcc.a(_arm_cmpdf2.o)
                0x08000fb8                __gtdf2
                0x08000fb8                __gedf2
                0x08000fc0                __ltdf2
                0x08000fc0                __ledf2
                0x08000fc8                __nedf2
                0x08000fc8                __eqdf2
                0x08000fc8                __cmpdf2
                0x08001044                __aeabi_cdrcmple
                0x08001054                __aeabi_cdcmpeq
                0x08001054                __aeabi_cdcmple
                0x08001064                __aeabi_dcmpeq
                0x08001078                __aeabi_dcmplt
                0x0800108c                __aeabi_dcmple
                0x080010a0                __aeabi_dcmpge
                0x080010b4                __aeabi_dcmpgt
 .text          0x080010c8       0x2c d:/progra~1/gnuarm~1/102021~1.10/bin/../lib/gcc/arm-none-eabi/10.3.1/thumb/v7e-m/nofp\libgcc.a(_arm_unorddf2.o)
                0x080010c8                __unorddf2
                0x080010c8                __aeabi_dcmpun
 .text          0x080010f4       0x50 d:/progra~1/gnuarm~1/102021~1.10/bin/../lib/gcc/arm-none-eabi/10.3.1/thumb/v7e-m/nofp\libgcc.a(_arm_fixdfsi.o)
                0x080010f4                __aeabi_d2iz
                0x080010f4                __fixdfsi
 *(.text*)
 .text.HAL_InitTick
                0x08001144       0x50 CMakeFiles/LED-Test.elf.dir/Drivers/STM32G4xx_HAL_Driver/Src/stm32g4xx_hal.c.obj
                0x08001144                HAL_InitTick
 .text.HAL_Init
                0x08001194       0x1e CMakeFiles/LED-Test.elf.dir/Drivers/STM32G4xx_HAL_Driver/Src/stm32g4xx_hal.c.obj
                0x08001194                HAL_Init
 *fill*         0x080011b2        0x2 
 .text.HAL_IncTick
                0x080011b4       0x18 CMakeFiles/LED-Test.elf.dir/Drivers/STM32G4xx_HAL_Driver/Src/stm32g4xx_hal.c.obj
                0x080011b4                HAL_IncTick
 .text.HAL_GetTick
                0x080011cc        0xc CMakeFiles/LED-Test.elf.dir/Drivers/STM32G4xx_HAL_Driver/Src/stm32g4xx_hal.c.obj
                0x080011cc                HAL_GetTick
 .text.HAL_ADC_Init
                0x080011d8      0x240 CMakeFiles/LED-Test.elf.dir/Drivers/STM32G4xx_HAL_Driver/Src/stm32g4xx_hal_adc.c.obj
                0x080011d8                HAL_ADC_Init
 .text.HAL_ADC_GetValue
                0x08001418        0x6 CMakeFiles/LED-Test.elf.dir/Drivers/STM32G4xx_HAL_Driver/Src/stm32g4xx_hal_adc.c.obj
                0x08001418                HAL_ADC_GetValue
 .text.HAL_ADC_LevelOutOfWindowCallback
                0x0800141e        0x2 CMakeFiles/LED-Test.elf.dir/Drivers/STM32G4xx_HAL_Driver/Src/stm32g4xx_hal_adc.c.obj
                0x0800141e                HAL_ADC_LevelOutOfWindowCallback
 .text.HAL_ADC_ErrorCallback
                0x08001420        0x2 CMakeFiles/LED-Test.elf.dir/Drivers/STM32G4xx_HAL_Driver/Src/stm32g4xx_hal_adc.c.obj
                0x08001420                HAL_ADC_ErrorCallback
 *fill*         0x08001422        0x2 
 .text.HAL_ADC_IRQHandler
                0x08001424      0x294 CMakeFiles/LED-Test.elf.dir/Drivers/STM32G4xx_HAL_Driver/Src/stm32g4xx_hal_adc.c.obj
                0x08001424                HAL_ADC_IRQHandler
 .text.HAL_ADC_ConfigChannel
                0x080016b8      0x4e4 CMakeFiles/LED-Test.elf.dir/Drivers/STM32G4xx_HAL_Driver/Src/stm32g4xx_hal_adc.c.obj
                0x080016b8                HAL_ADC_ConfigChannel
 .text.ADC_ConversionStop
                0x08001b9c      0x100 CMakeFiles/LED-Test.elf.dir/Drivers/STM32G4xx_HAL_Driver/Src/stm32g4xx_hal_adc.c.obj
                0x08001b9c                ADC_ConversionStop
 .text.ADC_Enable
                0x08001c9c       0x98 CMakeFiles/LED-Test.elf.dir/Drivers/STM32G4xx_HAL_Driver/Src/stm32g4xx_hal_adc.c.obj
                0x08001c9c                ADC_Enable
 .text.HAL_ADC_Start_IT
                0x08001d34      0x188 CMakeFiles/LED-Test.elf.dir/Drivers/STM32G4xx_HAL_Driver/Src/stm32g4xx_hal_adc.c.obj
                0x08001d34                HAL_ADC_Start_IT
 .text.ADC_Disable
                0x08001ebc       0x94 CMakeFiles/LED-Test.elf.dir/Drivers/STM32G4xx_HAL_Driver/Src/stm32g4xx_hal_adc.c.obj
                0x08001ebc                ADC_Disable
 .text.HAL_ADC_Stop_IT
                0x08001f50       0x4c CMakeFiles/LED-Test.elf.dir/Drivers/STM32G4xx_HAL_Driver/Src/stm32g4xx_hal_adc.c.obj
                0x08001f50                HAL_ADC_Stop_IT
 .text.HAL_ADCEx_Calibration_Start
                0x08001f9c       0x9c CMakeFiles/LED-Test.elf.dir/Drivers/STM32G4xx_HAL_Driver/Src/stm32g4xx_hal_adc_ex.c.obj
                0x08001f9c                HAL_ADCEx_Calibration_Start
 .text.HAL_ADCEx_InjectedConvCpltCallback
                0x08002038        0x2 CMakeFiles/LED-Test.elf.dir/Drivers/STM32G4xx_HAL_Driver/Src/stm32g4xx_hal_adc_ex.c.obj
                0x08002038                HAL_ADCEx_InjectedConvCpltCallback
 .text.HAL_ADCEx_InjectedQueueOverflowCallback
                0x0800203a        0x2 CMakeFiles/LED-Test.elf.dir/Drivers/STM32G4xx_HAL_Driver/Src/stm32g4xx_hal_adc_ex.c.obj
                0x0800203a                HAL_ADCEx_InjectedQueueOverflowCallback
 .text.HAL_ADCEx_LevelOutOfWindow2Callback
                0x0800203c        0x2 CMakeFiles/LED-Test.elf.dir/Drivers/STM32G4xx_HAL_Driver/Src/stm32g4xx_hal_adc_ex.c.obj
                0x0800203c                HAL_ADCEx_LevelOutOfWindow2Callback
 .text.HAL_ADCEx_LevelOutOfWindow3Callback
                0x0800203e        0x2 CMakeFiles/LED-Test.elf.dir/Drivers/STM32G4xx_HAL_Driver/Src/stm32g4xx_hal_adc_ex.c.obj
                0x0800203e                HAL_ADCEx_LevelOutOfWindow3Callback
 .text.HAL_ADCEx_EndOfSamplingCallback
                0x08002040        0x2 CMakeFiles/LED-Test.elf.dir/Drivers/STM32G4xx_HAL_Driver/Src/stm32g4xx_hal_adc_ex.c.obj
                0x08002040                HAL_ADCEx_EndOfSamplingCallback
 *fill*         0x08002042        0x2 
 .text.HAL_ADCEx_MultiModeConfigChannel
                0x08002044      0x114 CMakeFiles/LED-Test.elf.dir/Drivers/STM32G4xx_HAL_Driver/Src/stm32g4xx_hal_adc_ex.c.obj
                0x08002044                HAL_ADCEx_MultiModeConfigChannel
 .text.HAL_NVIC_SetPriorityGrouping
                0x08002158       0x24 CMakeFiles/LED-Test.elf.dir/Drivers/STM32G4xx_HAL_Driver/Src/stm32g4xx_hal_cortex.c.obj
                0x08002158                HAL_NVIC_SetPriorityGrouping
 .text.HAL_NVIC_SetPriority
                0x0800217c       0x70 CMakeFiles/LED-Test.elf.dir/Drivers/STM32G4xx_HAL_Driver/Src/stm32g4xx_hal_cortex.c.obj
                0x0800217c                HAL_NVIC_SetPriority
 .text.HAL_NVIC_EnableIRQ
                0x080021ec       0x1c CMakeFiles/LED-Test.elf.dir/Drivers/STM32G4xx_HAL_Driver/Src/stm32g4xx_hal_cortex.c.obj
                0x080021ec                HAL_NVIC_EnableIRQ
 .text.HAL_SYSTICK_Config
                0x08002208       0x28 CMakeFiles/LED-Test.elf.dir/Drivers/STM32G4xx_HAL_Driver/Src/stm32g4xx_hal_cortex.c.obj
                0x08002208                HAL_SYSTICK_Config
 .text.HAL_DMA_Abort
                0x08002230       0x6c CMakeFiles/LED-Test.elf.dir/Drivers/STM32G4xx_HAL_Driver/Src/stm32g4xx_hal_dma.c.obj
                0x08002230                HAL_DMA_Abort
 .text.HAL_DMA_Abort_IT
                0x0800229c       0x7e CMakeFiles/LED-Test.elf.dir/Drivers/STM32G4xx_HAL_Driver/Src/stm32g4xx_hal_dma.c.obj
                0x0800229c                HAL_DMA_Abort_IT
 *fill*         0x0800231a        0x2 
 .text.HAL_GPIO_Init
                0x0800231c      0x1b4 CMakeFiles/LED-Test.elf.dir/Drivers/STM32G4xx_HAL_Driver/Src/stm32g4xx_hal_gpio.c.obj
                0x0800231c                HAL_GPIO_Init
 .text.HAL_GPIO_WritePin
                0x080024d0        0xa CMakeFiles/LED-Test.elf.dir/Drivers/STM32G4xx_HAL_Driver/Src/stm32g4xx_hal_gpio.c.obj
                0x080024d0                HAL_GPIO_WritePin
 *fill*         0x080024da        0x2 
 .text.HAL_PWREx_ControlVoltageScaling
                0x080024dc      0x10c CMakeFiles/LED-Test.elf.dir/Drivers/STM32G4xx_HAL_Driver/Src/stm32g4xx_hal_pwr_ex.c.obj
                0x080024dc                HAL_PWREx_ControlVoltageScaling
 .text.HAL_PWREx_DisableUCPDDeadBattery
                0x080025e8       0x10 CMakeFiles/LED-Test.elf.dir/Drivers/STM32G4xx_HAL_Driver/Src/stm32g4xx_hal_pwr_ex.c.obj
                0x080025e8                HAL_PWREx_DisableUCPDDeadBattery
 .text.RCC_GetSysClockFreqFromPLLSource
                0x080025f8       0x58 CMakeFiles/LED-Test.elf.dir/Drivers/STM32G4xx_HAL_Driver/Src/stm32g4xx_hal_rcc.c.obj
 .text.HAL_RCC_OscConfig
                0x08002650      0x4e8 CMakeFiles/LED-Test.elf.dir/Drivers/STM32G4xx_HAL_Driver/Src/stm32g4xx_hal_rcc.c.obj
                0x08002650                HAL_RCC_OscConfig
 .text.HAL_RCC_GetSysClockFreq
                0x08002b38       0x88 CMakeFiles/LED-Test.elf.dir/Drivers/STM32G4xx_HAL_Driver/Src/stm32g4xx_hal_rcc.c.obj
                0x08002b38                HAL_RCC_GetSysClockFreq
 .text.HAL_RCC_ClockConfig
                0x08002bc0      0x1f8 CMakeFiles/LED-Test.elf.dir/Drivers/STM32G4xx_HAL_Driver/Src/stm32g4xx_hal_rcc.c.obj
                0x08002bc0                HAL_RCC_ClockConfig
 .text.HAL_RCC_GetHCLKFreq
                0x08002db8        0xc CMakeFiles/LED-Test.elf.dir/Drivers/STM32G4xx_HAL_Driver/Src/stm32g4xx_hal_rcc.c.obj
                0x08002db8                HAL_RCC_GetHCLKFreq
 .text.HAL_RCC_GetPCLK1Freq
                0x08002dc4       0x24 CMakeFiles/LED-Test.elf.dir/Drivers/STM32G4xx_HAL_Driver/Src/stm32g4xx_hal_rcc.c.obj
                0x08002dc4                HAL_RCC_GetPCLK1Freq
 .text.HAL_RCC_GetPCLK2Freq
                0x08002de8       0x24 CMakeFiles/LED-Test.elf.dir/Drivers/STM32G4xx_HAL_Driver/Src/stm32g4xx_hal_rcc.c.obj
                0x08002de8                HAL_RCC_GetPCLK2Freq
 .text.HAL_RCCEx_PeriphCLKConfig
                0x08002e0c      0x2e4 CMakeFiles/LED-Test.elf.dir/Drivers/STM32G4xx_HAL_Driver/Src/stm32g4xx_hal_rcc_ex.c.obj
                0x08002e0c                HAL_RCCEx_PeriphCLKConfig
 .text.TIM_TI1_ConfigInputStage
                0x080030f0       0x24 CMakeFiles/LED-Test.elf.dir/Drivers/STM32G4xx_HAL_Driver/Src/stm32g4xx_hal_tim.c.obj
 .text.TIM_TI2_ConfigInputStage
                0x08003114       0x26 CMakeFiles/LED-Test.elf.dir/Drivers/STM32G4xx_HAL_Driver/Src/stm32g4xx_hal_tim.c.obj
 .text.TIM_ITRx_SetConfig
                0x0800313a       0x14 CMakeFiles/LED-Test.elf.dir/Drivers/STM32G4xx_HAL_Driver/Src/stm32g4xx_hal_tim.c.obj
 *fill*         0x0800314e        0x2 
 .text.HAL_TIM_Base_Start_IT
                0x08003150       0x84 CMakeFiles/LED-Test.elf.dir/Drivers/STM32G4xx_HAL_Driver/Src/stm32g4xx_hal_tim.c.obj
                0x08003150                HAL_TIM_Base_Start_IT
 .text.HAL_TIM_OC_DelayElapsedCallback
                0x080031d4        0x2 CMakeFiles/LED-Test.elf.dir/Drivers/STM32G4xx_HAL_Driver/Src/stm32g4xx_hal_tim.c.obj
                0x080031d4                HAL_TIM_OC_DelayElapsedCallback
 .text.HAL_TIM_IC_CaptureCallback
                0x080031d6        0x2 CMakeFiles/LED-Test.elf.dir/Drivers/STM32G4xx_HAL_Driver/Src/stm32g4xx_hal_tim.c.obj
                0x080031d6                HAL_TIM_IC_CaptureCallback
 .text.HAL_TIM_PWM_PulseFinishedCallback
                0x080031d8        0x2 CMakeFiles/LED-Test.elf.dir/Drivers/STM32G4xx_HAL_Driver/Src/stm32g4xx_hal_tim.c.obj
                0x080031d8                HAL_TIM_PWM_PulseFinishedCallback
 .text.HAL_TIM_TriggerCallback
                0x080031da        0x2 CMakeFiles/LED-Test.elf.dir/Drivers/STM32G4xx_HAL_Driver/Src/stm32g4xx_hal_tim.c.obj
                0x080031da                HAL_TIM_TriggerCallback
 .text.HAL_TIM_IRQHandler
                0x080031dc      0x21e CMakeFiles/LED-Test.elf.dir/Drivers/STM32G4xx_HAL_Driver/Src/stm32g4xx_hal_tim.c.obj
                0x080031dc                HAL_TIM_IRQHandler
 *fill*         0x080033fa        0x2 
 .text.TIM_Base_SetConfig
                0x080033fc       0xb8 CMakeFiles/LED-Test.elf.dir/Drivers/STM32G4xx_HAL_Driver/Src/stm32g4xx_hal_tim.c.obj
                0x080033fc                TIM_Base_SetConfig
 .text.HAL_TIM_Base_Init
                0x080034b4       0x60 CMakeFiles/LED-Test.elf.dir/Drivers/STM32G4xx_HAL_Driver/Src/stm32g4xx_hal_tim.c.obj
                0x080034b4                HAL_TIM_Base_Init
 .text.TIM_ETR_SetConfig
                0x08003514       0x18 CMakeFiles/LED-Test.elf.dir/Drivers/STM32G4xx_HAL_Driver/Src/stm32g4xx_hal_tim.c.obj
                0x08003514                TIM_ETR_SetConfig
 .text.HAL_TIM_ConfigClockSource
                0x0800352c      0x108 CMakeFiles/LED-Test.elf.dir/Drivers/STM32G4xx_HAL_Driver/Src/stm32g4xx_hal_tim.c.obj
                0x0800352c                HAL_TIM_ConfigClockSource
 .text.HAL_TIMEx_MasterConfigSynchronization
                0x08003634       0x94 CMakeFiles/LED-Test.elf.dir/Drivers/STM32G4xx_HAL_Driver/Src/stm32g4xx_hal_tim_ex.c.obj
                0x08003634                HAL_TIMEx_MasterConfigSynchronization
 .text.HAL_TIMEx_CommutCallback
                0x080036c8        0x2 CMakeFiles/LED-Test.elf.dir/Drivers/STM32G4xx_HAL_Driver/Src/stm32g4xx_hal_tim_ex.c.obj
                0x080036c8                HAL_TIMEx_CommutCallback
 .text.HAL_TIMEx_BreakCallback
                0x080036ca        0x2 CMakeFiles/LED-Test.elf.dir/Drivers/STM32G4xx_HAL_Driver/Src/stm32g4xx_hal_tim_ex.c.obj
                0x080036ca                HAL_TIMEx_BreakCallback
 .text.HAL_TIMEx_Break2Callback
                0x080036cc        0x2 CMakeFiles/LED-Test.elf.dir/Drivers/STM32G4xx_HAL_Driver/Src/stm32g4xx_hal_tim_ex.c.obj
                0x080036cc                HAL_TIMEx_Break2Callback
 .text.HAL_TIMEx_EncoderIndexCallback
                0x080036ce        0x2 CMakeFiles/LED-Test.elf.dir/Drivers/STM32G4xx_HAL_Driver/Src/stm32g4xx_hal_tim_ex.c.obj
                0x080036ce                HAL_TIMEx_EncoderIndexCallback
 .text.HAL_TIMEx_DirectionChangeCallback
                0x080036d0        0x2 CMakeFiles/LED-Test.elf.dir/Drivers/STM32G4xx_HAL_Driver/Src/stm32g4xx_hal_tim_ex.c.obj
                0x080036d0                HAL_TIMEx_DirectionChangeCallback
 .text.HAL_TIMEx_IndexErrorCallback
                0x080036d2        0x2 CMakeFiles/LED-Test.elf.dir/Drivers/STM32G4xx_HAL_Driver/Src/stm32g4xx_hal_tim_ex.c.obj
                0x080036d2                HAL_TIMEx_IndexErrorCallback
 .text.HAL_TIMEx_TransitionErrorCallback
                0x080036d4        0x2 CMakeFiles/LED-Test.elf.dir/Drivers/STM32G4xx_HAL_Driver/Src/stm32g4xx_hal_tim_ex.c.obj
                0x080036d4                HAL_TIMEx_TransitionErrorCallback
 .text.UART_EndRxTransfer
                0x080036d6       0x38 CMakeFiles/LED-Test.elf.dir/Drivers/STM32G4xx_HAL_Driver/Src/stm32g4xx_hal_uart.c.obj
 .text.HAL_UART_TxCpltCallback
                0x0800370e        0x2 CMakeFiles/LED-Test.elf.dir/Drivers/STM32G4xx_HAL_Driver/Src/stm32g4xx_hal_uart.c.obj
                0x0800370e                HAL_UART_TxCpltCallback
 .text.UART_EndTransmit_IT
                0x08003710       0x1c CMakeFiles/LED-Test.elf.dir/Drivers/STM32G4xx_HAL_Driver/Src/stm32g4xx_hal_uart.c.obj
 .text.HAL_UART_ErrorCallback
                0x0800372c        0x2 CMakeFiles/LED-Test.elf.dir/Drivers/STM32G4xx_HAL_Driver/Src/stm32g4xx_hal_uart.c.obj
                0x0800372c                HAL_UART_ErrorCallback
 .text.UART_DMAAbortOnError
                0x0800372e       0x14 CMakeFiles/LED-Test.elf.dir/Drivers/STM32G4xx_HAL_Driver/Src/stm32g4xx_hal_uart.c.obj
 .text.HAL_UARTEx_RxEventCallback
                0x08003742        0x2 CMakeFiles/LED-Test.elf.dir/Drivers/STM32G4xx_HAL_Driver/Src/stm32g4xx_hal_uart.c.obj
                0x08003742                HAL_UARTEx_RxEventCallback
 .text.HAL_UART_IRQHandler
                0x08003744      0x2d8 CMakeFiles/LED-Test.elf.dir/Drivers/STM32G4xx_HAL_Driver/Src/stm32g4xx_hal_uart.c.obj
                0x08003744                HAL_UART_IRQHandler
 .text.UART_RxISR_8BIT
                0x08003a1c       0x88 CMakeFiles/LED-Test.elf.dir/Drivers/STM32G4xx_HAL_Driver/Src/stm32g4xx_hal_uart.c.obj
 .text.UART_RxISR_16BIT
                0x08003aa4       0x86 CMakeFiles/LED-Test.elf.dir/Drivers/STM32G4xx_HAL_Driver/Src/stm32g4xx_hal_uart.c.obj
 *fill*         0x08003b2a        0x2 
 .text.UART_RxISR_8BIT_FIFOEN
                0x08003b2c      0x158 CMakeFiles/LED-Test.elf.dir/Drivers/STM32G4xx_HAL_Driver/Src/stm32g4xx_hal_uart.c.obj
 .text.UART_RxISR_16BIT_FIFOEN
                0x08003c84      0x158 CMakeFiles/LED-Test.elf.dir/Drivers/STM32G4xx_HAL_Driver/Src/stm32g4xx_hal_uart.c.obj
 .text.UART_SetConfig
                0x08003ddc      0x344 CMakeFiles/LED-Test.elf.dir/Drivers/STM32G4xx_HAL_Driver/Src/stm32g4xx_hal_uart.c.obj
                0x08003ddc                UART_SetConfig
 .text.UART_AdvFeatureConfig
                0x08004120       0xca CMakeFiles/LED-Test.elf.dir/Drivers/STM32G4xx_HAL_Driver/Src/stm32g4xx_hal_uart.c.obj
                0x08004120                UART_AdvFeatureConfig
 .text.UART_WaitOnFlagUntilTimeout
                0x080041ea       0xb0 CMakeFiles/LED-Test.elf.dir/Drivers/STM32G4xx_HAL_Driver/Src/stm32g4xx_hal_uart.c.obj
                0x080041ea                UART_WaitOnFlagUntilTimeout
 .text.HAL_UART_Transmit
                0x0800429a       0xde CMakeFiles/LED-Test.elf.dir/Drivers/STM32G4xx_HAL_Driver/Src/stm32g4xx_hal_uart.c.obj
                0x0800429a                HAL_UART_Transmit
 .text.UART_CheckIdleState
                0x08004378       0x74 CMakeFiles/LED-Test.elf.dir/Drivers/STM32G4xx_HAL_Driver/Src/stm32g4xx_hal_uart.c.obj
                0x08004378                UART_CheckIdleState
 .text.HAL_UART_Init
                0x080043ec       0x66 CMakeFiles/LED-Test.elf.dir/Drivers/STM32G4xx_HAL_Driver/Src/stm32g4xx_hal_uart.c.obj
                0x080043ec                HAL_UART_Init
 *fill*         0x08004452        0x2 
 .text.UART_Start_Receive_IT
                0x08004454       0xf8 CMakeFiles/LED-Test.elf.dir/Drivers/STM32G4xx_HAL_Driver/Src/stm32g4xx_hal_uart.c.obj
                0x08004454                UART_Start_Receive_IT
 .text.HAL_UART_Receive_IT
                0x0800454c       0x54 CMakeFiles/LED-Test.elf.dir/Drivers/STM32G4xx_HAL_Driver/Src/stm32g4xx_hal_uart.c.obj
                0x0800454c                HAL_UART_Receive_IT
 .text.UARTEx_SetNbDataToProcess
                0x080045a0       0x4c CMakeFiles/LED-Test.elf.dir/Drivers/STM32G4xx_HAL_Driver/Src/stm32g4xx_hal_uart_ex.c.obj
 .text.HAL_UARTEx_WakeupCallback
                0x080045ec        0x2 CMakeFiles/LED-Test.elf.dir/Drivers/STM32G4xx_HAL_Driver/Src/stm32g4xx_hal_uart_ex.c.obj
                0x080045ec                HAL_UARTEx_WakeupCallback
 .text.HAL_UARTEx_RxFifoFullCallback
                0x080045ee        0x2 CMakeFiles/LED-Test.elf.dir/Drivers/STM32G4xx_HAL_Driver/Src/stm32g4xx_hal_uart_ex.c.obj
                0x080045ee                HAL_UARTEx_RxFifoFullCallback
 .text.HAL_UARTEx_TxFifoEmptyCallback
                0x080045f0        0x2 CMakeFiles/LED-Test.elf.dir/Drivers/STM32G4xx_HAL_Driver/Src/stm32g4xx_hal_uart_ex.c.obj
                0x080045f0                HAL_UARTEx_TxFifoEmptyCallback
 .text.HAL_UARTEx_DisableFifoMode
                0x080045f2       0x3e CMakeFiles/LED-Test.elf.dir/Drivers/STM32G4xx_HAL_Driver/Src/stm32g4xx_hal_uart_ex.c.obj
                0x080045f2                HAL_UARTEx_DisableFifoMode
 .text.HAL_UARTEx_SetTxFifoThreshold
                0x08004630       0x4a CMakeFiles/LED-Test.elf.dir/Drivers/STM32G4xx_HAL_Driver/Src/stm32g4xx_hal_uart_ex.c.obj
                0x08004630                HAL_UARTEx_SetTxFifoThreshold
 .text.HAL_UARTEx_SetRxFifoThreshold
                0x0800467a       0x4a CMakeFiles/LED-Test.elf.dir/Drivers/STM32G4xx_HAL_Driver/Src/stm32g4xx_hal_uart_ex.c.obj
                0x0800467a                HAL_UARTEx_SetRxFifoThreshold
 .text.MX_ADC1_Init
                0x080046c4       0xc0 CMakeFiles/LED-Test.elf.dir/Src/adc.c.obj
                0x080046c4                MX_ADC1_Init
 .text.HAL_ADC_MspInit
                0x08004784       0x74 CMakeFiles/LED-Test.elf.dir/Src/adc.c.obj
                0x08004784                HAL_ADC_MspInit
 .text.MX_GPIO_Init
                0x080047f8      0x138 CMakeFiles/LED-Test.elf.dir/Src/gpio.c.obj
                0x080047f8                MX_GPIO_Init
 .text.HAL_ADC_ConvCpltCallback
                0x08004930       0x30 CMakeFiles/LED-Test.elf.dir/Src/main.c.obj
                0x08004930                HAL_ADC_ConvCpltCallback
 .text.HAL_UART_RxCpltCallback
                0x08004960       0x6c CMakeFiles/LED-Test.elf.dir/Src/main.c.obj
                0x08004960                HAL_UART_RxCpltCallback
 .text.LCD_Proc
                0x080049cc       0x68 CMakeFiles/LED-Test.elf.dir/Src/main.c.obj
                0x080049cc                LCD_Proc
 .text.HAL_TIM_PeriodElapsedCallback
                0x08004a34       0x3c CMakeFiles/LED-Test.elf.dir/Src/main.c.obj
                0x08004a34                HAL_TIM_PeriodElapsedCallback
 .text.Error_Handler
                0x08004a70        0x4 CMakeFiles/LED-Test.elf.dir/Src/main.c.obj
                0x08004a70                Error_Handler
 .text.SystemClock_Config
                0x08004a74       0x94 CMakeFiles/LED-Test.elf.dir/Src/main.c.obj
                0x08004a74                SystemClock_Config
 .text.main     0x08004b08       0x5c CMakeFiles/LED-Test.elf.dir/Src/main.c.obj
                0x08004b08                main
 .text.HAL_MspInit
                0x08004b64       0x38 CMakeFiles/LED-Test.elf.dir/Src/stm32g4xx_hal_msp.c.obj
                0x08004b64                HAL_MspInit
 .text.NMI_Handler
                0x08004b9c        0x2 CMakeFiles/LED-Test.elf.dir/Src/stm32g4xx_it.c.obj
                0x08004b9c                NMI_Handler
 .text.HardFault_Handler
                0x08004b9e        0x2 CMakeFiles/LED-Test.elf.dir/Src/stm32g4xx_it.c.obj
                0x08004b9e                HardFault_Handler
 .text.MemManage_Handler
                0x08004ba0        0x2 CMakeFiles/LED-Test.elf.dir/Src/stm32g4xx_it.c.obj
                0x08004ba0                MemManage_Handler
 .text.BusFault_Handler
                0x08004ba2        0x2 CMakeFiles/LED-Test.elf.dir/Src/stm32g4xx_it.c.obj
                0x08004ba2                BusFault_Handler
 .text.UsageFault_Handler
                0x08004ba4        0x2 CMakeFiles/LED-Test.elf.dir/Src/stm32g4xx_it.c.obj
                0x08004ba4                UsageFault_Handler
 .text.SVC_Handler
                0x08004ba6        0x2 CMakeFiles/LED-Test.elf.dir/Src/stm32g4xx_it.c.obj
                0x08004ba6                SVC_Handler
 .text.DebugMon_Handler
                0x08004ba8        0x2 CMakeFiles/LED-Test.elf.dir/Src/stm32g4xx_it.c.obj
                0x08004ba8                DebugMon_Handler
 .text.PendSV_Handler
                0x08004baa        0x2 CMakeFiles/LED-Test.elf.dir/Src/stm32g4xx_it.c.obj
                0x08004baa                PendSV_Handler
 .text.SysTick_Handler
                0x08004bac        0x8 CMakeFiles/LED-Test.elf.dir/Src/stm32g4xx_it.c.obj
                0x08004bac                SysTick_Handler
 .text.ADC1_2_IRQHandler
                0x08004bb4       0x10 CMakeFiles/LED-Test.elf.dir/Src/stm32g4xx_it.c.obj
                0x08004bb4                ADC1_2_IRQHandler
 .text.USART1_IRQHandler
                0x08004bc4       0x10 CMakeFiles/LED-Test.elf.dir/Src/stm32g4xx_it.c.obj
                0x08004bc4                USART1_IRQHandler
 .text.TIM8_UP_IRQHandler
                0x08004bd4       0x10 CMakeFiles/LED-Test.elf.dir/Src/stm32g4xx_it.c.obj
                0x08004bd4                TIM8_UP_IRQHandler
 .text._getpid  0x08004be4        0x4 CMakeFiles/LED-Test.elf.dir/Src/syscalls.c.obj
                0x08004be4                _getpid
 .text._kill    0x08004be8       0x10 CMakeFiles/LED-Test.elf.dir/Src/syscalls.c.obj
                0x08004be8                _kill
 .text._exit    0x08004bf8        0xc CMakeFiles/LED-Test.elf.dir/Src/syscalls.c.obj
                0x08004bf8                _exit
 .text._read    0x08004c04       0x20 CMakeFiles/LED-Test.elf.dir/Src/syscalls.c.obj
                0x08004c04                _read
 .text._write   0x08004c24       0x1c CMakeFiles/LED-Test.elf.dir/Src/syscalls.c.obj
                0x08004c24                _write
 .text._close   0x08004c40        0x6 CMakeFiles/LED-Test.elf.dir/Src/syscalls.c.obj
                0x08004c40                _close
 .text._fstat   0x08004c46        0xa CMakeFiles/LED-Test.elf.dir/Src/syscalls.c.obj
                0x08004c46                _fstat
 .text._isatty  0x08004c50        0x4 CMakeFiles/LED-Test.elf.dir/Src/syscalls.c.obj
                0x08004c50                _isatty
 .text._lseek   0x08004c54        0x4 CMakeFiles/LED-Test.elf.dir/Src/syscalls.c.obj
                0x08004c54                _lseek
 .text._sbrk    0x08004c58       0x48 CMakeFiles/LED-Test.elf.dir/Src/sysmem.c.obj
                0x08004c58                _sbrk
 .text.SystemInit
                0x08004ca0        0x2 CMakeFiles/LED-Test.elf.dir/Src/system_stm32g4xx.c.obj
                0x08004ca0                SystemInit
 *fill*         0x08004ca2        0x2 
 .text.MX_TIM8_Init
                0x08004ca4       0x78 CMakeFiles/LED-Test.elf.dir/Src/tim.c.obj
                0x08004ca4                MX_TIM8_Init
 .text.HAL_TIM_Base_MspInit
                0x08004d1c       0x40 CMakeFiles/LED-Test.elf.dir/Src/tim.c.obj
                0x08004d1c                HAL_TIM_Base_MspInit
 .text.MX_USART1_UART_Init
                0x08004d5c       0x68 CMakeFiles/LED-Test.elf.dir/Src/usart.c.obj
                0x08004d5c                MX_USART1_UART_Init
 .text.HAL_UART_MspInit
                0x08004dc4       0x74 CMakeFiles/LED-Test.elf.dir/Src/usart.c.obj
                0x08004dc4                HAL_UART_MspInit
 .text.Reset_Handler
                0x08004e38       0x50 CMakeFiles/LED-Test.elf.dir/Startup/startup_stm32g431rbtx.s.obj
                0x08004e38                Reset_Handler
 .text.Default_Handler
                0x08004e88        0x2 CMakeFiles/LED-Test.elf.dir/Startup/startup_stm32g431rbtx.s.obj
                0x08004e88                RTC_Alarm_IRQHandler
                0x08004e88                EXTI2_IRQHandler
                0x08004e88                TIM8_TRG_COM_IRQHandler
                0x08004e88                TIM8_CC_IRQHandler
                0x08004e88                TIM1_CC_IRQHandler
                0x08004e88                USB_HP_IRQHandler
                0x08004e88                CORDIC_IRQHandler
                0x08004e88                EXTI3_IRQHandler
                0x08004e88                I2C3_ER_IRQHandler
                0x08004e88                EXTI0_IRQHandler
                0x08004e88                I2C2_EV_IRQHandler
                0x08004e88                FPU_IRQHandler
                0x08004e88                FDCAN1_IT1_IRQHandler
                0x08004e88                TIM1_UP_TIM16_IRQHandler
                0x08004e88                SPI1_IRQHandler
                0x08004e88                TIM6_DAC_IRQHandler
                0x08004e88                DMA2_Channel2_IRQHandler
                0x08004e88                DMA1_Channel4_IRQHandler
                0x08004e88                USART3_IRQHandler
                0x08004e88                TIM4_IRQHandler
                0x08004e88                DMA2_Channel1_IRQHandler
                0x08004e88                I2C1_EV_IRQHandler
                0x08004e88                DMA1_Channel6_IRQHandler
                0x08004e88                UART4_IRQHandler
                0x08004e88                DMA2_Channel4_IRQHandler
                0x08004e88                TIM3_IRQHandler
                0x08004e88                RCC_IRQHandler
                0x08004e88                DMA1_Channel1_IRQHandler
                0x08004e88                Default_Handler
                0x08004e88                RTC_TAMP_LSECSS_IRQHandler
                0x08004e88                FMAC_IRQHandler
                0x08004e88                EXTI15_10_IRQHandler
                0x08004e88                TIM7_IRQHandler
                0x08004e88                UCPD1_IRQHandler
                0x08004e88                I2C3_EV_IRQHandler
                0x08004e88                EXTI9_5_IRQHandler
                0x08004e88                RTC_WKUP_IRQHandler
                0x08004e88                PVD_PVM_IRQHandler
                0x08004e88                SPI2_IRQHandler
                0x08004e88                DMA2_Channel5_IRQHandler
                0x08004e88                CRS_IRQHandler
                0x08004e88                DMA1_Channel5_IRQHandler
                0x08004e88                USB_LP_IRQHandler
                0x08004e88                EXTI4_IRQHandler
                0x08004e88                RNG_IRQHandler
                0x08004e88                TIM1_TRG_COM_TIM17_IRQHandler
                0x08004e88                DMA1_Channel3_IRQHandler
                0x08004e88                WWDG_IRQHandler
                0x08004e88                LPUART1_IRQHandler
                0x08004e88                DMA2_Channel6_IRQHandler
                0x08004e88                FDCAN1_IT0_IRQHandler
                0x08004e88                TIM2_IRQHandler
                0x08004e88                COMP1_2_3_IRQHandler
                0x08004e88                EXTI1_IRQHandler
                0x08004e88                USART2_IRQHandler
                0x08004e88                I2C2_ER_IRQHandler
                0x08004e88                DMA1_Channel2_IRQHandler
                0x08004e88                TIM8_BRK_IRQHandler
                0x08004e88                FLASH_IRQHandler
                0x08004e88                SPI3_IRQHandler
                0x08004e88                I2C1_ER_IRQHandler
                0x08004e88                LPTIM1_IRQHandler
                0x08004e88                DMAMUX_OVR_IRQHandler
                0x08004e88                USBWakeUp_IRQHandler
                0x08004e88                SAI1_IRQHandler
                0x08004e88                DMA2_Channel3_IRQHandler
                0x08004e88                COMP4_IRQHandler
                0x08004e88                TIM1_BRK_TIM15_IRQHandler
 *fill*         0x08004e8a        0x2 
 .text.LCD_Write
                0x08004e8c       0x60 CMakeFiles/LED-Test.elf.dir/UserLib/Src/lcd.c.obj
                0x08004e8c                LCD_Write
 .text.LCD_WriteReg
                0x08004eec       0x16 CMakeFiles/LED-Test.elf.dir/UserLib/Src/lcd.c.obj
                0x08004eec                LCD_WriteReg
 .text.LCD_SetCursor
                0x08004f02       0x16 CMakeFiles/LED-Test.elf.dir/UserLib/Src/lcd.c.obj
                0x08004f02                LCD_SetCursor
 .text.LCD_WriteRAM_Prepare
                0x08004f18        0xc CMakeFiles/LED-Test.elf.dir/UserLib/Src/lcd.c.obj
                0x08004f18                LCD_WriteRAM_Prepare
 .text.LCD_WriteRAM
                0x08004f24        0xc CMakeFiles/LED-Test.elf.dir/UserLib/Src/lcd.c.obj
                0x08004f24                LCD_WriteRAM
 .text.LCD_DrawChar
                0x08004f30       0x5c CMakeFiles/LED-Test.elf.dir/UserLib/Src/lcd.c.obj
                0x08004f30                LCD_DrawChar
 .text.LCD_Init
                0x08004f8c       0x4e CMakeFiles/LED-Test.elf.dir/UserLib/Src/lcd.c.obj
                0x08004f8c                LCD_Init
 .text.LCD_Clear
                0x08004fda       0x24 CMakeFiles/LED-Test.elf.dir/UserLib/Src/lcd.c.obj
                0x08004fda                LCD_Clear
 *fill*         0x08004ffe        0x2 
 .text.LCD_SetTextColor
                0x08005000        0xc CMakeFiles/LED-Test.elf.dir/UserLib/Src/lcd.c.obj
                0x08005000                LCD_SetTextColor
 .text.LCD_SetBackColor
                0x0800500c        0xc CMakeFiles/LED-Test.elf.dir/UserLib/Src/lcd.c.obj
                0x0800500c                LCD_SetBackColor
 .text.LCD_DisplayChar
                0x08005018       0x1c CMakeFiles/LED-Test.elf.dir/UserLib/Src/lcd.c.obj
                0x08005018                LCD_DisplayChar
 .text.LCD_DisplayStringLine
                0x08005034       0x2a CMakeFiles/LED-Test.elf.dir/UserLib/Src/lcd.c.obj
                0x08005034                LCD_DisplayStringLine
 *fill*         0x0800505e        0x2 
 .text.LED_Displacement
                0x08005060       0x2c CMakeFiles/LED-Test.elf.dir/UserLib/Src/led.c.obj
                0x08005060                LED_Displacement
 .text.LED_Unlock
                0x0800508c       0x20 CMakeFiles/LED-Test.elf.dir/UserLib/Src/led.c.obj
                0x0800508c                LED_Unlock
 .text.LED_Process
                0x080050ac        0xc CMakeFiles/LED-Test.elf.dir/UserLib/Src/led.c.obj
                0x080050ac                LED_Process
 .text.__errno  0x080050b8        0xc d:/progra~1/gnuarm~1/102021~1.10/bin/../lib/gcc/arm-none-eabi/10.3.1/../../../../arm-none-eabi/lib/thumb/v7e-m/nofp\libc.a(lib_a-errno.o)
                0x080050b8                __errno
 .text.__libc_init_array
                0x080050c4       0x48 d:/progra~1/gnuarm~1/102021~1.10/bin/../lib/gcc/arm-none-eabi/10.3.1/../../../../arm-none-eabi/lib/thumb/v7e-m/nofp\libc.a(lib_a-init.o)
                0x080050c4                __libc_init_array
 .text.memset   0x0800510c       0xa4 d:/progra~1/gnuarm~1/102021~1.10/bin/../lib/gcc/arm-none-eabi/10.3.1/../../../../arm-none-eabi/lib/thumb/v7e-m/nofp\libc.a(lib_a-memset.o)
                0x0800510c                memset
 .text.sprintf  0x080051b0       0x40 d:/progra~1/gnuarm~1/102021~1.10/bin/../lib/gcc/arm-none-eabi/10.3.1/../../../../arm-none-eabi/lib/thumb/v7e-m/nofp\libc.a(lib_a-sprintf.o)
                0x080051b0                sprintf
 .text._svfprintf_r
                0x080051f0     0x1a3c d:/progra~1/gnuarm~1/102021~1.10/bin/../lib/gcc/arm-none-eabi/10.3.1/../../../../arm-none-eabi/lib/thumb/v7e-m/nofp\libc.a(lib_a-svfprintf.o)
                0x080051f0                _svfprintf_r
 .text.startup.register_fini
                0x08006c2c       0x14 d:/progra~1/gnuarm~1/102021~1.10/bin/../lib/gcc/arm-none-eabi/10.3.1/../../../../arm-none-eabi/lib/thumb/v7e-m/nofp\libc.a(lib_a-__call_atexit.o)
 .text.atexit   0x08006c40        0xc d:/progra~1/gnuarm~1/102021~1.10/bin/../lib/gcc/arm-none-eabi/10.3.1/../../../../arm-none-eabi/lib/thumb/v7e-m/nofp\libc.a(lib_a-atexit.o)
                0x08006c40                atexit
 .text.quorem   0x08006c4c      0x124 d:/progra~1/gnuarm~1/102021~1.10/bin/../lib/gcc/arm-none-eabi/10.3.1/../../../../arm-none-eabi/lib/thumb/v7e-m/nofp\libc.a(lib_a-dtoa.o)
 .text._dtoa_r  0x08006d70      0xec4 d:/progra~1/gnuarm~1/102021~1.10/bin/../lib/gcc/arm-none-eabi/10.3.1/../../../../arm-none-eabi/lib/thumb/v7e-m/nofp\libc.a(lib_a-dtoa.o)
                0x08006d70                _dtoa_r
 .text.__libc_fini_array
                0x08007c34       0x2c d:/progra~1/gnuarm~1/102021~1.10/bin/../lib/gcc/arm-none-eabi/10.3.1/../../../../arm-none-eabi/lib/thumb/v7e-m/nofp\libc.a(lib_a-fini.o)
                0x08007c34                __libc_fini_array
 .text._malloc_trim_r
                0x08007c60       0xa0 d:/progra~1/gnuarm~1/102021~1.10/bin/../lib/gcc/arm-none-eabi/10.3.1/../../../../arm-none-eabi/lib/thumb/v7e-m/nofp\libc.a(lib_a-freer.o)
                0x08007c60                _malloc_trim_r
 .text._free_r  0x08007d00      0x20c d:/progra~1/gnuarm~1/102021~1.10/bin/../lib/gcc/arm-none-eabi/10.3.1/../../../../arm-none-eabi/lib/thumb/v7e-m/nofp\libc.a(lib_a-freer.o)
                0x08007d00                _free_r
 .text._localeconv_r
                0x08007f0c        0x8 d:/progra~1/gnuarm~1/102021~1.10/bin/../lib/gcc/arm-none-eabi/10.3.1/../../../../arm-none-eabi/lib/thumb/v7e-m/nofp\libc.a(lib_a-localeconv.o)
                0x08007f0c                _localeconv_r
 .text.__retarget_lock_init_recursive
                0x08007f14        0x4 d:/progra~1/gnuarm~1/102021~1.10/bin/../lib/gcc/arm-none-eabi/10.3.1/../../../../arm-none-eabi/lib/thumb/v7e-m/nofp\libc.a(lib_a-lock.o)
                0x08007f14                __retarget_lock_init_recursive
 .text.__retarget_lock_close_recursive
                0x08007f18        0x4 d:/progra~1/gnuarm~1/102021~1.10/bin/../lib/gcc/arm-none-eabi/10.3.1/../../../../arm-none-eabi/lib/thumb/v7e-m/nofp\libc.a(lib_a-lock.o)
                0x08007f18                __retarget_lock_close_recursive
 .text.__retarget_lock_acquire_recursive
                0x08007f1c        0x4 d:/progra~1/gnuarm~1/102021~1.10/bin/../lib/gcc/arm-none-eabi/10.3.1/../../../../arm-none-eabi/lib/thumb/v7e-m/nofp\libc.a(lib_a-lock.o)
                0x08007f1c                __retarget_lock_acquire_recursive
 .text.__retarget_lock_release_recursive
                0x08007f20        0x4 d:/progra~1/gnuarm~1/102021~1.10/bin/../lib/gcc/arm-none-eabi/10.3.1/../../../../arm-none-eabi/lib/thumb/v7e-m/nofp\libc.a(lib_a-lock.o)
                0x08007f20                __retarget_lock_release_recursive
 .text._malloc_r
                0x08007f24      0x560 d:/progra~1/gnuarm~1/102021~1.10/bin/../lib/gcc/arm-none-eabi/10.3.1/../../../../arm-none-eabi/lib/thumb/v7e-m/nofp\libc.a(lib_a-mallocr.o)
                0x08007f24                _malloc_r
 .text.__malloc_lock
                0x08008484        0xc d:/progra~1/gnuarm~1/102021~1.10/bin/../lib/gcc/arm-none-eabi/10.3.1/../../../../arm-none-eabi/lib/thumb/v7e-m/nofp\libc.a(lib_a-mlock.o)
                0x08008484                __malloc_lock
 .text.__malloc_unlock
                0x08008490        0xc d:/progra~1/gnuarm~1/102021~1.10/bin/../lib/gcc/arm-none-eabi/10.3.1/../../../../arm-none-eabi/lib/thumb/v7e-m/nofp\libc.a(lib_a-mlock.o)
                0x08008490                __malloc_unlock
 .text._Balloc  0x0800849c       0x4c d:/progra~1/gnuarm~1/102021~1.10/bin/../lib/gcc/arm-none-eabi/10.3.1/../../../../arm-none-eabi/lib/thumb/v7e-m/nofp\libc.a(lib_a-mprec.o)
                0x0800849c                _Balloc
 .text._Bfree   0x080084e8       0x14 d:/progra~1/gnuarm~1/102021~1.10/bin/../lib/gcc/arm-none-eabi/10.3.1/../../../../arm-none-eabi/lib/thumb/v7e-m/nofp\libc.a(lib_a-mprec.o)
                0x080084e8                _Bfree
 .text.__multadd
                0x080084fc       0xa0 d:/progra~1/gnuarm~1/102021~1.10/bin/../lib/gcc/arm-none-eabi/10.3.1/../../../../arm-none-eabi/lib/thumb/v7e-m/nofp\libc.a(lib_a-mprec.o)
                0x080084fc                __multadd
 .text.__hi0bits
                0x0800859c       0x40 d:/progra~1/gnuarm~1/102021~1.10/bin/../lib/gcc/arm-none-eabi/10.3.1/../../../../arm-none-eabi/lib/thumb/v7e-m/nofp\libc.a(lib_a-mprec.o)
                0x0800859c                __hi0bits
 .text.__lo0bits
                0x080085dc       0x5c d:/progra~1/gnuarm~1/102021~1.10/bin/../lib/gcc/arm-none-eabi/10.3.1/../../../../arm-none-eabi/lib/thumb/v7e-m/nofp\libc.a(lib_a-mprec.o)
                0x080085dc                __lo0bits
 .text.__i2b    0x08008638       0x5c d:/progra~1/gnuarm~1/102021~1.10/bin/../lib/gcc/arm-none-eabi/10.3.1/../../../../arm-none-eabi/lib/thumb/v7e-m/nofp\libc.a(lib_a-mprec.o)
                0x08008638                __i2b
 .text.__multiply
                0x08008694      0x15c d:/progra~1/gnuarm~1/102021~1.10/bin/../lib/gcc/arm-none-eabi/10.3.1/../../../../arm-none-eabi/lib/thumb/v7e-m/nofp\libc.a(lib_a-mprec.o)
                0x08008694                __multiply
 .text.__pow5mult
                0x080087f0       0xc0 d:/progra~1/gnuarm~1/102021~1.10/bin/../lib/gcc/arm-none-eabi/10.3.1/../../../../arm-none-eabi/lib/thumb/v7e-m/nofp\libc.a(lib_a-mprec.o)
                0x080087f0                __pow5mult
 .text.__lshift
                0x080088b0       0xf0 d:/progra~1/gnuarm~1/102021~1.10/bin/../lib/gcc/arm-none-eabi/10.3.1/../../../../arm-none-eabi/lib/thumb/v7e-m/nofp\libc.a(lib_a-mprec.o)
                0x080088b0                __lshift
 .text.__mcmp   0x080089a0       0x40 d:/progra~1/gnuarm~1/102021~1.10/bin/../lib/gcc/arm-none-eabi/10.3.1/../../../../arm-none-eabi/lib/thumb/v7e-m/nofp\libc.a(lib_a-mprec.o)
                0x080089a0                __mcmp
 .text.__mdiff  0x080089e0      0x14c d:/progra~1/gnuarm~1/102021~1.10/bin/../lib/gcc/arm-none-eabi/10.3.1/../../../../arm-none-eabi/lib/thumb/v7e-m/nofp\libc.a(lib_a-mprec.o)
                0x080089e0                __mdiff
 .text.__d2b    0x08008b2c       0xc4 d:/progra~1/gnuarm~1/102021~1.10/bin/../lib/gcc/arm-none-eabi/10.3.1/../../../../arm-none-eabi/lib/thumb/v7e-m/nofp\libc.a(lib_a-mprec.o)
                0x08008b2c                __d2b
 .text.frexp    0x08008bf0       0x70 d:/progra~1/gnuarm~1/102021~1.10/bin/../lib/gcc/arm-none-eabi/10.3.1/../../../../arm-none-eabi/lib/thumb/v7e-m/nofp\libc.a(lib_a-s_frexp.o)
                0x08008bf0                frexp
 .text._sbrk_r  0x08008c60       0x24 d:/progra~1/gnuarm~1/102021~1.10/bin/../lib/gcc/arm-none-eabi/10.3.1/../../../../arm-none-eabi/lib/thumb/v7e-m/nofp\libc.a(lib_a-sbrkr.o)
                0x08008c60                _sbrk_r
 .text.strncpy  0x08008c84       0x64 d:/progra~1/gnuarm~1/102021~1.10/bin/../lib/gcc/arm-none-eabi/10.3.1/../../../../arm-none-eabi/lib/thumb/v7e-m/nofp\libc.a(lib_a-strncpy.o)
                0x08008c84                strncpy
 .text.__ssprint_r
                0x08008ce8       0xf8 d:/progra~1/gnuarm~1/102021~1.10/bin/../lib/gcc/arm-none-eabi/10.3.1/../../../../arm-none-eabi/lib/thumb/v7e-m/nofp\libc.a(lib_a-svfiprintf.o)
                0x08008ce8                __ssprint_r
 .text.__register_exitproc
                0x08008de0       0x8c d:/progra~1/gnuarm~1/102021~1.10/bin/../lib/gcc/arm-none-eabi/10.3.1/../../../../arm-none-eabi/lib/thumb/v7e-m/nofp\libc.a(lib_a-__atexit.o)
                0x08008de0                __register_exitproc
 .text.__assert_func
                0x08008e6c       0x40 d:/progra~1/gnuarm~1/102021~1.10/bin/../lib/gcc/arm-none-eabi/10.3.1/../../../../arm-none-eabi/lib/thumb/v7e-m/nofp\libc.a(lib_a-assert.o)
                0x08008e6c                __assert_func
 .text._calloc_r
                0x08008eac       0x78 d:/progra~1/gnuarm~1/102021~1.10/bin/../lib/gcc/arm-none-eabi/10.3.1/../../../../arm-none-eabi/lib/thumb/v7e-m/nofp\libc.a(lib_a-callocr.o)
                0x08008eac                _calloc_r
 .text.fiprintf
                0x08008f24       0x28 d:/progra~1/gnuarm~1/102021~1.10/bin/../lib/gcc/arm-none-eabi/10.3.1/../../../../arm-none-eabi/lib/thumb/v7e-m/nofp\libc.a(lib_a-fiprintf.o)
                0x08008f24                fiprintf
 .text.__locale_mb_cur_max
                0x08008f4c        0xc d:/progra~1/gnuarm~1/102021~1.10/bin/../lib/gcc/arm-none-eabi/10.3.1/../../../../arm-none-eabi/lib/thumb/v7e-m/nofp\libc.a(lib_a-locale.o)
                0x08008f4c                __locale_mb_cur_max
 .text.__ascii_mbtowc
                0x08008f58       0x2c d:/progra~1/gnuarm~1/102021~1.10/bin/../lib/gcc/arm-none-eabi/10.3.1/../../../../arm-none-eabi/lib/thumb/v7e-m/nofp\libc.a(lib_a-mbtowc_r.o)
                0x08008f58                __ascii_mbtowc
 .text.memmove  0x08008f84       0xf8 d:/progra~1/gnuarm~1/102021~1.10/bin/../lib/gcc/arm-none-eabi/10.3.1/../../../../arm-none-eabi/lib/thumb/v7e-m/nofp\libc.a(lib_a-memmove.o)
                0x08008f84                memmove
 .text._realloc_r
                0x0800907c      0x3d8 d:/progra~1/gnuarm~1/102021~1.10/bin/../lib/gcc/arm-none-eabi/10.3.1/../../../../arm-none-eabi/lib/thumb/v7e-m/nofp\libc.a(lib_a-reallocr.o)
                0x0800907c                _realloc_r
 .text.__sprint_r.part.0
                0x08009454       0x78 d:/progra~1/gnuarm~1/102021~1.10/bin/../lib/gcc/arm-none-eabi/10.3.1/../../../../arm-none-eabi/lib/thumb/v7e-m/nofp\libc.a(lib_a-vfiprintf.o)
 .text._vfiprintf_r
                0x080094cc      0xda0 d:/progra~1/gnuarm~1/102021~1.10/bin/../lib/gcc/arm-none-eabi/10.3.1/../../../../arm-none-eabi/lib/thumb/v7e-m/nofp\libc.a(lib_a-vfiprintf.o)
                0x080094cc                _vfiprintf_r
 .text.__sbprintf
                0x0800a26c       0x80 d:/progra~1/gnuarm~1/102021~1.10/bin/../lib/gcc/arm-none-eabi/10.3.1/../../../../arm-none-eabi/lib/thumb/v7e-m/nofp\libc.a(lib_a-vfiprintf.o)
 .text.__ascii_wctomb
                0x0800a2ec       0x1c d:/progra~1/gnuarm~1/102021~1.10/bin/../lib/gcc/arm-none-eabi/10.3.1/../../../../arm-none-eabi/lib/thumb/v7e-m/nofp\libc.a(lib_a-wctomb_r.o)
                0x0800a2ec                __ascii_wctomb
 .text.__swsetup_r
                0x0800a308       0xd4 d:/progra~1/gnuarm~1/102021~1.10/bin/../lib/gcc/arm-none-eabi/10.3.1/../../../../arm-none-eabi/lib/thumb/v7e-m/nofp\libc.a(lib_a-wsetup.o)
                0x0800a308                __swsetup_r
 .text.abort    0x0800a3dc       0x10 d:/progra~1/gnuarm~1/102021~1.10/bin/../lib/gcc/arm-none-eabi/10.3.1/../../../../arm-none-eabi/lib/thumb/v7e-m/nofp\libc.a(lib_a-abort.o)
                0x0800a3dc                abort
 .text.__sflush_r
                0x0800a3ec      0x120 d:/progra~1/gnuarm~1/102021~1.10/bin/../lib/gcc/arm-none-eabi/10.3.1/../../../../arm-none-eabi/lib/thumb/v7e-m/nofp\libc.a(lib_a-fflush.o)
                0x0800a3ec                __sflush_r
 .text._fflush_r
                0x0800a50c       0x5c d:/progra~1/gnuarm~1/102021~1.10/bin/../lib/gcc/arm-none-eabi/10.3.1/../../../../arm-none-eabi/lib/thumb/v7e-m/nofp\libc.a(lib_a-fflush.o)
                0x0800a50c                _fflush_r
 .text._cleanup_r
                0x0800a568        0xc d:/progra~1/gnuarm~1/102021~1.10/bin/../lib/gcc/arm-none-eabi/10.3.1/../../../../arm-none-eabi/lib/thumb/v7e-m/nofp\libc.a(lib_a-findfp.o)
                0x0800a568                _cleanup_r
 .text.__sinit  0x0800a574      0x10c d:/progra~1/gnuarm~1/102021~1.10/bin/../lib/gcc/arm-none-eabi/10.3.1/../../../../arm-none-eabi/lib/thumb/v7e-m/nofp\libc.a(lib_a-findfp.o)
                0x0800a574                __sinit
 .text.__sfp_lock_acquire
                0x0800a680        0xc d:/progra~1/gnuarm~1/102021~1.10/bin/../lib/gcc/arm-none-eabi/10.3.1/../../../../arm-none-eabi/lib/thumb/v7e-m/nofp\libc.a(lib_a-findfp.o)
                0x0800a680                __sfp_lock_acquire
 .text.__sfp_lock_release
                0x0800a68c        0xc d:/progra~1/gnuarm~1/102021~1.10/bin/../lib/gcc/arm-none-eabi/10.3.1/../../../../arm-none-eabi/lib/thumb/v7e-m/nofp\libc.a(lib_a-findfp.o)
                0x0800a68c                __sfp_lock_release
 .text.__fputwc
                0x0800a698       0xa8 d:/progra~1/gnuarm~1/102021~1.10/bin/../lib/gcc/arm-none-eabi/10.3.1/../../../../arm-none-eabi/lib/thumb/v7e-m/nofp\libc.a(lib_a-fputwc.o)
                0x0800a698                __fputwc
 .text._fputwc_r
                0x0800a740       0x68 d:/progra~1/gnuarm~1/102021~1.10/bin/../lib/gcc/arm-none-eabi/10.3.1/../../../../arm-none-eabi/lib/thumb/v7e-m/nofp\libc.a(lib_a-fputwc.o)
                0x0800a740                _fputwc_r
 .text.__sfvwrite_r
                0x0800a7a8      0x2e8 d:/progra~1/gnuarm~1/102021~1.10/bin/../lib/gcc/arm-none-eabi/10.3.1/../../../../arm-none-eabi/lib/thumb/v7e-m/nofp\libc.a(lib_a-fvwrite.o)
                0x0800a7a8                __sfvwrite_r
 .text._fwalk_reent
                0x0800aa90       0x48 d:/progra~1/gnuarm~1/102021~1.10/bin/../lib/gcc/arm-none-eabi/10.3.1/../../../../arm-none-eabi/lib/thumb/v7e-m/nofp\libc.a(lib_a-fwalk.o)
                0x0800aa90                _fwalk_reent
 .text.__smakebuf_r
                0x0800aad8       0xe0 d:/progra~1/gnuarm~1/102021~1.10/bin/../lib/gcc/arm-none-eabi/10.3.1/../../../../arm-none-eabi/lib/thumb/v7e-m/nofp\libc.a(lib_a-makebuf.o)
                0x0800aad8                __smakebuf_r
 .text.raise    0x0800abb8       0x5c d:/progra~1/gnuarm~1/102021~1.10/bin/../lib/gcc/arm-none-eabi/10.3.1/../../../../arm-none-eabi/lib/thumb/v7e-m/nofp\libc.a(lib_a-signal.o)
                0x0800abb8                raise
 .text._kill_r  0x0800ac14       0x2c d:/progra~1/gnuarm~1/102021~1.10/bin/../lib/gcc/arm-none-eabi/10.3.1/../../../../arm-none-eabi/lib/thumb/v7e-m/nofp\libc.a(lib_a-signalr.o)
                0x0800ac14                _kill_r
 .text._getpid_r
                0x0800ac40        0x4 d:/progra~1/gnuarm~1/102021~1.10/bin/../lib/gcc/arm-none-eabi/10.3.1/../../../../arm-none-eabi/lib/thumb/v7e-m/nofp\libc.a(lib_a-signalr.o)
                0x0800ac40                _getpid_r
 .text.__sread  0x0800ac44       0x24 d:/progra~1/gnuarm~1/102021~1.10/bin/../lib/gcc/arm-none-eabi/10.3.1/../../../../arm-none-eabi/lib/thumb/v7e-m/nofp\libc.a(lib_a-stdio.o)
                0x0800ac44                __sread
 .text.__swrite
                0x0800ac68       0x40 d:/progra~1/gnuarm~1/102021~1.10/bin/../lib/gcc/arm-none-eabi/10.3.1/../../../../arm-none-eabi/lib/thumb/v7e-m/nofp\libc.a(lib_a-stdio.o)
                0x0800ac68                __swrite
 .text.__sseek  0x0800aca8       0x20 d:/progra~1/gnuarm~1/102021~1.10/bin/../lib/gcc/arm-none-eabi/10.3.1/../../../../arm-none-eabi/lib/thumb/v7e-m/nofp\libc.a(lib_a-stdio.o)
                0x0800aca8                __sseek
 .text.__sclose
                0x0800acc8        0x8 d:/progra~1/gnuarm~1/102021~1.10/bin/../lib/gcc/arm-none-eabi/10.3.1/../../../../arm-none-eabi/lib/thumb/v7e-m/nofp\libc.a(lib_a-stdio.o)
                0x0800acc8                __sclose
 .text.__swbuf_r
                0x0800acd0       0xb0 d:/progra~1/gnuarm~1/102021~1.10/bin/../lib/gcc/arm-none-eabi/10.3.1/../../../../arm-none-eabi/lib/thumb/v7e-m/nofp\libc.a(lib_a-wbuf.o)
                0x0800acd0                __swbuf_r
 .text._wcrtomb_r
                0x0800ad80       0x3c d:/progra~1/gnuarm~1/102021~1.10/bin/../lib/gcc/arm-none-eabi/10.3.1/../../../../arm-none-eabi/lib/thumb/v7e-m/nofp\libc.a(lib_a-wcrtomb.o)
                0x0800ad80                _wcrtomb_r
 .text._write_r
                0x0800adbc       0x2c d:/progra~1/gnuarm~1/102021~1.10/bin/../lib/gcc/arm-none-eabi/10.3.1/../../../../arm-none-eabi/lib/thumb/v7e-m/nofp\libc.a(lib_a-writer.o)
                0x0800adbc                _write_r
 .text._close_r
                0x0800ade8       0x24 d:/progra~1/gnuarm~1/102021~1.10/bin/../lib/gcc/arm-none-eabi/10.3.1/../../../../arm-none-eabi/lib/thumb/v7e-m/nofp\libc.a(lib_a-closer.o)
                0x0800ade8                _close_r
 .text._fclose_r
                0x0800ae0c       0xcc d:/progra~1/gnuarm~1/102021~1.10/bin/../lib/gcc/arm-none-eabi/10.3.1/../../../../arm-none-eabi/lib/thumb/v7e-m/nofp\libc.a(lib_a-fclose.o)
                0x0800ae0c                _fclose_r
 .text._fstat_r
                0x0800aed8       0x2c d:/progra~1/gnuarm~1/102021~1.10/bin/../lib/gcc/arm-none-eabi/10.3.1/../../../../arm-none-eabi/lib/thumb/v7e-m/nofp\libc.a(lib_a-fstatr.o)
                0x0800aed8                _fstat_r
 .text._isatty_r
                0x0800af04       0x24 d:/progra~1/gnuarm~1/102021~1.10/bin/../lib/gcc/arm-none-eabi/10.3.1/../../../../arm-none-eabi/lib/thumb/v7e-m/nofp\libc.a(lib_a-isattyr.o)
                0x0800af04                _isatty_r
 .text._lseek_r
                0x0800af28       0x2c d:/progra~1/gnuarm~1/102021~1.10/bin/../lib/gcc/arm-none-eabi/10.3.1/../../../../arm-none-eabi/lib/thumb/v7e-m/nofp\libc.a(lib_a-lseekr.o)
                0x0800af28                _lseek_r
 .text._read_r  0x0800af54       0x2c d:/progra~1/gnuarm~1/102021~1.10/bin/../lib/gcc/arm-none-eabi/10.3.1/../../../../arm-none-eabi/lib/thumb/v7e-m/nofp\libc.a(lib_a-readr.o)
                0x0800af54                _read_r
 *(.glue_7)
 .glue_7        0x0800af80        0x0 linker stubs
 *(.glue_7t)
 .glue_7t       0x0800af80        0x0 linker stubs
 *(.eh_frame)
 .eh_frame      0x0800af80        0x0 d:/progra~1/gnuarm~1/102021~1.10/bin/../lib/gcc/arm-none-eabi/10.3.1/thumb/v7e-m/nofp/crtbegin.o
 *(.init)
 .init          0x0800af80        0x4 d:/progra~1/gnuarm~1/102021~1.10/bin/../lib/gcc/arm-none-eabi/10.3.1/thumb/v7e-m/nofp/crti.o
                0x0800af80                _init
 .init          0x0800af84        0x8 d:/progra~1/gnuarm~1/102021~1.10/bin/../lib/gcc/arm-none-eabi/10.3.1/thumb/v7e-m/nofp/crtn.o
 *(.fini)
 .fini          0x0800af8c        0x4 d:/progra~1/gnuarm~1/102021~1.10/bin/../lib/gcc/arm-none-eabi/10.3.1/thumb/v7e-m/nofp/crti.o
                0x0800af8c                _fini
 .fini          0x0800af90        0x8 d:/progra~1/gnuarm~1/102021~1.10/bin/../lib/gcc/arm-none-eabi/10.3.1/thumb/v7e-m/nofp/crtn.o
                0x0800af98                . = ALIGN (0x4)
                0x0800af98                _etext = .

.vfp11_veneer   0x0800af98        0x0
 .vfp11_veneer  0x0800af98        0x0 linker stubs

.v4_bx          0x0800af98        0x0
 .v4_bx         0x0800af98        0x0 linker stubs

.iplt           0x0800af98        0x0
 .iplt          0x0800af98        0x0 d:/progra~1/gnuarm~1/102021~1.10/bin/../lib/gcc/arm-none-eabi/10.3.1/thumb/v7e-m/nofp/crtbegin.o

.rodata         0x0800af98      0x468
                0x0800af98                . = ALIGN (0x4)
 *(.rodata)
 *(.rodata*)
 .rodata.UARTPrescTable
                0x0800af98       0x18 CMakeFiles/LED-Test.elf.dir/Drivers/STM32G4xx_HAL_Driver/Src/stm32g4xx_hal_uart.c.obj
                0x0800af98                UARTPrescTable
 .rodata.denominator.0
                0x0800afb0        0x8 CMakeFiles/LED-Test.elf.dir/Drivers/STM32G4xx_HAL_Driver/Src/stm32g4xx_hal_uart_ex.c.obj
 .rodata.numerator.1
                0x0800afb8        0x8 CMakeFiles/LED-Test.elf.dir/Drivers/STM32G4xx_HAL_Driver/Src/stm32g4xx_hal_uart_ex.c.obj
 .rodata.HAL_UART_RxCpltCallback.str1.4
                0x0800afc0        0xf CMakeFiles/LED-Test.elf.dir/Src/main.c.obj
 *fill*         0x0800afcf        0x1 
 .rodata.LCD_Proc.str1.4
                0x0800afd0       0x16 CMakeFiles/LED-Test.elf.dir/Src/main.c.obj
 *fill*         0x0800afe6        0x2 
 .rodata.AHBPrescTable
                0x0800afe8       0x10 CMakeFiles/LED-Test.elf.dir/Src/system_stm32g4xx.c.obj
                0x0800afe8                AHBPrescTable
 .rodata.APBPrescTable
                0x0800aff8        0x8 CMakeFiles/LED-Test.elf.dir/Src/system_stm32g4xx.c.obj
                0x0800aff8                APBPrescTable
 .rodata._global_impure_ptr
                0x0800b000        0x4 d:/progra~1/gnuarm~1/102021~1.10/bin/../lib/gcc/arm-none-eabi/10.3.1/../../../../arm-none-eabi/lib/thumb/v7e-m/nofp\libc.a(lib_a-impure.o)
                0x0800b000                _global_impure_ptr
 .rodata._svfprintf_r.str1.4
                0x0800b004       0x42 d:/progra~1/gnuarm~1/102021~1.10/bin/../lib/gcc/arm-none-eabi/10.3.1/../../../../arm-none-eabi/lib/thumb/v7e-m/nofp\libc.a(lib_a-svfprintf.o)
 *fill*         0x0800b046        0x2 
 .rodata.blanks.1
                0x0800b048       0x10 d:/progra~1/gnuarm~1/102021~1.10/bin/../lib/gcc/arm-none-eabi/10.3.1/../../../../arm-none-eabi/lib/thumb/v7e-m/nofp\libc.a(lib_a-svfprintf.o)
 .rodata.zeroes.0
                0x0800b058       0x10 d:/progra~1/gnuarm~1/102021~1.10/bin/../lib/gcc/arm-none-eabi/10.3.1/../../../../arm-none-eabi/lib/thumb/v7e-m/nofp\libc.a(lib_a-svfprintf.o)
 .rodata._dtoa_r.str1.4
                0x0800b068       0xa2 d:/progra~1/gnuarm~1/102021~1.10/bin/../lib/gcc/arm-none-eabi/10.3.1/../../../../arm-none-eabi/lib/thumb/v7e-m/nofp\libc.a(lib_a-dtoa.o)
                                 0xa6 (size before relaxing)
 *fill*         0x0800b10a        0x2 
 .rodata.__multadd.str1.4
                0x0800b10c       0x7f d:/progra~1/gnuarm~1/102021~1.10/bin/../lib/gcc/arm-none-eabi/10.3.1/../../../../arm-none-eabi/lib/thumb/v7e-m/nofp\libc.a(lib_a-mprec.o)
                                 0x93 (size before relaxing)
 *fill*         0x0800b18b        0x5 
 .rodata.__mprec_bigtens
                0x0800b190       0x28 d:/progra~1/gnuarm~1/102021~1.10/bin/../lib/gcc/arm-none-eabi/10.3.1/../../../../arm-none-eabi/lib/thumb/v7e-m/nofp\libc.a(lib_a-mprec.o)
                0x0800b190                __mprec_bigtens
 .rodata.__mprec_tens
                0x0800b1b8       0xc8 d:/progra~1/gnuarm~1/102021~1.10/bin/../lib/gcc/arm-none-eabi/10.3.1/../../../../arm-none-eabi/lib/thumb/v7e-m/nofp\libc.a(lib_a-mprec.o)
                0x0800b1b8                __mprec_tens
 .rodata.p05.0  0x0800b280        0xc d:/progra~1/gnuarm~1/102021~1.10/bin/../lib/gcc/arm-none-eabi/10.3.1/../../../../arm-none-eabi/lib/thumb/v7e-m/nofp\libc.a(lib_a-mprec.o)
 .rodata.__assert_func.str1.4
                0x0800b28c       0x3f d:/progra~1/gnuarm~1/102021~1.10/bin/../lib/gcc/arm-none-eabi/10.3.1/../../../../arm-none-eabi/lib/thumb/v7e-m/nofp\libc.a(lib_a-assert.o)
                                 0x43 (size before relaxing)
 *fill*         0x0800b2cb        0x1 
 .rodata._setlocale_r.str1.4
                0x0800b2cc        0xa d:/progra~1/gnuarm~1/102021~1.10/bin/../lib/gcc/arm-none-eabi/10.3.1/../../../../arm-none-eabi/lib/thumb/v7e-m/nofp\libc.a(lib_a-locale.o)
                                  0xd (size before relaxing)
 *fill*         0x0800b2d6        0x2 
 .rodata.str1.4
                0x0800b2d8        0x2 d:/progra~1/gnuarm~1/102021~1.10/bin/../lib/gcc/arm-none-eabi/10.3.1/../../../../arm-none-eabi/lib/thumb/v7e-m/nofp\libc.a(lib_a-locale.o)
 .rodata._vfiprintf_r.str1.4
                0x0800b2da       0x2f d:/progra~1/gnuarm~1/102021~1.10/bin/../lib/gcc/arm-none-eabi/10.3.1/../../../../arm-none-eabi/lib/thumb/v7e-m/nofp\libc.a(lib_a-vfiprintf.o)
 *fill*         0x0800b2da        0x2 
 .rodata.blanks.1
                0x0800b2dc       0x10 d:/progra~1/gnuarm~1/102021~1.10/bin/../lib/gcc/arm-none-eabi/10.3.1/../../../../arm-none-eabi/lib/thumb/v7e-m/nofp\libc.a(lib_a-vfiprintf.o)
 .rodata.zeroes.0
                0x0800b2ec       0x10 d:/progra~1/gnuarm~1/102021~1.10/bin/../lib/gcc/arm-none-eabi/10.3.1/../../../../arm-none-eabi/lib/thumb/v7e-m/nofp\libc.a(lib_a-vfiprintf.o)
 .rodata._ctype_
                0x0800b2fc      0x101 d:/progra~1/gnuarm~1/102021~1.10/bin/../lib/gcc/arm-none-eabi/10.3.1/../../../../arm-none-eabi/lib/thumb/v7e-m/nofp\libc.a(lib_a-ctype_.o)
                0x0800b2fc                _ctype_
                0x0800b400                . = ALIGN (0x4)
 *fill*         0x0800b3fd        0x3 

.ARM.extab      0x0800b400        0x0
                0x0800b400                . = ALIGN (0x4)
 *(.ARM.extab* .gnu.linkonce.armextab.*)
                0x0800b400                . = ALIGN (0x4)

.ARM            0x0800b400        0x8
                0x0800b400                . = ALIGN (0x4)
                0x0800b400                __exidx_start = .
 *(.ARM.exidx*)
 .ARM.exidx     0x0800b400        0x8 d:/progra~1/gnuarm~1/102021~1.10/bin/../lib/gcc/arm-none-eabi/10.3.1/thumb/v7e-m/nofp\libgcc.a(_udivmoddi4.o)
                0x0800b408                __exidx_end = .
                0x0800b408                . = ALIGN (0x4)

.rel.dyn        0x0800b408        0x0
 .rel.iplt      0x0800b408        0x0 d:/progra~1/gnuarm~1/102021~1.10/bin/../lib/gcc/arm-none-eabi/10.3.1/thumb/v7e-m/nofp/crtbegin.o

.preinit_array  0x0800b408        0x0
                0x0800b408                . = ALIGN (0x4)
                0x0800b408                PROVIDE (__preinit_array_start = .)
 *(.preinit_array*)
                0x0800b408                PROVIDE (__preinit_array_end = .)
                0x0800b408                . = ALIGN (0x4)

.init_array     0x0800b408        0x8
                0x0800b408                . = ALIGN (0x4)
                0x0800b408                PROVIDE (__init_array_start = .)
 *(SORT_BY_NAME(.init_array.*))
 .init_array.00000
                0x0800b408        0x4 d:/progra~1/gnuarm~1/102021~1.10/bin/../lib/gcc/arm-none-eabi/10.3.1/../../../../arm-none-eabi/lib/thumb/v7e-m/nofp\libc.a(lib_a-__call_atexit.o)
 *(.init_array*)
 .init_array    0x0800b40c        0x4 d:/progra~1/gnuarm~1/102021~1.10/bin/../lib/gcc/arm-none-eabi/10.3.1/thumb/v7e-m/nofp/crtbegin.o
                0x0800b410                PROVIDE (__init_array_end = .)
                0x0800b410                . = ALIGN (0x4)

.fini_array     0x0800b410        0x4
                0x0800b410                . = ALIGN (0x4)
                0x0800b410                PROVIDE (__fini_array_start = .)
 *(SORT_BY_NAME(.fini_array.*))
 *(.fini_array*)
 .fini_array    0x0800b410        0x4 d:/progra~1/gnuarm~1/102021~1.10/bin/../lib/gcc/arm-none-eabi/10.3.1/thumb/v7e-m/nofp/crtbegin.o
                0x0800b414                PROVIDE (__fini_array_end = .)
                0x0800b414                . = ALIGN (0x4)
                0x0800b414                _sidata = LOADADDR (.data)

.data           0x20000000     0x1b90 load address 0x0800b414
                0x20000000                . = ALIGN (0x4)
                0x20000000                _sdata = .
 *(.data)
 *(.data*)
 .data.uwTickFreq
                0x20000000        0x4 CMakeFiles/LED-Test.elf.dir/Drivers/STM32G4xx_HAL_Driver/Src/stm32g4xx_hal.c.obj
                0x20000000                uwTickFreq
 .data.uwTickPrio
                0x20000004        0x4 CMakeFiles/LED-Test.elf.dir/Drivers/STM32G4xx_HAL_Driver/Src/stm32g4xx_hal.c.obj
                0x20000004                uwTickPrio
 .data.ledODR   0x20000008        0x1 CMakeFiles/LED-Test.elf.dir/Src/main.c.obj
                0x20000008                ledODR
 .data.ucCnt    0x20000009        0x1 CMakeFiles/LED-Test.elf.dir/Src/main.c.obj
                0x20000009                ucCnt
 .data.ucSec    0x2000000a        0x1 CMakeFiles/LED-Test.elf.dir/Src/main.c.obj
                0x2000000a                ucSec
 *fill*         0x2000000b        0x1 
 .data.SystemCoreClock
                0x2000000c        0x4 CMakeFiles/LED-Test.elf.dir/Src/system_stm32g4xx.c.obj
                0x2000000c                SystemCoreClock
 .data.ASCII_Table
                0x20000010     0x11d0 CMakeFiles/LED-Test.elf.dir/UserLib/Src/lcd.c.obj
                0x20000010                ASCII_Table
 .data.BackColor
                0x200011e0        0x2 CMakeFiles/LED-Test.elf.dir/UserLib/Src/lcd.c.obj
                0x200011e0                BackColor
 *fill*         0x200011e2        0x2 
 .data._impure_ptr
                0x200011e4        0x4 d:/progra~1/gnuarm~1/102021~1.10/bin/../lib/gcc/arm-none-eabi/10.3.1/../../../../arm-none-eabi/lib/thumb/v7e-m/nofp\libc.a(lib_a-impure.o)
                0x200011e4                _impure_ptr
 .data.impure_data
                0x200011e8      0x428 d:/progra~1/gnuarm~1/102021~1.10/bin/../lib/gcc/arm-none-eabi/10.3.1/../../../../arm-none-eabi/lib/thumb/v7e-m/nofp\libc.a(lib_a-impure.o)
 .data.__atexit_recursive_mutex
                0x20001610        0x4 d:/progra~1/gnuarm~1/102021~1.10/bin/../lib/gcc/arm-none-eabi/10.3.1/../../../../arm-none-eabi/lib/thumb/v7e-m/nofp\libc.a(lib_a-__call_atexit.o)
                0x20001610                __atexit_recursive_mutex
 .data.__malloc_av_
                0x20001614      0x408 d:/progra~1/gnuarm~1/102021~1.10/bin/../lib/gcc/arm-none-eabi/10.3.1/../../../../arm-none-eabi/lib/thumb/v7e-m/nofp\libc.a(lib_a-mallocr.o)
                0x20001614                __malloc_av_
 .data.__malloc_sbrk_base
                0x20001a1c        0x4 d:/progra~1/gnuarm~1/102021~1.10/bin/../lib/gcc/arm-none-eabi/10.3.1/../../../../arm-none-eabi/lib/thumb/v7e-m/nofp\libc.a(lib_a-mallocr.o)
                0x20001a1c                __malloc_sbrk_base
 .data.__malloc_trim_threshold
                0x20001a20        0x4 d:/progra~1/gnuarm~1/102021~1.10/bin/../lib/gcc/arm-none-eabi/10.3.1/../../../../arm-none-eabi/lib/thumb/v7e-m/nofp\libc.a(lib_a-mallocr.o)
                0x20001a20                __malloc_trim_threshold
 .data.__global_locale
                0x20001a24      0x16c d:/progra~1/gnuarm~1/102021~1.10/bin/../lib/gcc/arm-none-eabi/10.3.1/../../../../arm-none-eabi/lib/thumb/v7e-m/nofp\libc.a(lib_a-locale.o)
                0x20001a24                __global_locale
 *(.RamFunc)
 *(.RamFunc*)
                0x20001b90                . = ALIGN (0x4)
                0x20001b90                _edata = .

.igot.plt       0x20001b90        0x0 load address 0x0800cfa4
 .igot.plt      0x20001b90        0x0 d:/progra~1/gnuarm~1/102021~1.10/bin/../lib/gcc/arm-none-eabi/10.3.1/thumb/v7e-m/nofp/crtbegin.o
                0x20001b90                . = ALIGN (0x4)

.bss            0x20001b90      0x1d8 load address 0x0800cfa4
                0x20001b90                _sbss = .
                0x20001b90                __bss_start__ = _sbss
 *(.bss)
 .bss           0x20001b90       0x1c d:/progra~1/gnuarm~1/102021~1.10/bin/../lib/gcc/arm-none-eabi/10.3.1/thumb/v7e-m/nofp/crtbegin.o
 *(.bss*)
 .bss.uwTick    0x20001bac        0x4 CMakeFiles/LED-Test.elf.dir/Drivers/STM32G4xx_HAL_Driver/Src/stm32g4xx_hal.c.obj
                0x20001bac                uwTick
 .bss.hadc1     0x20001bb0       0x6c CMakeFiles/LED-Test.elf.dir/Src/adc.c.obj
                0x20001bb0                hadc1
 .bss.ADC_Value
                0x20001c1c        0x4 CMakeFiles/LED-Test.elf.dir/Src/main.c.obj
                0x20001c1c                ADC_Value
 .bss.cmd       0x20001c20        0x1 CMakeFiles/LED-Test.elf.dir/Src/main.c.obj
                0x20001c20                cmd
 .bss.direction
                0x20001c21        0x1 CMakeFiles/LED-Test.elf.dir/Src/main.c.obj
                0x20001c21                direction
 *fill*         0x20001c22        0x2 
 .bss.ucLcd     0x20001c24       0x15 CMakeFiles/LED-Test.elf.dir/Src/main.c.obj
                0x20001c24                ucLcd
 *fill*         0x20001c39        0x3 
 .bss.__sbrk_heap_end
                0x20001c3c        0x4 CMakeFiles/LED-Test.elf.dir/Src/sysmem.c.obj
 .bss.htim8     0x20001c40       0x4c CMakeFiles/LED-Test.elf.dir/Src/tim.c.obj
                0x20001c40                htim8
 .bss.huart1    0x20001c8c       0x90 CMakeFiles/LED-Test.elf.dir/Src/usart.c.obj
                0x20001c8c                huart1
 .bss.TextColor
                0x20001d1c        0x2 CMakeFiles/LED-Test.elf.dir/UserLib/Src/lcd.c.obj
                0x20001d1c                TextColor
 *fill*         0x20001d1e        0x2 
 .bss.__lock___atexit_recursive_mutex
                0x20001d20        0x1 d:/progra~1/gnuarm~1/102021~1.10/bin/../lib/gcc/arm-none-eabi/10.3.1/../../../../arm-none-eabi/lib/thumb/v7e-m/nofp\libc.a(lib_a-lock.o)
                0x20001d20                __lock___atexit_recursive_mutex
 *fill*         0x20001d21        0x3 
 .bss.__lock___malloc_recursive_mutex
                0x20001d24        0x1 d:/progra~1/gnuarm~1/102021~1.10/bin/../lib/gcc/arm-none-eabi/10.3.1/../../../../arm-none-eabi/lib/thumb/v7e-m/nofp\libc.a(lib_a-lock.o)
                0x20001d24                __lock___malloc_recursive_mutex
 *fill*         0x20001d25        0x3 
 .bss.__lock___sfp_recursive_mutex
                0x20001d28        0x1 d:/progra~1/gnuarm~1/102021~1.10/bin/../lib/gcc/arm-none-eabi/10.3.1/../../../../arm-none-eabi/lib/thumb/v7e-m/nofp\libc.a(lib_a-lock.o)
                0x20001d28                __lock___sfp_recursive_mutex
 *fill*         0x20001d29        0x3 
 .bss.__lock___sinit_recursive_mutex
                0x20001d2c        0x1 d:/progra~1/gnuarm~1/102021~1.10/bin/../lib/gcc/arm-none-eabi/10.3.1/../../../../arm-none-eabi/lib/thumb/v7e-m/nofp\libc.a(lib_a-lock.o)
                0x20001d2c                __lock___sinit_recursive_mutex
 *fill*         0x20001d2d        0x3 
 .bss.__malloc_current_mallinfo
                0x20001d30       0x28 d:/progra~1/gnuarm~1/102021~1.10/bin/../lib/gcc/arm-none-eabi/10.3.1/../../../../arm-none-eabi/lib/thumb/v7e-m/nofp\libc.a(lib_a-mallocr.o)
                0x20001d30                __malloc_current_mallinfo
 .bss.__malloc_max_sbrked_mem
                0x20001d58        0x4 d:/progra~1/gnuarm~1/102021~1.10/bin/../lib/gcc/arm-none-eabi/10.3.1/../../../../arm-none-eabi/lib/thumb/v7e-m/nofp\libc.a(lib_a-mallocr.o)
                0x20001d58                __malloc_max_sbrked_mem
 .bss.__malloc_max_total_mem
                0x20001d5c        0x4 d:/progra~1/gnuarm~1/102021~1.10/bin/../lib/gcc/arm-none-eabi/10.3.1/../../../../arm-none-eabi/lib/thumb/v7e-m/nofp\libc.a(lib_a-mallocr.o)
                0x20001d5c                __malloc_max_total_mem
 .bss.__malloc_top_pad
                0x20001d60        0x4 d:/progra~1/gnuarm~1/102021~1.10/bin/../lib/gcc/arm-none-eabi/10.3.1/../../../../arm-none-eabi/lib/thumb/v7e-m/nofp\libc.a(lib_a-mallocr.o)
                0x20001d60                __malloc_top_pad
 .bss.errno     0x20001d64        0x4 d:/progra~1/gnuarm~1/102021~1.10/bin/../lib/gcc/arm-none-eabi/10.3.1/../../../../arm-none-eabi/lib/thumb/v7e-m/nofp\libc.a(lib_a-reent.o)
                0x20001d64                errno
 *(COMMON)
                0x20001d68                . = ALIGN (0x4)
                0x20001d68                _ebss = .
                0x20001d68                __bss_end__ = _ebss

._user_heap_stack
                0x20001d68      0x600 load address 0x0800cfa4
                0x20001d68                . = ALIGN (0x8)
                [!provide]                PROVIDE (end = .)
                0x20001d68                PROVIDE (_end = .)
                0x20001f68                . = (. + _Min_Heap_Size)
 *fill*         0x20001d68      0x200 
                0x20002368                . = (. + _Min_Stack_Size)
 *fill*         0x20001f68      0x400 
                0x20002368                . = ALIGN (0x8)

/DISCARD/
 libc.a(*)
 libm.a(*)
 libgcc.a(*)

.ARM.attributes
                0x00000000       0x2a
 *(.ARM.attributes)
 .ARM.attributes
                0x00000000       0x1e d:/progra~1/gnuarm~1/102021~1.10/bin/../lib/gcc/arm-none-eabi/10.3.1/thumb/v7e-m/nofp/crti.o
 .ARM.attributes
                0x0000001e       0x2e d:/progra~1/gnuarm~1/102021~1.10/bin/../lib/gcc/arm-none-eabi/10.3.1/thumb/v7e-m/nofp/crtbegin.o
 .ARM.attributes
                0x0000004c       0x2e CMakeFiles/LED-Test.elf.dir/Drivers/STM32G4xx_HAL_Driver/Src/stm32g4xx_hal.c.obj
 .ARM.attributes
                0x0000007a       0x2e CMakeFiles/LED-Test.elf.dir/Drivers/STM32G4xx_HAL_Driver/Src/stm32g4xx_hal_adc.c.obj
 .ARM.attributes
                0x000000a8       0x2e CMakeFiles/LED-Test.elf.dir/Drivers/STM32G4xx_HAL_Driver/Src/stm32g4xx_hal_adc_ex.c.obj
 .ARM.attributes
                0x000000d6       0x2e CMakeFiles/LED-Test.elf.dir/Drivers/STM32G4xx_HAL_Driver/Src/stm32g4xx_hal_cortex.c.obj
 .ARM.attributes
                0x00000104       0x2e CMakeFiles/LED-Test.elf.dir/Drivers/STM32G4xx_HAL_Driver/Src/stm32g4xx_hal_dma.c.obj
 .ARM.attributes
                0x00000132       0x2e CMakeFiles/LED-Test.elf.dir/Drivers/STM32G4xx_HAL_Driver/Src/stm32g4xx_hal_gpio.c.obj
 .ARM.attributes
                0x00000160       0x2e CMakeFiles/LED-Test.elf.dir/Drivers/STM32G4xx_HAL_Driver/Src/stm32g4xx_hal_pwr_ex.c.obj
 .ARM.attributes
                0x0000018e       0x2e CMakeFiles/LED-Test.elf.dir/Drivers/STM32G4xx_HAL_Driver/Src/stm32g4xx_hal_rcc.c.obj
 .ARM.attributes
                0x000001bc       0x2e CMakeFiles/LED-Test.elf.dir/Drivers/STM32G4xx_HAL_Driver/Src/stm32g4xx_hal_rcc_ex.c.obj
 .ARM.attributes
                0x000001ea       0x2e CMakeFiles/LED-Test.elf.dir/Drivers/STM32G4xx_HAL_Driver/Src/stm32g4xx_hal_tim.c.obj
 .ARM.attributes
                0x00000218       0x2e CMakeFiles/LED-Test.elf.dir/Drivers/STM32G4xx_HAL_Driver/Src/stm32g4xx_hal_tim_ex.c.obj
 .ARM.attributes
                0x00000246       0x2e CMakeFiles/LED-Test.elf.dir/Drivers/STM32G4xx_HAL_Driver/Src/stm32g4xx_hal_uart.c.obj
 .ARM.attributes
                0x00000274       0x2e CMakeFiles/LED-Test.elf.dir/Drivers/STM32G4xx_HAL_Driver/Src/stm32g4xx_hal_uart_ex.c.obj
 .ARM.attributes
                0x000002a2       0x2e CMakeFiles/LED-Test.elf.dir/Src/adc.c.obj
 .ARM.attributes
                0x000002d0       0x2e CMakeFiles/LED-Test.elf.dir/Src/gpio.c.obj
 .ARM.attributes
                0x000002fe       0x2e CMakeFiles/LED-Test.elf.dir/Src/main.c.obj
 .ARM.attributes
                0x0000032c       0x2e CMakeFiles/LED-Test.elf.dir/Src/stm32g4xx_hal_msp.c.obj
 .ARM.attributes
                0x0000035a       0x2e CMakeFiles/LED-Test.elf.dir/Src/stm32g4xx_it.c.obj
 .ARM.attributes
                0x00000388       0x2e CMakeFiles/LED-Test.elf.dir/Src/syscalls.c.obj
 .ARM.attributes
                0x000003b6       0x2e CMakeFiles/LED-Test.elf.dir/Src/sysmem.c.obj
 .ARM.attributes
                0x000003e4       0x2e CMakeFiles/LED-Test.elf.dir/Src/system_stm32g4xx.c.obj
 .ARM.attributes
                0x00000412       0x2e CMakeFiles/LED-Test.elf.dir/Src/tim.c.obj
 .ARM.attributes
                0x00000440       0x2e CMakeFiles/LED-Test.elf.dir/Src/usart.c.obj
 .ARM.attributes
                0x0000046e       0x21 CMakeFiles/LED-Test.elf.dir/Startup/startup_stm32g431rbtx.s.obj
 .ARM.attributes
                0x0000048f       0x2e CMakeFiles/LED-Test.elf.dir/UserLib/Src/lcd.c.obj
 .ARM.attributes
                0x000004bd       0x2e CMakeFiles/LED-Test.elf.dir/UserLib/Src/led.c.obj
 .ARM.attributes
                0x000004eb       0x1e d:/progra~1/gnuarm~1/102021~1.10/bin/../lib/gcc/arm-none-eabi/10.3.1/thumb/v7e-m/nofp\libgcc.a(_aeabi_uldivmod.o)
 .ARM.attributes
                0x00000509       0x2e d:/progra~1/gnuarm~1/102021~1.10/bin/../lib/gcc/arm-none-eabi/10.3.1/thumb/v7e-m/nofp\libgcc.a(_udivmoddi4.o)
 .ARM.attributes
                0x00000537       0x1e d:/progra~1/gnuarm~1/102021~1.10/bin/../lib/gcc/arm-none-eabi/10.3.1/thumb/v7e-m/nofp\libgcc.a(_dvmd_tls.o)
 .ARM.attributes
                0x00000555       0x2e d:/progra~1/gnuarm~1/102021~1.10/bin/../lib/gcc/arm-none-eabi/10.3.1/../../../../arm-none-eabi/lib/thumb/v7e-m/nofp\libc.a(lib_a-errno.o)
 .ARM.attributes
                0x00000583       0x2e d:/progra~1/gnuarm~1/102021~1.10/bin/../lib/gcc/arm-none-eabi/10.3.1/../../../../arm-none-eabi/lib/thumb/v7e-m/nofp\libc.a(lib_a-impure.o)
 .ARM.attributes
                0x000005b1       0x2e d:/progra~1/gnuarm~1/102021~1.10/bin/../lib/gcc/arm-none-eabi/10.3.1/../../../../arm-none-eabi/lib/thumb/v7e-m/nofp\libc.a(lib_a-init.o)
 .ARM.attributes
                0x000005df       0x2e d:/progra~1/gnuarm~1/102021~1.10/bin/../lib/gcc/arm-none-eabi/10.3.1/../../../../arm-none-eabi/lib/thumb/v7e-m/nofp\libc.a(lib_a-memset.o)
 .ARM.attributes
                0x0000060d       0x2e d:/progra~1/gnuarm~1/102021~1.10/bin/../lib/gcc/arm-none-eabi/10.3.1/../../../../arm-none-eabi/lib/thumb/v7e-m/nofp\libc.a(lib_a-sprintf.o)
 .ARM.attributes
                0x0000063b       0x2e d:/progra~1/gnuarm~1/102021~1.10/bin/../lib/gcc/arm-none-eabi/10.3.1/../../../../arm-none-eabi/lib/thumb/v7e-m/nofp\libc.a(lib_a-svfprintf.o)
 .ARM.attributes
                0x00000669       0x2e d:/progra~1/gnuarm~1/102021~1.10/bin/../lib/gcc/arm-none-eabi/10.3.1/../../../../arm-none-eabi/lib/thumb/v7e-m/nofp\libc.a(lib_a-__call_atexit.o)
 .ARM.attributes
                0x00000697       0x2e d:/progra~1/gnuarm~1/102021~1.10/bin/../lib/gcc/arm-none-eabi/10.3.1/../../../../arm-none-eabi/lib/thumb/v7e-m/nofp\libc.a(lib_a-atexit.o)
 .ARM.attributes
                0x000006c5       0x2e d:/progra~1/gnuarm~1/102021~1.10/bin/../lib/gcc/arm-none-eabi/10.3.1/../../../../arm-none-eabi/lib/thumb/v7e-m/nofp\libc.a(lib_a-dtoa.o)
 .ARM.attributes
                0x000006f3       0x2e d:/progra~1/gnuarm~1/102021~1.10/bin/../lib/gcc/arm-none-eabi/10.3.1/../../../../arm-none-eabi/lib/thumb/v7e-m/nofp\libc.a(lib_a-fini.o)
 .ARM.attributes
                0x00000721       0x2e d:/progra~1/gnuarm~1/102021~1.10/bin/../lib/gcc/arm-none-eabi/10.3.1/../../../../arm-none-eabi/lib/thumb/v7e-m/nofp\libc.a(lib_a-freer.o)
 .ARM.attributes
                0x0000074f       0x2e d:/progra~1/gnuarm~1/102021~1.10/bin/../lib/gcc/arm-none-eabi/10.3.1/../../../../arm-none-eabi/lib/thumb/v7e-m/nofp\libc.a(lib_a-localeconv.o)
 .ARM.attributes
                0x0000077d       0x2e d:/progra~1/gnuarm~1/102021~1.10/bin/../lib/gcc/arm-none-eabi/10.3.1/../../../../arm-none-eabi/lib/thumb/v7e-m/nofp\libc.a(lib_a-lock.o)
 .ARM.attributes
                0x000007ab       0x2e d:/progra~1/gnuarm~1/102021~1.10/bin/../lib/gcc/arm-none-eabi/10.3.1/../../../../arm-none-eabi/lib/thumb/v7e-m/nofp\libc.a(lib_a-mallocr.o)
 .ARM.attributes
                0x000007d9       0x1c d:/progra~1/gnuarm~1/102021~1.10/bin/../lib/gcc/arm-none-eabi/10.3.1/../../../../arm-none-eabi/lib/thumb/v7e-m/nofp\libc.a(lib_a-memchr.o)
 .ARM.attributes
                0x000007f5       0x1c d:/progra~1/gnuarm~1/102021~1.10/bin/../lib/gcc/arm-none-eabi/10.3.1/../../../../arm-none-eabi/lib/thumb/v7e-m/nofp\libc.a(lib_a-memcpy.o)
 .ARM.attributes
                0x00000811       0x2e d:/progra~1/gnuarm~1/102021~1.10/bin/../lib/gcc/arm-none-eabi/10.3.1/../../../../arm-none-eabi/lib/thumb/v7e-m/nofp\libc.a(lib_a-mlock.o)
 .ARM.attributes
                0x0000083f       0x2e d:/progra~1/gnuarm~1/102021~1.10/bin/../lib/gcc/arm-none-eabi/10.3.1/../../../../arm-none-eabi/lib/thumb/v7e-m/nofp\libc.a(lib_a-mprec.o)
 .ARM.attributes
                0x0000086d       0x2e d:/progra~1/gnuarm~1/102021~1.10/bin/../lib/gcc/arm-none-eabi/10.3.1/../../../../arm-none-eabi/lib/thumb/v7e-m/nofp\libc.a(lib_a-s_frexp.o)
 .ARM.attributes
                0x0000089b       0x2e d:/progra~1/gnuarm~1/102021~1.10/bin/../lib/gcc/arm-none-eabi/10.3.1/../../../../arm-none-eabi/lib/thumb/v7e-m/nofp\libc.a(lib_a-sbrkr.o)
 .ARM.attributes
                0x000008c9       0x1c d:/progra~1/gnuarm~1/102021~1.10/bin/../lib/gcc/arm-none-eabi/10.3.1/../../../../arm-none-eabi/lib/thumb/v7e-m/nofp\libc.a(lib_a-strlen.o)
 .ARM.attributes
                0x000008e5       0x2e d:/progra~1/gnuarm~1/102021~1.10/bin/../lib/gcc/arm-none-eabi/10.3.1/../../../../arm-none-eabi/lib/thumb/v7e-m/nofp\libc.a(lib_a-strncpy.o)
 .ARM.attributes
                0x00000913       0x2e d:/progra~1/gnuarm~1/102021~1.10/bin/../lib/gcc/arm-none-eabi/10.3.1/../../../../arm-none-eabi/lib/thumb/v7e-m/nofp\libc.a(lib_a-svfiprintf.o)
 .ARM.attributes
                0x00000941       0x2e d:/progra~1/gnuarm~1/102021~1.10/bin/../lib/gcc/arm-none-eabi/10.3.1/../../../../arm-none-eabi/lib/thumb/v7e-m/nofp\libc.a(lib_a-__atexit.o)
 .ARM.attributes
                0x0000096f       0x2e d:/progra~1/gnuarm~1/102021~1.10/bin/../lib/gcc/arm-none-eabi/10.3.1/../../../../arm-none-eabi/lib/thumb/v7e-m/nofp\libc.a(lib_a-assert.o)
 .ARM.attributes
                0x0000099d       0x2e d:/progra~1/gnuarm~1/102021~1.10/bin/../lib/gcc/arm-none-eabi/10.3.1/../../../../arm-none-eabi/lib/thumb/v7e-m/nofp\libc.a(lib_a-callocr.o)
 .ARM.attributes
                0x000009cb       0x2e d:/progra~1/gnuarm~1/102021~1.10/bin/../lib/gcc/arm-none-eabi/10.3.1/../../../../arm-none-eabi/lib/thumb/v7e-m/nofp\libc.a(lib_a-fiprintf.o)
 .ARM.attributes
                0x000009f9       0x2e d:/progra~1/gnuarm~1/102021~1.10/bin/../lib/gcc/arm-none-eabi/10.3.1/../../../../arm-none-eabi/lib/thumb/v7e-m/nofp\libc.a(lib_a-locale.o)
 .ARM.attributes
                0x00000a27       0x2e d:/progra~1/gnuarm~1/102021~1.10/bin/../lib/gcc/arm-none-eabi/10.3.1/../../../../arm-none-eabi/lib/thumb/v7e-m/nofp\libc.a(lib_a-mbtowc_r.o)
 .ARM.attributes
                0x00000a55       0x2e d:/progra~1/gnuarm~1/102021~1.10/bin/../lib/gcc/arm-none-eabi/10.3.1/../../../../arm-none-eabi/lib/thumb/v7e-m/nofp\libc.a(lib_a-memmove.o)
 .ARM.attributes
                0x00000a83       0x2e d:/progra~1/gnuarm~1/102021~1.10/bin/../lib/gcc/arm-none-eabi/10.3.1/../../../../arm-none-eabi/lib/thumb/v7e-m/nofp\libc.a(lib_a-reallocr.o)
 .ARM.attributes
                0x00000ab1       0x2e d:/progra~1/gnuarm~1/102021~1.10/bin/../lib/gcc/arm-none-eabi/10.3.1/../../../../arm-none-eabi/lib/thumb/v7e-m/nofp\libc.a(lib_a-reent.o)
 .ARM.attributes
                0x00000adf       0x2e d:/progra~1/gnuarm~1/102021~1.10/bin/../lib/gcc/arm-none-eabi/10.3.1/../../../../arm-none-eabi/lib/thumb/v7e-m/nofp\libc.a(lib_a-vfiprintf.o)
 .ARM.attributes
                0x00000b0d       0x2e d:/progra~1/gnuarm~1/102021~1.10/bin/../lib/gcc/arm-none-eabi/10.3.1/../../../../arm-none-eabi/lib/thumb/v7e-m/nofp\libc.a(lib_a-wctomb_r.o)
 .ARM.attributes
                0x00000b3b       0x2e d:/progra~1/gnuarm~1/102021~1.10/bin/../lib/gcc/arm-none-eabi/10.3.1/../../../../arm-none-eabi/lib/thumb/v7e-m/nofp\libc.a(lib_a-wsetup.o)
 .ARM.attributes
                0x00000b69       0x2e d:/progra~1/gnuarm~1/102021~1.10/bin/../lib/gcc/arm-none-eabi/10.3.1/../../../../arm-none-eabi/lib/thumb/v7e-m/nofp\libc.a(lib_a-abort.o)
 .ARM.attributes
                0x00000b97       0x2e d:/progra~1/gnuarm~1/102021~1.10/bin/../lib/gcc/arm-none-eabi/10.3.1/../../../../arm-none-eabi/lib/thumb/v7e-m/nofp\libc.a(lib_a-ctype_.o)
 .ARM.attributes
                0x00000bc5       0x2e d:/progra~1/gnuarm~1/102021~1.10/bin/../lib/gcc/arm-none-eabi/10.3.1/../../../../arm-none-eabi/lib/thumb/v7e-m/nofp\libc.a(lib_a-fflush.o)
 .ARM.attributes
                0x00000bf3       0x2e d:/progra~1/gnuarm~1/102021~1.10/bin/../lib/gcc/arm-none-eabi/10.3.1/../../../../arm-none-eabi/lib/thumb/v7e-m/nofp\libc.a(lib_a-findfp.o)
 .ARM.attributes
                0x00000c21       0x2e d:/progra~1/gnuarm~1/102021~1.10/bin/../lib/gcc/arm-none-eabi/10.3.1/../../../../arm-none-eabi/lib/thumb/v7e-m/nofp\libc.a(lib_a-fputwc.o)
 .ARM.attributes
                0x00000c4f       0x2e d:/progra~1/gnuarm~1/102021~1.10/bin/../lib/gcc/arm-none-eabi/10.3.1/../../../../arm-none-eabi/lib/thumb/v7e-m/nofp\libc.a(lib_a-fvwrite.o)
 .ARM.attributes
                0x00000c7d       0x2e d:/progra~1/gnuarm~1/102021~1.10/bin/../lib/gcc/arm-none-eabi/10.3.1/../../../../arm-none-eabi/lib/thumb/v7e-m/nofp\libc.a(lib_a-fwalk.o)
 .ARM.attributes
                0x00000cab       0x2e d:/progra~1/gnuarm~1/102021~1.10/bin/../lib/gcc/arm-none-eabi/10.3.1/../../../../arm-none-eabi/lib/thumb/v7e-m/nofp\libc.a(lib_a-makebuf.o)
 .ARM.attributes
                0x00000cd9       0x2e d:/progra~1/gnuarm~1/102021~1.10/bin/../lib/gcc/arm-none-eabi/10.3.1/../../../../arm-none-eabi/lib/thumb/v7e-m/nofp\libc.a(lib_a-signal.o)
 .ARM.attributes
                0x00000d07       0x2e d:/progra~1/gnuarm~1/102021~1.10/bin/../lib/gcc/arm-none-eabi/10.3.1/../../../../arm-none-eabi/lib/thumb/v7e-m/nofp\libc.a(lib_a-signalr.o)
 .ARM.attributes
                0x00000d35       0x2e d:/progra~1/gnuarm~1/102021~1.10/bin/../lib/gcc/arm-none-eabi/10.3.1/../../../../arm-none-eabi/lib/thumb/v7e-m/nofp\libc.a(lib_a-stdio.o)
 .ARM.attributes
                0x00000d63       0x2e d:/progra~1/gnuarm~1/102021~1.10/bin/../lib/gcc/arm-none-eabi/10.3.1/../../../../arm-none-eabi/lib/thumb/v7e-m/nofp\libc.a(lib_a-wbuf.o)
 .ARM.attributes
                0x00000d91       0x2e d:/progra~1/gnuarm~1/102021~1.10/bin/../lib/gcc/arm-none-eabi/10.3.1/../../../../arm-none-eabi/lib/thumb/v7e-m/nofp\libc.a(lib_a-wcrtomb.o)
 .ARM.attributes
                0x00000dbf       0x2e d:/progra~1/gnuarm~1/102021~1.10/bin/../lib/gcc/arm-none-eabi/10.3.1/../../../../arm-none-eabi/lib/thumb/v7e-m/nofp\libc.a(lib_a-writer.o)
 .ARM.attributes
                0x00000ded       0x2e d:/progra~1/gnuarm~1/102021~1.10/bin/../lib/gcc/arm-none-eabi/10.3.1/../../../../arm-none-eabi/lib/thumb/v7e-m/nofp\libc.a(lib_a-closer.o)
 .ARM.attributes
                0x00000e1b       0x2e d:/progra~1/gnuarm~1/102021~1.10/bin/../lib/gcc/arm-none-eabi/10.3.1/../../../../arm-none-eabi/lib/thumb/v7e-m/nofp\libc.a(lib_a-fclose.o)
 .ARM.attributes
                0x00000e49       0x2e d:/progra~1/gnuarm~1/102021~1.10/bin/../lib/gcc/arm-none-eabi/10.3.1/../../../../arm-none-eabi/lib/thumb/v7e-m/nofp\libc.a(lib_a-fstatr.o)
 .ARM.attributes
                0x00000e77       0x2e d:/progra~1/gnuarm~1/102021~1.10/bin/../lib/gcc/arm-none-eabi/10.3.1/../../../../arm-none-eabi/lib/thumb/v7e-m/nofp\libc.a(lib_a-isattyr.o)
 .ARM.attributes
                0x00000ea5       0x2e d:/progra~1/gnuarm~1/102021~1.10/bin/../lib/gcc/arm-none-eabi/10.3.1/../../../../arm-none-eabi/lib/thumb/v7e-m/nofp\libc.a(lib_a-lseekr.o)
 .ARM.attributes
                0x00000ed3       0x2e d:/progra~1/gnuarm~1/102021~1.10/bin/../lib/gcc/arm-none-eabi/10.3.1/../../../../arm-none-eabi/lib/thumb/v7e-m/nofp\libc.a(lib_a-readr.o)
 .ARM.attributes
                0x00000f01       0x1e d:/progra~1/gnuarm~1/102021~1.10/bin/../lib/gcc/arm-none-eabi/10.3.1/thumb/v7e-m/nofp\libgcc.a(_arm_addsubdf3.o)
 .ARM.attributes
                0x00000f1f       0x1e d:/progra~1/gnuarm~1/102021~1.10/bin/../lib/gcc/arm-none-eabi/10.3.1/thumb/v7e-m/nofp\libgcc.a(_arm_muldivdf3.o)
 .ARM.attributes
                0x00000f3d       0x1e d:/progra~1/gnuarm~1/102021~1.10/bin/../lib/gcc/arm-none-eabi/10.3.1/thumb/v7e-m/nofp\libgcc.a(_arm_cmpdf2.o)
 .ARM.attributes
                0x00000f5b       0x1e d:/progra~1/gnuarm~1/102021~1.10/bin/../lib/gcc/arm-none-eabi/10.3.1/thumb/v7e-m/nofp\libgcc.a(_arm_unorddf2.o)
 .ARM.attributes
                0x00000f79       0x1e d:/progra~1/gnuarm~1/102021~1.10/bin/../lib/gcc/arm-none-eabi/10.3.1/thumb/v7e-m/nofp\libgcc.a(_arm_fixdfsi.o)
 .ARM.attributes
                0x00000f97       0x1e d:/progra~1/gnuarm~1/102021~1.10/bin/../lib/gcc/arm-none-eabi/10.3.1/thumb/v7e-m/nofp/crtn.o
OUTPUT(LED-Test.elf elf32-littlearm)
LOAD linker stubs
LOAD d:/progra~1/gnuarm~1/102021~1.10/bin/../lib/gcc/arm-none-eabi/10.3.1/../../../../arm-none-eabi/lib/thumb/v7e-m/nofp\libc.a
LOAD d:/progra~1/gnuarm~1/102021~1.10/bin/../lib/gcc/arm-none-eabi/10.3.1/../../../../arm-none-eabi/lib/thumb/v7e-m/nofp\libm.a
LOAD d:/progra~1/gnuarm~1/102021~1.10/bin/../lib/gcc/arm-none-eabi/10.3.1/thumb/v7e-m/nofp\libgcc.a

.debug_info     0x00000000    0x1cde9
 .debug_info    0x00000000      0xb75 CMakeFiles/LED-Test.elf.dir/Drivers/STM32G4xx_HAL_Driver/Src/stm32g4xx_hal.c.obj
 .debug_info    0x00000b75     0x370b CMakeFiles/LED-Test.elf.dir/Drivers/STM32G4xx_HAL_Driver/Src/stm32g4xx_hal_adc.c.obj
 .debug_info    0x00004280     0x2fac CMakeFiles/LED-Test.elf.dir/Drivers/STM32G4xx_HAL_Driver/Src/stm32g4xx_hal_adc_ex.c.obj
 .debug_info    0x0000722c     0x1041 CMakeFiles/LED-Test.elf.dir/Drivers/STM32G4xx_HAL_Driver/Src/stm32g4xx_hal_cortex.c.obj
 .debug_info    0x0000826d      0xa56 CMakeFiles/LED-Test.elf.dir/Drivers/STM32G4xx_HAL_Driver/Src/stm32g4xx_hal_dma.c.obj
 .debug_info    0x00008cc3      0x865 CMakeFiles/LED-Test.elf.dir/Drivers/STM32G4xx_HAL_Driver/Src/stm32g4xx_hal_gpio.c.obj
 .debug_info    0x00009528      0xa07 CMakeFiles/LED-Test.elf.dir/Drivers/STM32G4xx_HAL_Driver/Src/stm32g4xx_hal_pwr_ex.c.obj
 .debug_info    0x00009f2f      0xe7e CMakeFiles/LED-Test.elf.dir/Drivers/STM32G4xx_HAL_Driver/Src/stm32g4xx_hal_rcc.c.obj
 .debug_info    0x0000adad      0xecf CMakeFiles/LED-Test.elf.dir/Drivers/STM32G4xx_HAL_Driver/Src/stm32g4xx_hal_rcc_ex.c.obj
 .debug_info    0x0000bc7c     0x3e57 CMakeFiles/LED-Test.elf.dir/Drivers/STM32G4xx_HAL_Driver/Src/stm32g4xx_hal_tim.c.obj
 .debug_info    0x0000fad3     0x2424 CMakeFiles/LED-Test.elf.dir/Drivers/STM32G4xx_HAL_Driver/Src/stm32g4xx_hal_tim_ex.c.obj
 .debug_info    0x00011ef7     0x259d CMakeFiles/LED-Test.elf.dir/Drivers/STM32G4xx_HAL_Driver/Src/stm32g4xx_hal_uart.c.obj