Component: ARM Compiler 5.06 update 6 (build 750) Tool: armlink [4d35ed]

==============================================================================

Section Cross References

    startup_stm32g431xx.o(STACK) refers (Special) to heapauxi.o(.text) for __use_two_region_memory
    startup_stm32g431xx.o(HEAP) refers (Special) to heapauxi.o(.text) for __use_two_region_memory
    startup_stm32g431xx.o(RESET) refers (Special) to heapauxi.o(.text) for __use_two_region_memory
    startup_stm32g431xx.o(RESET) refers to startup_stm32g431xx.o(STACK) for __initial_sp
    startup_stm32g431xx.o(RESET) refers to startup_stm32g431xx.o(.text) for Reset_Handler
    startup_stm32g431xx.o(RESET) refers to stm32g4xx_it.o(i.NMI_Handler) for NMI_Handler
    startup_stm32g431xx.o(RESET) refers to stm32g4xx_it.o(i.HardFault_Handler) for HardFault_Handler
    startup_stm32g431xx.o(RESET) refers to stm32g4xx_it.o(i.MemManage_Handler) for MemManage_Handler
    startup_stm32g431xx.o(RESET) refers to stm32g4xx_it.o(i.BusFault_Handler) for BusFault_Handler
    startup_stm32g431xx.o(RESET) refers to stm32g4xx_it.o(i.UsageFault_Handler) for UsageFault_Handler
    startup_stm32g431xx.o(RESET) refers to stm32g4xx_it.o(i.SVC_Handler) for SVC_Handler
    startup_stm32g431xx.o(RESET) refers to stm32g4xx_it.o(i.DebugMon_Handler) for DebugMon_Handler
    startup_stm32g431xx.o(RESET) refers to stm32g4xx_it.o(i.PendSV_Handler) for PendSV_Handler
    startup_stm32g431xx.o(RESET) refers to stm32g4xx_it.o(i.SysTick_Handler) for SysTick_Handler
    startup_stm32g431xx.o(RESET) refers to stm32g4xx_it.o(i.ADC1_2_IRQHandler) for ADC1_2_IRQHandler
    startup_stm32g431xx.o(RESET) refers to stm32g4xx_it.o(i.USART1_IRQHandler) for USART1_IRQHandler
    startup_stm32g431xx.o(RESET) refers to stm32g4xx_it.o(i.TIM8_UP_IRQHandler) for TIM8_UP_IRQHandler
    startup_stm32g431xx.o(.text) refers (Special) to heapauxi.o(.text) for __use_two_region_memory
    startup_stm32g431xx.o(.text) refers to system_stm32g4xx.o(i.SystemInit) for SystemInit
    startup_stm32g431xx.o(.text) refers to __main.o(!!!main) for __main
    startup_stm32g431xx.o(.text) refers to startup_stm32g431xx.o(HEAP) for Heap_Mem
    startup_stm32g431xx.o(.text) refers to startup_stm32g431xx.o(STACK) for Stack_Mem
    main.o(i.HAL_ADC_ConvCpltCallback) refers to _printf_pad.o(.text) for _printf_pre_padding
    main.o(i.HAL_ADC_ConvCpltCallback) refers to _printf_percent.o(.ARM.Collect$$_printf_percent$$00000000) for _printf_percent
    main.o(i.HAL_ADC_ConvCpltCallback) refers to _printf_u.o(.ARM.Collect$$_printf_percent$$0000000A) for _printf_u
    main.o(i.HAL_ADC_ConvCpltCallback) refers to _printf_dec.o(.text) for _printf_int_dec
    main.o(i.HAL_ADC_ConvCpltCallback) refers to stm32g4xx_hal_adc.o(i.HAL_ADC_Stop_IT) for HAL_ADC_Stop_IT
    main.o(i.HAL_ADC_ConvCpltCallback) refers to stm32g4xx_hal_adc.o(i.HAL_ADC_GetValue) for HAL_ADC_GetValue
    main.o(i.HAL_ADC_ConvCpltCallback) refers to noretval__2sprintf.o(.text) for __2sprintf
    main.o(i.HAL_ADC_ConvCpltCallback) refers to lcd.o(i.LCD_DisplayStringLine) for LCD_DisplayStringLine
    main.o(i.HAL_ADC_ConvCpltCallback) refers to adc.o(.bss) for hadc1
    main.o(i.HAL_ADC_ConvCpltCallback) refers to main.o(.data) for .data
    main.o(i.HAL_ADC_ConvCpltCallback) refers to main.o(.bss) for .bss
    main.o(i.HAL_TIM_PeriodElapsedCallback) refers to main.o(i.LCD_Proc) for LCD_Proc
    main.o(i.HAL_TIM_PeriodElapsedCallback) refers to led.o(i.LED_Process) for LED_Process
    main.o(i.HAL_TIM_PeriodElapsedCallback) refers to stm32g4xx_hal_adc.o(i.HAL_ADC_Start_IT) for HAL_ADC_Start_IT
    main.o(i.HAL_TIM_PeriodElapsedCallback) refers to tim.o(.bss) for htim8
    main.o(i.HAL_TIM_PeriodElapsedCallback) refers to main.o(.data) for .data
    main.o(i.HAL_TIM_PeriodElapsedCallback) refers to adc.o(.bss) for hadc1
    main.o(i.HAL_UART_RxCpltCallback) refers to stm32g4xx_hal_uart.o(i.HAL_UART_Transmit) for HAL_UART_Transmit
    main.o(i.HAL_UART_RxCpltCallback) refers to stm32g4xx_hal_uart.o(i.HAL_UART_Receive_IT) for HAL_UART_Receive_IT
    main.o(i.HAL_UART_RxCpltCallback) refers to main.o(.data) for .data
    main.o(i.HAL_UART_RxCpltCallback) refers to usart.o(.bss) for huart1
    main.o(i.LCD_Proc) refers to _printf_pad.o(.text) for _printf_pre_padding
    main.o(i.LCD_Proc) refers to _printf_percent.o(.ARM.Collect$$_printf_percent$$00000000) for _printf_percent
    main.o(i.LCD_Proc) refers to _printf_u.o(.ARM.Collect$$_printf_percent$$0000000A) for _printf_u
    main.o(i.LCD_Proc) refers to _printf_dec.o(.text) for _printf_int_dec
    main.o(i.LCD_Proc) refers to noretval__2sprintf.o(.text) for __2sprintf
    main.o(i.LCD_Proc) refers to lcd.o(i.LCD_DisplayStringLine) for LCD_DisplayStringLine
    main.o(i.LCD_Proc) refers to main.o(.data) for .data
    main.o(i.LCD_Proc) refers to main.o(.bss) for .bss
    main.o(i.SystemClock_Config) refers to rt_memclr_w.o(.text) for __aeabi_memclr4
[...]
    .ARM.Collect$$libinit$$0000002E          0x080002a4   Section        0  libinit2.o(.ARM.Collect$$libinit$$0000002E)
    .ARM.Collect$$libinit$$00000030          0x080002a4   Section        0  libinit2.o(.ARM.Collect$$libinit$$00000030)
    .ARM.Collect$$libinit$$00000032          0x080002a4   Section        0  libinit2.o(.ARM.Collect$$libinit$$00000032)
    .ARM.Collect$$libinit$$00000033          0x080002a4   Section        2  libinit2.o(.ARM.Collect$$libinit$$00000033)
    .ARM.Collect$$libshutdown$$00000000      0x080002a6   Section        2  libshutdown.o(.ARM.Collect$$libshutdown$$00000000)
    .ARM.Collect$$libshutdown$$00000002      0x080002a8   Section        0  libshutdown2.o(.ARM.Collect$$libshutdown$$00000002)
    .ARM.Collect$$libshutdown$$00000004      0x080002a8   Section        0  libshutdown2.o(.ARM.Collect$$libshutdown$$00000004)
    .ARM.Collect$$libshutdown$$00000007      0x080002a8   Section        0  libshutdown2.o(.ARM.Collect$$libshutdown$$00000007)
    .ARM.Collect$$libshutdown$$0000000A      0x080002a8   Section        0  libshutdown2.o(.ARM.Collect$$libshutdown$$0000000A)
    .ARM.Collect$$libshutdown$$0000000C      0x080002a8   Section        0  libshutdown2.o(.ARM.Collect$$libshutdown$$0000000C)
    .ARM.Collect$$libshutdown$$0000000F      0x080002a8   Section        0  libshutdown2.o(.ARM.Collect$$libshutdown$$0000000F)
    .ARM.Collect$$libshutdown$$00000010      0x080002a8   Section        2  libshutdown2.o(.ARM.Collect$$libshutdown$$00000010)
    .ARM.Collect$$rtentry$$00000000          0x080002aa   Section        0  __rtentry.o(.ARM.Collect$$rtentry$$00000000)
    .ARM.Collect$$rtentry$$00000002          0x080002aa   Section        0  __rtentry2.o(.ARM.Collect$$rtentry$$00000002)
    .ARM.Collect$$rtentry$$00000004          0x080002aa   Section        6  __rtentry4.o(.ARM.Collect$$rtentry$$00000004)
    .ARM.Collect$$rtentry$$00000009          0x080002b0   Section        0  __rtentry2.o(.ARM.Collect$$rtentry$$00000009)
    .ARM.Collect$$rtentry$$0000000A          0x080002b0   Section        4  __rtentry2.o(.ARM.Collect$$rtentry$$0000000A)
    .ARM.Collect$$rtentry$$0000000C          0x080002b4   Section        0  __rtentry2.o(.ARM.Collect$$rtentry$$0000000C)
    .ARM.Collect$$rtentry$$0000000D          0x080002b4   Section        8  __rtentry2.o(.ARM.Collect$$rtentry$$0000000D)
    .ARM.Collect$$rtexit$$00000000           0x080002bc   Section        2  rtexit.o(.ARM.Collect$$rtexit$$00000000)
    .ARM.Collect$$rtexit$$00000002           0x080002be   Section        0  rtexit2.o(.ARM.Collect$$rtexit$$00000002)
    .ARM.Collect$$rtexit$$00000003           0x080002be   Section        4  rtexit2.o(.ARM.Collect$$rtexit$$00000003)
    .ARM.Collect$$rtexit$$00000004           0x080002c2   Section        6  rtexit2.o(.ARM.Collect$$rtexit$$00000004)
    .text                                    0x080002c8   Section       64  startup_stm32g431xx.o(.text)
    $v0                                      0x080002c8   Number         0  startup_stm32g431xx.o(.text)
    .text                                    0x08000308   Section      238  lludivv7m.o(.text)
    .text                                    0x080003f8   Section        0  noretval__2sprintf.o(.text)
    .text                                    0x08000420   Section        0  _printf_pad.o(.text)
    .text                                    0x08000470   Section        0  _printf_dec.o(.text)
    .text                                    0x080004e8   Section        0  __printf_flags_wp.o(.text)
    .text                                    0x08000620   Section       78  rt_memclr_w.o(.text)
    .text                                    0x0800066e   Section        0  heapauxi.o(.text)
    .text                                    0x08000674   Section        0  _printf_intcommon.o(.text)
    .text                                    0x08000728   Section        0  _printf_char_common.o(.text)
    _printf_input_char                       0x08000729   Thumb Code    10  _printf_char_common.o(.text)
    .text                                    0x08000758   Section        0  _sputc.o(.text)
    .text                                    0x08000762   Section       74  sys_stackheap_outer.o(.text)
    .text                                    0x080007ac   Section        0  exit.o(.text)
    .text                                    0x080007c0   Section        8  libspace.o(.text)
    .text                                    0x080007c8   Section        0  sys_exit.o(.text)
    .text                                    0x080007d4   Section        2  use_no_semi.o(.text)
    .text                                    0x080007d6   Section        0  indicate_semi.o(.text)
    i.ADC1_2_IRQHandler                      0x080007d8   Section        0  stm32g4xx_it.o(i.ADC1_2_IRQHandler)
    i.ADC_ConversionStop                     0x080007e4   Section        0  stm32g4xx_hal_adc.o(i.ADC_ConversionStop)
    i.ADC_Disable                            0x080008c8   Section        0  stm32g4xx_hal_adc.o(i.ADC_Disable)
    i.ADC_Enable                             0x08000938   Section        0  stm32g4xx_hal_adc.o(i.ADC_Enable)
    i.BusFault_Handler                       0x080009ac   Section        0  stm32g4xx_it.o(i.BusFault_Handler)
    i.DebugMon_Handler                       0x080009ae   Section        0  stm32g4xx_it.o(i.DebugMon_Handler)
    i.Error_Handler                          0x080009b0   Section        0  main.o(i.Error_Handler)
    i.HAL_ADCEx_Calibration_Start            0x080009b4   Section        0  stm32g4xx_hal_adc_ex.o(i.HAL_ADCEx_Calibration_Start)
    i.HAL_ADCEx_EndOfSamplingCallback        0x08000a48   Section        0  stm32g4xx_hal_adc_ex.o(i.HAL_ADCEx_EndOfSamplingCallback)
    i.HAL_ADCEx_InjectedConvCpltCallback     0x08000a4a   Section        0  stm32g4xx_hal_adc_ex.o(i.HAL_ADCEx_InjectedConvCpltCallback)
    i.HAL_ADCEx_InjectedQueueOverflowCallback 0x08000a4c   Section        0  stm32g4xx_hal_adc_ex.o(i.HAL_ADCEx_InjectedQueueOverflowCallback)
    i.HAL_ADCEx_LevelOutOfWindow2Callback    0x08000a4e   Section        0  stm32g4xx_hal_adc_ex.o(i.HAL_ADCEx_LevelOutOfWindow2Callback)
    i.HAL_ADCEx_LevelOutOfWindow3Callback    0x08000a50   Section        0  stm32g4xx_hal_adc_ex.o(i.HAL_ADCEx_LevelOutOfWindow3Callback)
    i.HAL_ADCEx_MultiModeConfigChannel       0x08000a54   Section        0  stm32g4xx_hal_adc_ex.o(i.HAL_ADCEx_MultiModeConfigChannel)
    i.HAL_ADC_ConfigChannel                  0x08000b2c   Section        0  stm32g4xx_hal_adc.o(i.HAL_ADC_ConfigChannel)
    i.HAL_ADC_ConvCpltCallback               0x08000f50   Section        0  main.o(i.HAL_ADC_ConvCpltCallback)
    i.HAL_ADC_ErrorCallback                  0x08000f90   Section        0  stm32g4xx_hal_adc.o(i.HAL_ADC_ErrorCallback)
    i.HAL_ADC_GetValue                       0x08000f92   Section        0  stm32g4xx_hal_adc.o(i.HAL_ADC_GetValue)
    i.HAL_ADC_IRQHandler                     0x08000f98   Section        0  stm32g4xx_hal_adc.o(i.HAL_ADC_IRQHandler)
    i.HAL_ADC_Init                           0x08001204   Section        0  stm32g4xx_hal_adc.o(i.HAL_ADC_Init)
    i.HAL_ADC_LevelOutOfWindowCallback       0x08001400   Section        0  stm32g4xx_hal_adc.o(i.HAL_ADC_LevelOutOfWindowCallback)
    i.HAL_ADC_MspInit                        0x08001404   Section        0  adc.o(i.HAL_ADC_MspInit)
    i.HAL_ADC_Start_IT                       0x08001470   Section        0  stm32g4xx_hal_adc.o(i.HAL_ADC_Start_IT)
    i.HAL_ADC_Stop_IT                        0x080015e8   Section        0  stm32g4xx_hal_adc.o(i.HAL_ADC_Stop_IT)
    i.HAL_DMA_Abort                          0x08001630   Section        0  stm32g4xx_hal_dma.o(i.HAL_DMA_Abort)
    i.HAL_DMA_Abort_IT                       0x0800169a   Section        0  stm32g4xx_hal_dma.o(i.HAL_DMA_Abort_IT)
    i.HAL_GPIO_Init                          0x08001714   Section        0  stm32g4xx_hal_gpio.o(i.HAL_GPIO_Init)
    i.HAL_GPIO_WritePin                      0x080018dc   Section        0  stm32g4xx_hal_gpio.o(i.HAL_GPIO_WritePin)
    i.HAL_GetTick                            0x080018e8   Section        0  stm32g4xx_hal.o(i.HAL_GetTick)
    i.HAL_IncTick                            0x080018f4   Section        0  stm32g4xx_hal.o(i.HAL_IncTick)
    i.HAL_Init                               0x08001904   Section        0  stm32g4xx_hal.o(i.HAL_Init)
    i.HAL_InitTick                           0x08001924   Section        0  stm32g4xx_hal.o(i.HAL_InitTick)
    i.HAL_MspInit                            0x08001968   Section        0  stm32g4xx_hal_msp.o(i.HAL_MspInit)
    i.HAL_NVIC_EnableIRQ                     0x08001998   Section        0  stm32g4xx_hal_cortex.o(i.HAL_NVIC_EnableIRQ)
    i.HAL_NVIC_SetPriority                   0x080019b4   Section        0  stm32g4xx_hal_cortex.o(i.HAL_NVIC_SetPriority)
    i.HAL_NVIC_SetPriorityGrouping           0x080019f4   Section        0  stm32g4xx_hal_cortex.o(i.HAL_NVIC_SetPriorityGrouping)
    i.HAL_PWREx_ControlVoltageScaling        0x08001a18   Section        0  stm32g4xx_hal_pwr_ex.o(i.HAL_PWREx_ControlVoltageScaling)
    i.HAL_PWREx_DisableUCPDDeadBattery       0x08001ad4   Section        0  stm32g4xx_hal_pwr_ex.o(i.HAL_PWREx_DisableUCPDDeadBattery)
    i.HAL_RCCEx_PeriphCLKConfig              0x08001ae4   Section        0  stm32g4xx_hal_rcc_ex.o(i.HAL_RCCEx_PeriphCLKConfig)
    i.HAL_RCC_ClockConfig                    0x08001d6c   Section        0  stm32g4xx_hal_rcc.o(i.HAL_RCC_ClockConfig)
    i.HAL_RCC_GetPCLK1Freq                   0x08001f48   Section        0  stm32g4xx_hal_rcc.o(i.HAL_RCC_GetPCLK1Freq)
    i.HAL_RCC_GetPCLK2Freq                   0x08001f6c   Section        0  stm32g4xx_hal_rcc.o(i.HAL_RCC_GetPCLK2Freq)
    i.HAL_RCC_GetSysClockFreq                0x08001f90   Section        0  stm32g4xx_hal_rcc.o(i.HAL_RCC_GetSysClockFreq)
    i.HAL_RCC_OscConfig                      0x08002000   Section        0  stm32g4xx_hal_rcc.o(i.HAL_RCC_OscConfig)
    i.HAL_SYSTICK_Config                     0x0800240c   Section        0  stm32g4xx_hal_cortex.o(i.HAL_SYSTICK_Config)
    i.HAL_TIMEx_Break2Callback               0x08002434   Section        0  stm32g4xx_hal_tim_ex.o(i.HAL_TIMEx_Break2Callback)
    i.HAL_TIMEx_BreakCallback                0x08002436   Section        0  stm32g4xx_hal_tim_ex.o(i.HAL_TIMEx_BreakCallback)
    i.HAL_TIMEx_CommutCallback               0x08002438   Section        0  stm32g4xx_hal_tim_ex.o(i.HAL_TIMEx_CommutCallback)
    i.HAL_TIMEx_DirectionChangeCallback      0x0800243a   Section        0  stm32g4xx_hal_tim_ex.o(i.HAL_TIMEx_DirectionChangeCallback)
    i.HAL_TIMEx_EncoderIndexCallback         0x0800243c   Section        0  stm32g4xx_hal_tim_ex.o(i.HAL_TIMEx_EncoderIndexCallback)
    i.HAL_TIMEx_IndexErrorCallback           0x0800243e   Section        0  stm32g4xx_hal_tim_ex.o(i.HAL_TIMEx_IndexErrorCallback)
    i.HAL_TIMEx_MasterConfigSynchronization  0x08002440   Section        0  stm32g4xx_hal_tim_ex.o(i.HAL_TIMEx_MasterConfigSynchronization)
    i.HAL_TIMEx_TransitionErrorCallback      0x080024dc   Section        0  stm32g4xx_hal_tim_ex.o(i.HAL_TIMEx_TransitionErrorCallback)
    i.HAL_TIM_Base_Init                      0x080024de   Section        0  stm32g4xx_hal_tim.o(i.HAL_TIM_Base_Init)
    i.HAL_TIM_Base_MspInit                   0x08002540   Section        0  tim.o(i.HAL_TIM_Base_MspInit)
    i.HAL_TIM_Base_Start_IT                  0x0800257c   Section        0  stm32g4xx_hal_tim.o(i.HAL_TIM_Base_Start_IT)
    i.HAL_TIM_ConfigClockSource              0x080025f4   Section        0  stm32g4xx_hal_tim.o(i.HAL_TIM_ConfigClockSource)
    i.HAL_TIM_IC_CaptureCallback             0x080026ec   Section        0  stm32g4xx_hal_tim.o(i.HAL_TIM_IC_CaptureCallback)
    i.HAL_TIM_IRQHandler                     0x080026ee   Section        0  stm32g4xx_hal_tim.o(i.HAL_TIM_IRQHandler)
    i.HAL_TIM_OC_DelayElapsedCallback        0x080028ea   Section        0  stm32g4xx_hal_tim.o(i.HAL_TIM_OC_DelayElapsedCallback)
    i.HAL_TIM_PWM_PulseFinishedCallback      0x080028ec   Section        0  stm32g4xx_hal_tim.o(i.HAL_TIM_PWM_PulseFinishedCallback)
    i.HAL_TIM_PeriodElapsedCallback          0x080028f0   Section        0  main.o(i.HAL_TIM_PeriodElapsedCallback)
    i.HAL_TIM_TriggerCallback                0x08002924   Section        0  stm32g4xx_hal_tim.o(i.HAL_TIM_TriggerCallback)
    i.HAL_UARTEx_DisableFifoMode             0x08002926   Section        0  stm32g4xx_hal_uart_ex.o(i.HAL_UARTEx_DisableFifoMode)
    i.HAL_UARTEx_RxEventCallback             0x08002964   Section        0  stm32g4xx_hal_uart.o(i.HAL_UARTEx_RxEventCallback)
    i.HAL_UARTEx_RxFifoFullCallback          0x08002966   Section        0  stm32g4xx_hal_uart_ex.o(i.HAL_UARTEx_RxFifoFullCallback)
    i.HAL_UARTEx_SetRxFifoThreshold          0x08002968   Section        0  stm32g4xx_hal_uart_ex.o(i.HAL_UARTEx_SetRxFifoThreshold)
    i.HAL_UARTEx_SetTxFifoThreshold          0x080029b4   Section        0  stm32g4xx_hal_uart_ex.o(i.HAL_UARTEx_SetTxFifoThreshold)
    i.HAL_UARTEx_TxFifoEmptyCallback         0x08002a00   Section        0  stm32g4xx_hal_uart_ex.o(i.HAL_UARTEx_TxFifoEmptyCallback)
    i.HAL_UARTEx_WakeupCallback              0x08002a02   Section        0  stm32g4xx_hal_uart_ex.o(i.HAL_UARTEx_WakeupCallback)
    i.HAL_UART_ErrorCallback                 0x08002a04   Section        0  stm32g4xx_hal_uart.o(i.HAL_UART_ErrorCallback)
    i.HAL_UART_IRQHandler                    0x08002a08   Section        0  stm32g4xx_hal_uart.o(i.HAL_UART_IRQHandler)
    i.HAL_UART_Init                          0x08002c8c   Section        0  stm32g4xx_hal_uart.o(i.HAL_UART_Init)
    i.HAL_UART_MspInit                       0x08002cf8   Section        0  usart.o(i.HAL_UART_MspInit)
    i.HAL_UART_Receive_IT                    0x08002d6c   Section        0  stm32g4xx_hal_uart.o(i.HAL_UART_Receive_IT)
    i.HAL_UART_RxCpltCallback                0x08002db8   Section        0  main.o(i.HAL_UART_RxCpltCallback)
    i.HAL_UART_Transmit                      0x08002e24   Section        0  stm32g4xx_hal_uart.o(i.HAL_UART_Transmit)
    i.HAL_UART_TxCpltCallback                0x08002ee0   Section        0  stm32g4xx_hal_uart.o(i.HAL_UART_TxCpltCallback)
    i.HardFault_Handler                      0x08002ee2   Section        0  stm32g4xx_it.o(i.HardFault_Handler)
    i.LCD_Clear                              0x08002ee4   Section        0  lcd.o(i.LCD_Clear)
    i.LCD_Delay                              0x08002f08   Section        0  lcd.o(i.LCD_Delay)
    i.LCD_DisplayChar                        0x08002f24   Section        0  lcd.o(i.LCD_DisplayChar)
    i.LCD_DisplayStringLine                  0x08002f3c   Section        0  lcd.o(i.LCD_DisplayStringLine)
    i.LCD_DrawChar                           0x08002f70   Section        0  lcd.o(i.LCD_DrawChar)
    i.LCD_Init                               0x08002fc8   Section        0  lcd.o(i.LCD_Init)
    i.LCD_Proc                               0x08003020   Section        0  main.o(i.LCD_Proc)
    i.LCD_SetBackColor                       0x0800305c   Section        0  lcd.o(i.LCD_SetBackColor)
    i.LCD_SetCursor                          0x08003068   Section        0  lcd.o(i.LCD_SetCursor)
    i.LCD_SetTextColor                       0x08003080   Section        0  lcd.o(i.LCD_SetTextColor)
    i.LCD_Write                              0x0800308c   Section        0  lcd.o(i.LCD_Write)
    i.LCD_WriteRAM                           0x080030e4   Section        0  lcd.o(i.LCD_WriteRAM)
    i.LCD_WriteRAM_Prepare                   0x080030ec   Section        0  lcd.o(i.LCD_WriteRAM_Prepare)
    i.LCD_WriteReg                           0x080030f4   Section        0  lcd.o(i.LCD_WriteReg)
    i.LED_Displacement                       0x0800310c   Section        0  led.o(i.LED_Displacement)
    i.LED_Process                            0x08003134   Section        0  led.o(i.LED_Process)
    i.LED_Unlock                             0x08003144   Section        0  led.o(i.LED_Unlock)
    i.LL_ADC_GetOffsetChannel                0x08003164   Section        0  stm32g4xx_hal_adc.o(i.LL_ADC_GetOffsetChannel)
    LL_ADC_GetOffsetChannel                  0x08003165   Thumb Code    12  stm32g4xx_hal_adc.o(i.LL_ADC_GetOffsetChannel)
    i.LL_ADC_INJ_IsConversionOngoing         0x08003170   Section        0  stm32g4xx_hal_adc.o(i.LL_ADC_INJ_IsConversionOngoing)
    LL_ADC_INJ_IsConversionOngoing           0x08003171   Thumb Code     8  stm32g4xx_hal_adc.o(i.LL_ADC_INJ_IsConversionOngoing)
    i.LL_ADC_REG_IsConversionOngoing         0x08003178   Section        0  stm32g4xx_hal_adc.o(i.LL_ADC_REG_IsConversionOngoing)
    LL_ADC_REG_IsConversionOngoing           0x08003179   Thumb Code     8  stm32g4xx_hal_adc.o(i.LL_ADC_REG_IsConversionOngoing)
    i.LL_ADC_REG_IsConversionOngoing         0x08003180   Section        0  stm32g4xx_hal_adc_ex.o(i.LL_ADC_REG_IsConversionOngoing)
    LL_ADC_REG_IsConversionOngoing           0x08003181   Thumb Code     8  stm32g4xx_hal_adc_ex.o(i.LL_ADC_REG_IsConversionOngoing)
    i.LL_ADC_REG_IsTriggerSourceSWStart      0x08003188   Section        0  stm32g4xx_hal_adc.o(i.LL_ADC_REG_IsTriggerSourceSWStart)
    LL_ADC_REG_IsTriggerSourceSWStart        0x08003189   Thumb Code    16  stm32g4xx_hal_adc.o(i.LL_ADC_REG_IsTriggerSourceSWStart)
    i.LL_ADC_SetChannelSamplingTime          0x08003198   Section        0  stm32g4xx_hal_adc.o(i.LL_ADC_SetChannelSamplingTime)
    LL_ADC_SetChannelSamplingTime            0x08003199   Thumb Code    30  stm32g4xx_hal_adc.o(i.LL_ADC_SetChannelSamplingTime)
    i.LL_ADC_SetOffsetState                  0x080031b6   Section        0  stm32g4xx_hal_adc.o(i.LL_ADC_SetOffsetState)
    LL_ADC_SetOffsetState                    0x080031b7   Thumb Code    16  stm32g4xx_hal_adc.o(i.LL_ADC_SetOffsetState)
    i.MX_ADC1_Init                           0x080031c8   Section        0  adc.o(i.MX_ADC1_Init)
    i.MX_GPIO_Init                           0x08003278   Section        0  gpio.o(i.MX_GPIO_Init)
    i.MX_TIM8_Init                           0x080033a0   Section        0  tim.o(i.MX_TIM8_Init)
    i.MX_USART1_UART_Init                    0x08003410   Section        0  usart.o(i.MX_USART1_UART_Init)
    i.MemManage_Handler                      0x08003478   Section        0  stm32g4xx_it.o(i.MemManage_Handler)
    i.NMI_Handler                            0x0800347a   Section        0  stm32g4xx_it.o(i.NMI_Handler)
    i.PendSV_Handler                         0x0800347c   Section        0  stm32g4xx_it.o(i.PendSV_Handler)
    i.SVC_Handler                            0x0800347e   Section        0  stm32g4xx_it.o(i.SVC_Handler)
    i.SysTick_Handler                        0x08003480   Section        0  stm32g4xx_it.o(i.SysTick_Handler)
    i.SystemClock_Config                     0x08003484   Section        0  main.o(i.SystemClock_Config)
    i.SystemInit                             0x0800350c   Section        0  system_stm32g4xx.o(i.SystemInit)
    i.TIM8_UP_IRQHandler                     0x0800351c   Section        0  stm32g4xx_it.o(i.TIM8_UP_IRQHandler)
    i.TIM_Base_SetConfig                     0x08003528   Section        0  stm32g4xx_hal_tim.o(i.TIM_Base_SetConfig)
    i.TIM_ETR_SetConfig                      0x080035d8   Section        0  stm32g4xx_hal_tim.o(i.TIM_ETR_SetConfig)
    i.TIM_ITRx_SetConfig                     0x080035ec   Section        0  stm32g4xx_hal_tim.o(i.TIM_ITRx_SetConfig)
    TIM_ITRx_SetConfig                       0x080035ed   Thumb Code    16  stm32g4xx_hal_tim.o(i.TIM_ITRx_SetConfig)
    i.TIM_TI1_ConfigInputStage               0x08003600   Section        0  stm32g4xx_hal_tim.o(i.TIM_TI1_ConfigInputStage)
    TIM_TI1_ConfigInputStage                 0x08003601   Thumb Code    34  stm32g4xx_hal_tim.o(i.TIM_TI1_ConfigInputStage)
    i.TIM_TI2_ConfigInputStage               0x08003622   Section        0  stm32g4xx_hal_tim.o(i.TIM_TI2_ConfigInputStage)
    TIM_TI2_ConfigInputStage                 0x08003623   Thumb Code    36  stm32g4xx_hal_tim.o(i.TIM_TI2_ConfigInputStage)
    i.UARTEx_SetNbDataToProcess              0x08003648   Section        0  stm32g4xx_hal_uart_ex.o(i.UARTEx_SetNbDataToProcess)
    UARTEx_SetNbDataToProcess                0x08003649   Thumb Code    62  stm32g4xx_hal_uart_ex.o(i.UARTEx_SetNbDataToProcess)
    i.UART_AdvFeatureConfig                  0x0800368c   Section        0  stm32g4xx_hal_uart.o(i.UART_AdvFeatureConfig)
    i.UART_CheckIdleState                    0x08003754   Section        0  stm32g4xx_hal_uart.o(i.UART_CheckIdleState)
    i.UART_DMAAbortOnError                   0x080037b4   Section        0  stm32g4xx_hal_uart.o(i.UART_DMAAbortOnError)
    UART_DMAAbortOnError                     0x080037b5   Thumb Code    20  stm32g4xx_hal_uart.o(i.UART_DMAAbortOnError)
    i.UART_EndRxTransfer                     0x080037c8   Section        0  stm32g4xx_hal_uart.o(i.UART_EndRxTransfer)
    UART_EndRxTransfer                       0x080037c9   Thumb Code    50  stm32g4xx_hal_uart.o(i.UART_EndRxTransfer)
    i.UART_RxISR_16BIT                       0x08003800   Section        0  stm32g4xx_hal_uart.o(i.UART_RxISR_16BIT)
    UART_RxISR_16BIT                         0x08003801   Thumb Code   128  stm32g4xx_hal_uart.o(i.UART_RxISR_16BIT)
    i.UART_RxISR_16BIT_FIFOEN                0x08003880   Section        0  stm32g4xx_hal_uart.o(i.UART_RxISR_16BIT_FIFOEN)
    UART_RxISR_16BIT_FIFOEN                  0x08003881   Thumb Code   306  stm32g4xx_hal_uart.o(i.UART_RxISR_16BIT_FIFOEN)
    i.UART_RxISR_8BIT                        0x080039bc   Section        0  stm32g4xx_hal_uart.o(i.UART_RxISR_8BIT)
    UART_RxISR_8BIT                          0x080039bd   Thumb Code   128  stm32g4xx_hal_uart.o(i.UART_RxISR_8BIT)
    i.UART_RxISR_8BIT_FIFOEN                 0x08003a3c   Section        0  stm32g4xx_hal_uart.o(i.UART_RxISR_8BIT_FIFOEN)
    UART_RxISR_8BIT_FIFOEN                   0x08003a3d   Thumb Code   306  stm32g4xx_hal_uart.o(i.UART_RxISR_8BIT_FIFOEN)
    i.UART_SetConfig                         0x08003b78   Section        0  stm32g4xx_hal_uart.o(i.UART_SetConfig)
    i.UART_Start_Receive_IT                  0x08003dec   Section        0  stm32g4xx_hal_uart.o(i.UART_Start_Receive_IT)
    i.UART_WaitOnFlagUntilTimeout            0x08003ec4   Section        0  stm32g4xx_hal_uart.o(i.UART_WaitOnFlagUntilTimeout)
    i.USART1_IRQHandler                      0x08003f68   Section        0  stm32g4xx_it.o(i.USART1_IRQHandler)
    i.UsageFault_Handler                     0x08003f74   Section        0  stm32g4xx_it.o(i.UsageFault_Handler)
    i.__NVIC_SetPriority                     0x08003f76   Section        0  stm32g4xx_hal_cortex.o(i.__NVIC_SetPriority)
    __NVIC_SetPriority                       0x08003f77   Thumb Code    32  stm32g4xx_hal_cortex.o(i.__NVIC_SetPriority)
    i._is_digit                              0x08003f96   Section        0  __printf_wp.o(i._is_digit)
    i.main                                   0x08003fa4   Section        0  main.o(i.main)
    x$fpl$fpinit                             0x08004000   Section       10  fpinit.o(x$fpl$fpinit)
    $v0                                      0x08004000   Number         0  fpinit.o(x$fpl$fpinit)
    .constdata                               0x0800400a   Section       24  stm32g4xx_hal_uart.o(.constdata)
    .constdata                               0x08004022   Section       16  stm32g4xx_hal_uart_ex.o(.constdata)
    numerator                                0x08004022   Data           8  stm32g4xx_hal_uart_ex.o(.constdata)
    denominator                              0x0800402a   Data           8  stm32g4xx_hal_uart_ex.o(.constdata)
    .constdata                               0x08004032   Section       16  system_stm32g4xx.o(.constdata)
    .constdata                               0x08004042   Section        8  system_stm32g4xx.o(.constdata)
    .constdata                               0x0800404a   Section       17  __printf_flags_wp.o(.constdata)
    maptable                                 0x0800404a   Data          17  __printf_flags_wp.o(.constdata)
    .data                                    0x20000000   Section       12  main.o(.data)
    .data                                    0x2000000c   Section     4564  lcd.o(.data)
    .data                                    0x200011e0   Section       12  stm32g4xx_hal.o(.data)
    .data                                    0x200011ec   Section        4  system_stm32g4xx.o(.data)
    .bss                                     0x200011f0   Section       21  main.o(.bss)
    .bss                                     0x20001208   Section      108  adc.o(.bss)
    .bss                                     0x20001274   Section       76  tim.o(.bss)
    .bss                                     0x200012c0   Section      144  usart.o(.bss)
    .bss                                     0x20001350   Section       96  libspace.o(.bss)
    HEAP                                     0x200013b0   Section      512  startup_stm32g431xx.o(HEAP)
    Heap_Mem                                 0x200013b0   Data         512  startup_stm32g431xx.o(HEAP)
    STACK                                    0x200015b0   Section     1024  startup_stm32g431xx.o(STACK)
    Stack_Mem                                0x200015b0   Data        1024  startup_stm32g431xx.o(STACK)
    __initial_sp                             0x200019b0   Data           0  startup_stm32g431xx.o(STACK)

    Global Symbols

    Symbol Name                              Value     Ov Type        Size  Object(Section)

    BuildAttributes$$THM_ISAv4$E$P$D$K$B$S$7EM$VFPi3$EXTD16$VFPS$VFMA$PE$A:L22UL41UL21$X:L11$S22US41US21$IEEE1$IW$USESV6$~STKCKD$USESV7$~SHL$OSPACE$ROPI$EBA8$UX$STANDARDLIB$REQ8$PRES8$EABIv2 0x00000000   Number         0  anon$$obj.o ABSOLUTE
    __ARM_use_no_argv                        0x00000000   Number         0  main.o ABSOLUTE
    _printf_flags                            0x00000000   Number         0  printf_stubs.o ABSOLUTE
    _printf_return_value                     0x00000000   Number         0  printf_stubs.o ABSOLUTE
    _printf_sizespec                         0x00000000   Number         0  printf_stubs.o ABSOLUTE
    _printf_widthprec                        0x00000000   Number         0  printf_stubs.o ABSOLUTE
    __ARM_exceptions_init                     - Undefined Weak Reference
    __alloca_initialize                       - Undefined Weak Reference
    __arm_preinit_                            - Undefined Weak Reference
    __cpp_initialize__aeabi_                  - Undefined Weak Reference
    __cxa_finalize                            - Undefined Weak Reference
    __rt_locale                               - Undefined Weak Reference
    __sigvec_lookup                           - Undefined Weak Reference
    _atexit_init                              - Undefined Weak Reference
    _call_atexit_fns                          - Undefined Weak Reference
    _clock_init                               - Undefined Weak Reference
    _fp_trap_init                             - Undefined Weak Reference
    _fp_trap_shutdown                         - Undefined Weak Reference
    _get_lc_collate                           - Undefined Weak Reference
    _get_lc_ctype                             - Undefined Weak Reference
    _get_lc_monetary                          - Undefined Weak Reference
    _get_lc_numeric                           - Undefined Weak Reference
    _get_lc_time                              - Undefined Weak Reference
    _getenv_init                              - Undefined Weak Reference
    _handle_redirection                       - Undefined Weak Reference
    _init_alloc                               - Undefined Weak Reference
    _init_user_alloc                          - Undefined Weak Reference
    _initio                                   - Undefined Weak Reference
    _printf_truncate_signed                   - Undefined Weak Reference
    _printf_truncate_unsigned                 - Undefined Weak Reference
    _rand_init                                - Undefined Weak Reference
    _signal_finish                            - Undefined Weak Reference
    _signal_init                              - Undefined Weak Reference
    _terminate_alloc                          - Undefined Weak Reference
    _terminate_user_alloc                     - Undefined Weak Reference
    _terminateio                              - Undefined Weak Reference
    __Vectors_Size                           0x000001d8   Number         0  startup_stm32g431xx.o ABSOLUTE
    __Vectors                                0x08000000   Data           4  startup_stm32g431xx.o(RESET)
    __Vectors_End                            0x080001d8   Data           0  startup_stm32g431xx.o(RESET)
    __main                                   0x080001d9   Thumb Code     8  __main.o(!!!main)
    __scatterload                            0x080001e1   Thumb Code     0  __scatter.o(!!!scatter)
    __scatterload_rt2                        0x080001e1   Thumb Code    44  __scatter.o(!!!scatter)
    __scatterload_rt2_thumb_only             0x080001e1   Thumb Code     0  __scatter.o(!!!scatter)
    __scatterload_null                       0x080001ef   Thumb Code     0  __scatter.o(!!!scatter)
    __decompress                             0x08000215   Thumb Code   100  __dclz77c.o(!!dclz77c)
    __decompress2                            0x08000215   Thumb Code     0  __dclz77c.o(!!dclz77c)
    __scatterload_zeroinit                   0x08000279   Thumb Code    28  __scatter_zi.o(!!handler_zi)
    _printf_percent                          0x08000295   Thumb Code     0  _printf_percent.o(.ARM.Collect$$_printf_percent$$00000000)
    _printf_u                                0x08000295   Thumb Code     0  _printf_u.o(.ARM.Collect$$_printf_percent$$0000000A)
    _printf_percent_end                      0x0800029b   Thumb Code     0  _printf_percent_end.o(.ARM.Collect$$_printf_percent$$00000017)
    __rt_lib_init                            0x0800029f   Thumb Code     0  libinit.o(.ARM.Collect$$libinit$$00000000)
    __rt_lib_init_fp_1                       0x080002a1   Thumb Code     0  libinit2.o(.ARM.Collect$$libinit$$00000001)
    __rt_lib_init_alloca_1                   0x080002a5   Thumb Code     0  libinit2.o(.ARM.Collect$$libinit$$0000002E)
    __rt_lib_init_argv_1                     0x080002a5   Thumb Code     0  libinit2.o(.ARM.Collect$$libinit$$0000002C)
    __rt_lib_init_atexit_1                   0x080002a5   Thumb Code     0  libinit2.o(.ARM.Collect$$libinit$$0000001B)
    __rt_lib_init_clock_1                    0x080002a5   Thumb Code     0  libinit2.o(.ARM.Collect$$libinit$$00000021)
    __rt_lib_init_cpp_1                      0x080002a5   Thumb Code     0  libinit2.o(.ARM.Collect$$libinit$$00000032)
    __rt_lib_init_exceptions_1               0x080002a5   Thumb Code     0  libinit2.o(.ARM.Collect$$libinit$$00000030)
    __rt_lib_init_fp_trap_1                  0x080002a5   Thumb Code     0  libinit2.o(.ARM.Collect$$libinit$$0000001F)
    __rt_lib_init_getenv_1                   0x080002a5   Thumb Code     0  libinit2.o(.ARM.Collect$$libinit$$00000023)
    __rt_lib_init_heap_1                     0x080002a5   Thumb Code     0  libinit2.o(.ARM.Collect$$libinit$$0000000A)
    __rt_lib_init_lc_collate_1               0x080002a5   Thumb Code     0  libinit2.o(.ARM.Collect$$libinit$$00000011)
    __rt_lib_init_lc_ctype_1                 0x080002a5   Thumb Code     0  libinit2.o(.ARM.Collect$$libinit$$00000013)
    __rt_lib_init_lc_monetary_1              0x080002a5   Thumb Code     0  libinit2.o(.ARM.Collect$$libinit$$00000015)
    __rt_lib_init_lc_numeric_1               0x080002a5   Thumb Code     0  libinit2.o(.ARM.Collect$$libinit$$00000017)
    __rt_lib_init_lc_time_1                  0x080002a5   Thumb Code     0  libinit2.o(.ARM.Collect$$libinit$$00000019)
    __rt_lib_init_preinit_1                  0x080002a5   Thumb Code     0  libinit2.o(.ARM.Collect$$libinit$$00000004)
    __rt_lib_init_rand_1                     0x080002a5   Thumb Code     0  libinit2.o(.ARM.Collect$$libinit$$0000000E)
    __rt_lib_init_return                     0x080002a5   Thumb Code     0  libinit2.o(.ARM.Collect$$libinit$$00000033)
    __rt_lib_init_signal_1                   0x080002a5   Thumb Code     0  libinit2.o(.ARM.Collect$$libinit$$0000001D)
    __rt_lib_init_stdio_1                    0x080002a5   Thumb Code     0  libinit2.o(.ARM.Collect$$libinit$$00000025)
    __rt_lib_init_user_alloc_1               0x080002a5   Thumb Code     0  libinit2.o(.ARM.Collect$$libinit$$0000000C)
    __rt_lib_shutdown                        0x080002a7   Thumb Code     0  libshutdown.o(.ARM.Collect$$libshutdown$$00000000)
    __rt_lib_shutdown_cpp_1                  0x080002a9   Thumb Code     0  libshutdown2.o(.ARM.Collect$$libshutdown$$00000002)
    __rt_lib_shutdown_fp_trap_1              0x080002a9   Thumb Code     0  libshutdown2.o(.ARM.Collect$$libshutdown$$00000007)
    __rt_lib_shutdown_heap_1                 0x080002a9   Thumb Code     0  libshutdown2.o(.ARM.Collect$$libshutdown$$0000000F)
    __rt_lib_shutdown_return                 0x080002a9   Thumb Code     0  libshutdown2.o(.ARM.Collect$$libshutdown$$00000010)
    __rt_lib_shutdown_signal_1               0x080002a9   Thumb Code     0  libshutdown2.o(.ARM.Collect$$libshutdown$$0000000A)
    __rt_lib_shutdown_stdio_1                0x080002a9   Thumb Code     0  libshutdown2.o(.ARM.Collect$$libshutdown$$00000004)
    __rt_lib_shutdown_user_alloc_1           0x080002a9   Thumb Code     0  libshutdown2.o(.ARM.Collect$$libshutdown$$0000000C)
    __rt_entry                               0x080002ab   Thumb Code     0  __rtentry.o(.ARM.Collect$$rtentry$$00000000)
    __rt_entry_presh_1                       0x080002ab   Thumb Code     0  __rtentry2.o(.ARM.Collect$$rtentry$$00000002)
    __rt_entry_sh                            0x080002ab   Thumb Code     0  __rtentry4.o(.ARM.Collect$$rtentry$$00000004)
    __rt_entry_li                            0x080002b1   Thumb Code     0  __rtentry2.o(.ARM.Collect$$rtentry$$0000000A)
    __rt_entry_postsh_1                      0x080002b1   Thumb Code     0  __rtentry2.o(.ARM.Collect$$rtentry$$00000009)
    __rt_entry_main                          0x080002b5   Thumb Code     0  __rtentry2.o(.ARM.Collect$$rtentry$$0000000D)
    __rt_entry_postli_1                      0x080002b5   Thumb Code     0  __rtentry2.o(.ARM.Collect$$rtentry$$0000000C)
    __rt_exit                                0x080002bd   Thumb Code     0  rtexit.o(.ARM.Collect$$rtexit$$00000000)
    __rt_exit_ls                             0x080002bf   Thumb Code     0  rtexit2.o(.ARM.Collect$$rtexit$$00000003)
    __rt_exit_prels_1                        0x080002bf   Thumb Code     0  rtexit2.o(.ARM.Collect$$rtexit$$00000002)
    __rt_exit_exit                           0x080002c3   Thumb Code     0  rtexit2.o(.ARM.Collect$$rtexit$$00000004)
    Reset_Handler                            0x080002c9   Thumb Code     8  startup_stm32g431xx.o(.text)
    COMP1_2_3_IRQHandler                     0x080002e3   Thumb Code     0  startup_stm32g431xx.o(.text)
    COMP4_IRQHandler                         0x080002e3   Thumb Code     0  startup_stm32g431xx.o(.text)
    CORDIC_IRQHandler                        0x080002e3   Thumb Code     0  startup_stm32g431xx.o(.text)
    CRS_IRQHandler                           0x080002e3   Thumb Code     0  startup_stm32g431xx.o(.text)
    DMA1_Channel1_IRQHandler                 0x080002e3   Thumb Code     0  startup_stm32g431xx.o(.text)
    DMA1_Channel2_IRQHandler                 0x080002e3   Thumb Code     0  startup_stm32g431xx.o(.text)
    DMA1_Channel3_IRQHandler                 0x080002e3   Thumb Code     0  startup_stm32g431xx.o(.text)
    DMA1_Channel4_IRQHandler                 0x080002e3   Thumb Code     0  startup_stm32g431xx.o(.text)
    DMA1_Channel5_IRQHandler                 0x080002e3   Thumb Code     0  startup_stm32g431xx.o(.text)
    DMA1_Channel6_IRQHandler                 0x080002e3   Thumb Code     0  startup_stm32g431xx.o(.text)
    DMA2_Channel1_IRQHandler                 0x080002e3   Thumb Code     0  startup_stm32g431xx.o(.text)
    DMA2_Channel2_IRQHandler                 0x080002e3   Thumb Code     0  startup_stm32g431xx.o(.text)
    DMA2_Channel3_IRQHandler                 0x080002e3   Thumb Code     0  startup_stm32g431xx.o(.text)
    DMA2_Channel4_IRQHandler                 0x080002e3   Thumb Code     0  startup_stm32g431xx.o(.text)
    DMA2_Channel5_IRQHandler                 0x080002e3   Thumb Code     0  startup_stm32g431xx.o(.text)
    DMA2_Channel6_IRQHandler                 0x080002e3   Thumb Code     0  startup_stm32g431xx.o(.text)
    DMAMUX_OVR_IRQHandler                    0x080002e3   Thumb Code     0  startup_stm32g431xx.o(.text)
    EXTI0_IRQHandler                         0x080002e3   Thumb Code     0  startup_stm32g431xx.o(.text)
    EXTI15_10_IRQHandler                     0x080002e3   Thumb Code     0  startup_stm32g431xx.o(.text)
    EXTI1_IRQHandler                         0x080002e3   Thumb Code     0  startup_stm32g431xx.o(.text)
    EXTI2_IRQHandler                         0x080002e3   Thumb Code     0  startup_stm32g431xx.o(.text)
    EXTI3_IRQHandler                         0x080002e3   Thumb Code     0  startup_stm32g431xx.o(.text)
    EXTI4_IRQHandler                         0x080002e3   Thumb Code     0  startup_stm32g431xx.o(.text)
    EXTI9_5_IRQHandler                       0x080002e3   Thumb Code     0  startup_stm32g431xx.o(.text)
    FDCAN1_IT0_IRQHandler                    0x080002e3   Thumb Code     0  startup_stm32g431xx.o(.text)
    FDCAN1_IT1_IRQHandler                    0x080002e3   Thumb Code     0  startup_stm32g431xx.o(.text)
    FLASH_IRQHandler                         0x080002e3   Thumb Code     0  startup_stm32g431xx.o(.text)
    FMAC_IRQHandler                          0x080002e3   Thumb Code     0  startup_stm32g431xx.o(.text)
    FPU_IRQHandler                           0x080002e3   Thumb Code     0  startup_stm32g431xx.o(.text)
    I2C1_ER_IRQHandler                       0x080002e3   Thumb Code     0  startup_stm32g431xx.o(.text)
    I2C1_EV_IRQHandler                       0x080002e3   Thumb Code     0  startup_stm32g431xx.o(.text)
    I2C2_ER_IRQHandler                       0x080002e3   Thumb Code     0  startup_stm32g431xx.o(.text)
    I2C2_EV_IRQHandler                       0x080002e3   Thumb Code     0  startup_stm32g431xx.o(.text)
    I2C3_ER_IRQHandler                       0x080002e3   Thumb Code     0  startup_stm32g431xx.o(.text)
    I2C3_EV_IRQHandler                       0x080002e3   Thumb Code     0  startup_stm32g431xx.o(.text)
    LPTIM1_IRQHandler                        0x080002e3   Thumb Code     0  startup_stm32g431xx.o(.text)
    LPUART1_IRQHandler                       0x080002e3   Thumb Code     0  startup_stm32g431xx.o(.text)
    PVD_PVM_IRQHandler                       0x080002e3   Thumb Code     0  startup_stm32g431xx.o(.text)
    RCC_IRQHandler                           0x080002e3   Thumb Code     0  startup_stm32g431xx.o(.text)
    RNG_IRQHandler                           0x080002e3   Thumb Code     0  startup_stm32g431xx.o(.text)
    RTC_Alarm_IRQHandler                     0x080002e3   Thumb Code     0  startup_stm32g431xx.o(.text)
    RTC_TAMP_LSECSS_IRQHandler               0x080002e3   Thumb Code     0  startup_stm32g431xx.o(.text)
    RTC_WKUP_IRQHandler                      0x080002e3   Thumb Code     0  startup_stm32g431xx.o(.text)
    SAI1_IRQHandler                          0x080002e3   Thumb Code     0  startup_stm32g431xx.o(.text)
    SPI1_IRQHandler                          0x080002e3   Thumb Code     0  startup_stm32g431xx.o(.text)
    SPI2_IRQHandler                          0x080002e3   Thumb Code     0  startup_stm32g431xx.o(.text)
    SPI3_IRQHandler                          0x080002e3   Thumb Code     0  startup_stm32g431xx.o(.text)
    TIM1_BRK_TIM15_IRQHandler                0x080002e3   Thumb Code     0  startup_stm32g431xx.o(.text)
    TIM1_CC_IRQHandler                       0x080002e3   Thumb Code     0  startup_stm32g431xx.o(.text)
    TIM1_TRG_COM_TIM17_IRQHandler            0x080002e3   Thumb Code     0  startup_stm32g431xx.o(.text)
    TIM1_UP_TIM16_IRQHandler                 0x080002e3   Thumb Code     0  startup_stm32g431xx.o(.text)
    TIM2_IRQHandler                          0x080002e3   Thumb Code     0  startup_stm32g431xx.o(.text)
    TIM3_IRQHandler                          0x080002e3   Thumb Code     0  startup_stm32g431xx.o(.text)
    TIM4_IRQHandler                          0x080002e3   Thumb Code     0  startup_stm32g431xx.o(.text)
    TIM6_DAC_IRQHandler                      0x080002e3   Thumb Code     0  startup_stm32g431xx.o(.text)
    TIM7_IRQHandler                          0x080002e3   Thumb Code     0  startup_stm32g431xx.o(.text)
    TIM8_BRK_IRQHandler                      0x080002e3   Thumb Code     0  startup_stm32g431xx.o(.text)
    TIM8_CC_IRQHandler                       0x080002e3   Thumb Code     0  startup_stm32g431xx.o(.text)
    TIM8_TRG_COM_IRQHandler                  0x080002e3   Thumb Code     0  startup_stm32g431xx.o(.text)
    UART4_IRQHandler                         0x080002e3   Thumb Code     0  startup_stm32g431xx.o(.text)
    UCPD1_IRQHandler                         0x080002e3   Thumb Code     0  startup_stm32g431xx.o(.text)
    USART2_IRQHandler                        0x080002e3   Thumb Code     0  startup_stm32g431xx.o(.text)
    USART3_IRQHandler                        0x080002e3   Thumb Code     0  startup_stm32g431xx.o(.text)
    USBWakeUp_IRQHandler                     0x080002e3   Thumb Code     0  startup_stm32g431xx.o(.text)
    USB_HP_IRQHandler                        0x080002e3   Thumb Code     0  startup_stm32g431xx.o(.text)
    USB_LP_IRQHandler                        0x080002e3   Thumb Code     0  startup_stm32g431xx.o(.text)
    WWDG_IRQHandler                          0x080002e3   Thumb Code     0  startup_stm32g431xx.o(.text)
    __user_initial_stackheap                 0x080002e5   Thumb Code     0  startup_stm32g431xx.o(.text)
    __aeabi_uldivmod                         0x08000309   Thumb Code     0  lludivv7m.o(.text)
    _ll_udiv                                 0x08000309   Thumb Code   238  lludivv7m.o(.text)
    __2sprintf                               0x080003f9   Thumb Code    34  noretval__2sprintf.o(.text)
    _printf_pre_padding                      0x08000421   Thumb Code    44  _printf_pad.o(.text)
    _printf_post_padding                     0x0800044d   Thumb Code    34  _printf_pad.o(.text)
    _printf_int_dec                          0x08000471   Thumb Code   104  _printf_dec.o(.text)
    __printf                                 0x080004e9   Thumb Code   308  __printf_flags_wp.o(.text)
    __aeabi_memclr4                          0x08000621   Thumb Code     0  rt_memclr_w.o(.text)
    __aeabi_memclr8                          0x08000621   Thumb Code     0  rt_memclr_w.o(.text)
    __rt_memclr_w                            0x08000621   Thumb Code    78  rt_memclr_w.o(.text)
    _memset_w                                0x08000625   Thumb Code     0  rt_memclr_w.o(.text)
    __use_two_region_memory                  0x0800066f   Thumb Code     2  heapauxi.o(.text)
    __rt_heap_escrow$2region                 0x08000671   Thumb Code     2  heapauxi.o(.text)
    __rt_heap_expand$2region                 0x08000673   Thumb Code     2  heapauxi.o(.text)
    _printf_int_common                       0x08000675   Thumb Code   178  _printf_intcommon.o(.text)
    _printf_char_common                      0x08000733   Thumb Code    32  _printf_char_common.o(.text)
    _sputc                                   0x08000759   Thumb Code    10  _sputc.o(.text)
    __user_setup_stackheap                   0x08000763   Thumb Code    74  sys_stackheap_outer.o(.text)
    exit                                     0x080007ad   Thumb Code    18  exit.o(.text)
    __user_libspace                          0x080007c1   Thumb Code     8  libspace.o(.text)
    __user_perproc_libspace                  0x080007c1   Thumb Code     0  libspace.o(.text)
    __user_perthread_libspace                0x080007c1   Thumb Code     0  libspace.o(.text)
    _sys_exit                                0x080007c9   Thumb Code     8  sys_exit.o(.text)
    __I$use$semihosting                      0x080007d5   Thumb Code     0  use_no_semi.o(.text)
    __use_no_semihosting_swi                 0x080007d5   Thumb Code     2  use_no_semi.o(.text)
    __semihosting_library_function           0x080007d7   Thumb Code     0  indicate_semi.o(.text)
    ADC1_2_IRQHandler                        0x080007d9   Thumb Code     6  stm32g4xx_it.o(i.ADC1_2_IRQHandler)
    ADC_ConversionStop                       0x080007e5   Thumb Code   220  stm32g4xx_hal_adc.o(i.ADC_ConversionStop)
    ADC_Disable                              0x080008c9   Thumb Code   106  stm32g4xx_hal_adc.o(i.ADC_Disable)
    ADC_Enable                               0x08000939   Thumb Code   110  stm32g4xx_hal_adc.o(i.ADC_Enable)
    BusFault_Handler                         0x080009ad   Thumb Code     2  stm32g4xx_it.o(i.BusFault_Handler)
    DebugMon_Handler                         0x080009af   Thumb Code     2  stm32g4xx_it.o(i.DebugMon_Handler)
    Error_Handler                            0x080009b1   Thumb Code     4  main.o(i.Error_Handler)
    HAL_ADCEx_Calibration_Start              0x080009b5   Thumb Code   138  stm32g4xx_hal_adc_ex.o(i.HAL_ADCEx_Calibration_Start)
    HAL_ADCEx_EndOfSamplingCallback          0x08000a49   Thumb Code     2  stm32g4xx_hal_adc_ex.o(i.HAL_ADCEx_EndOfSamplingCallback)
    HAL_ADCEx_InjectedConvCpltCallback       0x08000a4b   Thumb Code     2  stm32g4xx_hal_adc_ex.o(i.HAL_ADCEx_InjectedConvCpltCallback)
    HAL_ADCEx_InjectedQueueOverflowCallback  0x08000a4d   Thumb Code     2  stm32g4xx_hal_adc_ex.o(i.HAL_ADCEx_InjectedQueueOverflowCallback)
    HAL_ADCEx_LevelOutOfWindow2Callback      0x08000a4f   Thumb Code     2  stm32g4xx_hal_adc_ex.o(i.HAL_ADCEx_LevelOutOfWindow2Callback)
    HAL_ADCEx_LevelOutOfWindow3Callback      0x08000a51   Thumb Code     2  stm32g4xx_hal_adc_ex.o(i.HAL_ADCEx_LevelOutOfWindow3Callback)
    HAL_ADCEx_MultiModeConfigChannel         0x08000a55   Thumb Code   208  stm32g4xx_hal_adc_ex.o(i.HAL_ADCEx_MultiModeConfigChannel)
    HAL_ADC_ConfigChannel                    0x08000b2d   Thumb Code  1006  stm32g4xx_hal_adc.o(i.HAL_ADC_ConfigChannel)
    HAL_ADC_ConvCpltCallback                 0x08000f51   Thumb Code    40  main.o(i.HAL_ADC_ConvCpltCallback)
    HAL_ADC_ErrorCallback                    0x08000f91   Thumb Code     2  stm32g4xx_hal_adc.o(i.HAL_ADC_ErrorCallback)
    HAL_ADC_GetValue                         0x08000f93   Thumb Code     6  stm32g4xx_hal_adc.o(i.HAL_ADC_GetValue)
    HAL_ADC_IRQHandler                       0x08000f99   Thumb Code   612  stm32g4xx_hal_adc.o(i.HAL_ADC_IRQHandler)
    HAL_ADC_Init                             0x08001205   Thumb Code   476  stm32g4xx_hal_adc.o(i.HAL_ADC_Init)
    HAL_ADC_LevelOutOfWindowCallback         0x08001401   Thumb Code     2  stm32g4xx_hal_adc.o(i.HAL_ADC_LevelOutOfWindowCallback)
    HAL_ADC_MspInit                          0x08001405   Thumb Code    98  adc.o(i.HAL_ADC_MspInit)
    HAL_ADC_Start_IT                         0x08001471   Thumb Code   362  stm32g4xx_hal_adc.o(i.HAL_ADC_Start_IT)
    HAL_ADC_Stop_IT                          0x080015e9   Thumb Code    72  stm32g4xx_hal_adc.o(i.HAL_ADC_Stop_IT)
    HAL_DMA_Abort                            0x08001631   Thumb Code   106  stm32g4xx_hal_dma.o(i.HAL_DMA_Abort)
    HAL_DMA_Abort_IT                         0x0800169b   Thumb Code   120  stm32g4xx_hal_dma.o(i.HAL_DMA_Abort_IT)
    HAL_GPIO_Init                            0x08001715   Thumb Code   422  stm32g4xx_hal_gpio.o(i.HAL_GPIO_Init)
    HAL_GPIO_WritePin                        0x080018dd   Thumb Code    10  stm32g4xx_hal_gpio.o(i.HAL_GPIO_WritePin)
    HAL_GetTick                              0x080018e9   Thumb Code     6  stm32g4xx_hal.o(i.HAL_GetTick)
    HAL_IncTick                              0x080018f5   Thumb Code    12  stm32g4xx_hal.o(i.HAL_IncTick)
    HAL_Init                                 0x08001905   Thumb Code    30  stm32g4xx_hal.o(i.HAL_Init)
    HAL_InitTick                             0x08001925   Thumb Code    58  stm32g4xx_hal.o(i.HAL_InitTick)
    HAL_MspInit                              0x08001969   Thumb Code    42  stm32g4xx_hal_msp.o(i.HAL_MspInit)
    HAL_NVIC_EnableIRQ                       0x08001999   Thumb Code    26  stm32g4xx_hal_cortex.o(i.HAL_NVIC_EnableIRQ)
    HAL_NVIC_SetPriority                     0x080019b5   Thumb Code    60  stm32g4xx_hal_cortex.o(i.HAL_NVIC_SetPriority)
    HAL_NVIC_SetPriorityGrouping             0x080019f5   Thumb Code    26  stm32g4xx_hal_cortex.o(i.HAL_NVIC_SetPriorityGrouping)
    HAL_PWREx_ControlVoltageScaling          0x08001a19   Thumb Code   174  stm32g4xx_hal_pwr_ex.o(i.HAL_PWREx_ControlVoltageScaling)
    HAL_PWREx_DisableUCPDDeadBattery         0x08001ad5   Thumb Code    12  stm32g4xx_hal_pwr_ex.o(i.HAL_PWREx_DisableUCPDDeadBattery)
    HAL_RCCEx_PeriphCLKConfig                0x08001ae5   Thumb Code   638  stm32g4xx_hal_rcc_ex.o(i.HAL_RCCEx_PeriphCLKConfig)
    HAL_RCC_ClockConfig                      0x08001d6d   Thumb Code   444  stm32g4xx_hal_rcc.o(i.HAL_RCC_ClockConfig)
    HAL_RCC_GetPCLK1Freq                     0x08001f49   Thumb Code    24  stm32g4xx_hal_rcc.o(i.HAL_RCC_GetPCLK1Freq)
    HAL_RCC_GetPCLK2Freq                     0x08001f6d   Thumb Code    24  stm32g4xx_hal_rcc.o(i.HAL_RCC_GetPCLK2Freq)
    HAL_RCC_GetSysClockFreq                  0x08001f91   Thumb Code    98  stm32g4xx_hal_rcc.o(i.HAL_RCC_GetSysClockFreq)
    HAL_RCC_OscConfig                        0x08002001   Thumb Code  1036  stm32g4xx_hal_rcc.o(i.HAL_RCC_OscConfig)
    HAL_SYSTICK_Config                       0x0800240d   Thumb Code    40  stm32g4xx_hal_cortex.o(i.HAL_SYSTICK_Config)
    HAL_TIMEx_Break2Callback                 0x08002435   Thumb Code     2  stm32g4xx_hal_tim_ex.o(i.HAL_TIMEx_Break2Callback)
    HAL_TIMEx_BreakCallback                  0x08002437   Thumb Code     2  stm32g4xx_hal_tim_ex.o(i.HAL_TIMEx_BreakCallback)
    HAL_TIMEx_CommutCallback                 0x08002439   Thumb Code     2  stm32g4xx_hal_tim_ex.o(i.HAL_TIMEx_CommutCallback)
    HAL_TIMEx_DirectionChangeCallback        0x0800243b   Thumb Code     2  stm32g4xx_hal_tim_ex.o(i.HAL_TIMEx_DirectionChangeCallback)
    HAL_TIMEx_EncoderIndexCallback           0x0800243d   Thumb Code     2  stm32g4xx_hal_tim_ex.o(i.HAL_TIMEx_EncoderIndexCallback)
    HAL_TIMEx_IndexErrorCallback             0x0800243f   Thumb Code     2  stm32g4xx_hal_tim_ex.o(i.HAL_TIMEx_IndexErrorCallback)
    HAL_TIMEx_MasterConfigSynchronization    0x08002441   Thumb Code   132  stm32g4xx_hal_tim_ex.o(i.HAL_TIMEx_MasterConfigSynchronization)
    HAL_TIMEx_TransitionErrorCallback        0x080024dd   Thumb Code     2  stm32g4xx_hal_tim_ex.o(i.HAL_TIMEx_TransitionErrorCallback)
    HAL_TIM_Base_Init                        0x080024df   Thumb Code    98  stm32g4xx_hal_tim.o(i.HAL_TIM_Base_Init)
    HAL_TIM_Base_MspInit                     0x08002541   Thumb Code    50  tim.o(i.HAL_TIM_Base_MspInit)
    HAL_TIM_Base_Start_IT                    0x0800257d   Thumb Code    94  stm32g4xx_hal_tim.o(i.HAL_TIM_Base_Start_IT)
    HAL_TIM_ConfigClockSource                0x080025f5   Thumb Code   240  stm32g4xx_hal_tim.o(i.HAL_TIM_ConfigClockSource)
    HAL_TIM_IC_CaptureCallback               0x080026ed   Thumb Code     2  stm32g4xx_hal_tim.o(i.HAL_TIM_IC_CaptureCallback)
    HAL_TIM_IRQHandler                       0x080026ef   Thumb Code   508  stm32g4xx_hal_tim.o(i.HAL_TIM_IRQHandler)
    HAL_TIM_OC_DelayElapsedCallback          0x080028eb   Thumb Code     2  stm32g4xx_hal_tim.o(i.HAL_TIM_OC_DelayElapsedCallback)
    HAL_TIM_PWM_PulseFinishedCallback        0x080028ed   Thumb Code     2  stm32g4xx_hal_tim.o(i.HAL_TIM_PWM_PulseFinishedCallback)
    HAL_TIM_PeriodElapsedCallback            0x080028f1   Thumb Code    40  main.o(i.HAL_TIM_PeriodElapsedCallback)
    HAL_TIM_TriggerCallback                  0x08002925   Thumb Code     2  stm32g4xx_hal_tim.o(i.HAL_TIM_TriggerCallback)
    HAL_UARTEx_DisableFifoMode               0x08002927   Thumb Code    62  stm32g4xx_hal_uart_ex.o(i.HAL_UARTEx_DisableFifoMode)
    HAL_UARTEx_RxEventCallback               0x08002965   Thumb Code     2  stm32g4xx_hal_uart.o(i.HAL_UARTEx_RxEventCallback)
    HAL_UARTEx_RxFifoFullCallback            0x08002967   Thumb Code     2  stm32g4xx_hal_uart_ex.o(i.HAL_UARTEx_RxFifoFullCallback)
    HAL_UARTEx_SetRxFifoThreshold            0x08002969   Thumb Code    76  stm32g4xx_hal_uart_ex.o(i.HAL_UARTEx_SetRxFifoThreshold)
    HAL_UARTEx_SetTxFifoThreshold            0x080029b5   Thumb Code    76  stm32g4xx_hal_uart_ex.o(i.HAL_UARTEx_SetTxFifoThreshold)
    HAL_UARTEx_TxFifoEmptyCallback           0x08002a01   Thumb Code     2  stm32g4xx_hal_uart_ex.o(i.HAL_UARTEx_TxFifoEmptyCallback)
    HAL_UARTEx_WakeupCallback                0x08002a03   Thumb Code     2  stm32g4xx_hal_uart_ex.o(i.HAL_UARTEx_WakeupCallback)
    HAL_UART_ErrorCallback                   0x08002a05   Thumb Code     2  stm32g4xx_hal_uart.o(i.HAL_UART_ErrorCallback)
    HAL_UART_IRQHandler                      0x08002a09   Thumb Code   632  stm32g4xx_hal_uart.o(i.HAL_UART_IRQHandler)
    HAL_UART_Init                            0x08002c8d   Thumb Code   106  stm32g4xx_hal_uart.o(i.HAL_UART_Init)
    HAL_UART_MspInit                         0x08002cf9   Thumb Code   106  usart.o(i.HAL_UART_MspInit)
    HAL_UART_Receive_IT                      0x08002d6d   Thumb Code    70  stm32g4xx_hal_uart.o(i.HAL_UART_Receive_IT)
    HAL_UART_RxCpltCallback                  0x08002db9   Thumb Code    78  main.o(i.HAL_UART_RxCpltCallback)
    HAL_UART_Transmit                        0x08002e25   Thumb Code   188  stm32g4xx_hal_uart.o(i.HAL_UART_Transmit)
    HAL_UART_TxCpltCallback                  0x08002ee1   Thumb Code     2  stm32g4xx_hal_uart.o(i.HAL_UART_TxCpltCallback)
    HardFault_Handler                        0x08002ee3   Thumb Code     2  stm32g4xx_it.o(i.HardFault_Handler)
    LCD_Clear                                0x08002ee5   Thumb Code    36  lcd.o(i.LCD_Clear)
    LCD_Delay                                0x08002f09   Thumb Code    28  lcd.o(i.LCD_Delay)
    LCD_DisplayChar                          0x08002f25   Thumb Code    18  lcd.o(i.LCD_DisplayChar)
    LCD_DisplayStringLine                    0x08002f3d   Thumb Code    50  lcd.o(i.LCD_DisplayStringLine)
    LCD_DrawChar                             0x08002f71   Thumb Code    82  lcd.o(i.LCD_DrawChar)
    LCD_Init                                 0x08002fc9   Thumb Code    86  lcd.o(i.LCD_Init)
    LCD_Proc                                 0x08003021   Thumb Code    28  main.o(i.LCD_Proc)
    LCD_SetBackColor                         0x0800305d   Thumb Code     6  lcd.o(i.LCD_SetBackColor)
    LCD_SetCursor                            0x08003069   Thumb Code    24  lcd.o(i.LCD_SetCursor)
    LCD_SetTextColor                         0x08003081   Thumb Code     6  lcd.o(i.LCD_SetTextColor)
    LCD_Write                                0x0800308d   Thumb Code    78  lcd.o(i.LCD_Write)
    LCD_WriteRAM                             0x080030e5   Thumb Code     8  lcd.o(i.LCD_WriteRAM)
    LCD_WriteRAM_Prepare                     0x080030ed   Thumb Code     8  lcd.o(i.LCD_WriteRAM_Prepare)
    LCD_WriteReg                             0x080030f5   Thumb Code    24  lcd.o(i.LCD_WriteReg)
    LED_Displacement                         0x0800310d   Thumb Code    34  led.o(i.LED_Displacement)
    LED_Process                              0x08003135   Thumb Code    14  led.o(i.LED_Process)
    LED_Unlock                               0x08003145   Thumb Code    28  led.o(i.LED_Unlock)
    MX_ADC1_Init                             0x080031c9   Thumb Code   162  adc.o(i.MX_ADC1_Init)
    MX_GPIO_Init                             0x08003279   Thumb Code   274  gpio.o(i.MX_GPIO_Init)
    MX_TIM8_Init                             0x080033a1   Thumb Code   102  tim.o(i.MX_TIM8_Init)
    MX_USART1_UART_Init                      0x08003411   Thumb Code    94  usart.o(i.MX_USART1_UART_Init)
    MemManage_Handler                        0x08003479   Thumb Code     2  stm32g4xx_it.o(i.MemManage_Handler)
    NMI_Handler                              0x0800347b   Thumb Code     2  stm32g4xx_it.o(i.NMI_Handler)
    PendSV_Handler                           0x0800347d   Thumb Code     2  stm32g4xx_it.o(i.PendSV_Handler)
    SVC_Handler                              0x0800347f   Thumb Code     2  stm32g4xx_it.o(i.SVC_Handler)
    SysTick_Handler                          0x08003481   Thumb Code     4  stm32g4xx_it.o(i.SysTick_Handler)
    SystemClock_Config                       0x08003485   Thumb Code   134  main.o(i.SystemClock_Config)
    SystemInit                               0x0800350d   Thumb Code    12  system_stm32g4xx.o(i.SystemInit)
    TIM8_UP_IRQHandler                       0x0800351d   Thumb Code     6  stm32g4xx_it.o(i.TIM8_UP_IRQHandler)
    TIM_Base_SetConfig                       0x08003529   Thumb Code   146  stm32g4xx_hal_tim.o(i.TIM_Base_SetConfig)
    TIM_ETR_SetConfig                        0x080035d9   Thumb Code    20  stm32g4xx_hal_tim.o(i.TIM_ETR_SetConfig)
    UART_AdvFeatureConfig                    0x0800368d   Thumb Code   200  stm32g4xx_hal_uart.o(i.UART_AdvFeatureConfig)
    UART_CheckIdleState                      0x08003755   Thumb Code    96  stm32g4xx_hal_uart.o(i.UART_CheckIdleState)
    UART_SetConfig                           0x08003b79   Thumb Code   582  stm32g4xx_hal_uart.o(i.UART_SetConfig)
    UART_Start_Receive_IT                    0x08003ded   Thumb Code   198  stm32g4xx_hal_uart.o(i.UART_Start_Receive_IT)
    UART_WaitOnFlagUntilTimeout              0x08003ec5   Thumb Code   164  stm32g4xx_hal_uart.o(i.UART_WaitOnFlagUntilTimeout)
    USART1_IRQHandler                        0x08003f69   Thumb Code     6  stm32g4xx_it.o(i.USART1_IRQHandler)
    UsageFault_Handler                       0x08003f75   Thumb Code     2  stm32g4xx_it.o(i.UsageFault_Handler)
    _is_digit                                0x08003f97   Thumb Code    14  __printf_wp.o(i._is_digit)
    main                                     0x08003fa5   Thumb Code    74  main.o(i.main)
    _fp_init                                 0x08004001   Thumb Code    10  fpinit.o(x$fpl$fpinit)
    __fplib_config_fpu_vfp                   0x08004009   Thumb Code     0  fpinit.o(x$fpl$fpinit)
    __fplib_config_pureend_doubles           0x08004009   Thumb Code     0  fpinit.o(x$fpl$fpinit)
    UARTPrescTable                           0x0800400a   Data          24  stm32g4xx_hal_uart.o(.constdata)
    AHBPrescTable                            0x08004032   Data          16  system_stm32g4xx.o(.constdata)
    APBPrescTable                            0x08004042   Data           8  system_stm32g4xx.o(.constdata)
    Region$$Table$$Base                      0x0800405c   Number         0  anon$$obj.o(Region$$Table)
    Region$$Table$$Limit                     0x0800407c   Number         0  anon$$obj.o(Region$$Table)
    ledODR                                   0x20000000   Data           1  main.o(.data)
    direction                                0x20000001   Data           1  main.o(.data)
    ucSec                                    0x20000002   Data           1  main.o(.data)
    ucCnt                                    0x20000003   Data           1  main.o(.data)
    cmd                                      0x20000004   Data           1  main.o(.data)
    ADC_Value                                0x20000008   Data           4  main.o(.data)
    TextColor                                0x2000000c   Data           2  lcd.o(.data)
    BackColor                                0x2000000e   Data           2  lcd.o(.data)
    ASCII_Table                              0x20000010   Data        4560  lcd.o(.data)
    uwTickPrio                               0x200011e0   Data           4  stm32g4xx_hal.o(.data)
    uwTickFreq                               0x200011e4   Data           4  stm32g4xx_hal.o(.data)
    uwTick                                   0x200011e8   Data           4  stm32g4xx_hal.o(.data)
    SystemCoreClock                          0x200011ec   Data           4  system_stm32g4xx.o(.data)
    ucLcd                                    0x200011f0   Data          21  main.o(.bss)
    hadc1                                    0x20001208   Data         108  adc.o(.bss)
    htim8                                    0x20001274   Data          76  tim.o(.bss)
    huart1                                   0x200012c0   Data         144  usart.o(.bss)
    __libspace_start                         0x20001350   Data          96  libspace.o(.bss)
    __temporary_stack_top$libspace           0x200013b0   Data           0  libspace.o(.bss)



==============================================================================

Memory Map of the image

  Image Entry point : 0x080001d9

  Load Region LR_IROM1 (Base: 0x08000000, Size: 0x0000526c, Max: 0x00020000, ABSOLUTE, COMPRESSED[0x0000470c])

    Execution Region ER_IROM1 (Exec base: 0x08000000, Load base: 0x08000000, Size: 0x0000407c, Max: 0x00020000, ABSOLUTE)

    Exec Addr    Load Addr    Size         Type   Attr      Idx    E Section Name        Object

    0x08000000   0x08000000   0x000001d8   Data   RO            3    RESET               startup_stm32g431xx.o
    0x080001d8   0x080001d8   0x00000008   Code   RO         4438  * !!!main             c_w.l(__main.o)
    0x080001e0   0x080001e0   0x00000034   Code   RO         4616    !!!scatter          c_w.l(__scatter.o)
    0x08000214   0x08000214   0x00000064   Code   RO         4614    !!dclz77c           c_w.l(__dclz77c.o)
    0x08000278   0x08000278   0x0000001c   Code   RO         4618    !!handler_zi        c_w.l(__scatter_zi.o)
    0x08000294   0x08000294   0x00000000   Code   RO         4433    .ARM.Collect$$_printf_percent$$00000000  c_w.l(_printf_percent.o)
    0x08000294   0x08000294   0x00000006   Code   RO         4432    .ARM.Collect$$_printf_percent$$0000000A  c_w.l(_printf_u.o)
    0x0800029a   0x0800029a   0x00000004   Code   RO         4451    .ARM.Collect$$_printf_percent$$00000017  c_w.l(_printf_percent_end.o)
    0x0800029e   0x0800029e   0x00000002   Code   RO         4484    .ARM.Collect$$libinit$$00000000  c_w.l(libinit.o)
    0x080002a0   0x080002a0   0x00000004   Code   RO         4496    .ARM.Collect$$libinit$$00000001  c_w.l(libinit2.o)
    0x080002a4   0x080002a4   0x00000000   Code   RO         4499    .ARM.Collect$$libinit$$00000004  c_w.l(libinit2.o)
    0x080002a4   0x080002a4   0x00000000   Code   RO         4502    .ARM.Collect$$libinit$$0000000A  c_w.l(libinit2.o)
    0x080002a4   0x080002a4   0x00000000   Code   RO         4504    .ARM.Collect$$libinit$$0000000C  c_w.l(libinit2.o)
    0x080002a4   0x080002a4   0x00000000   Code   RO         4506    .ARM.Collect$$libinit$$0000000E  c_w.l(libinit2.o)
    0x080002a4   0x080002a4   0x00000000   Code   RO         4509    .ARM.Collect$$libinit$$00000011  c_w.l(libinit2.o)
    0x080002a4   0x080002a4   0x00000000   Code   RO         4511    .ARM.Collect$$libinit$$00000013  c_w.l(libinit2.o)
    0x080002a4   0x080002a4   0x00000000   Code   RO         4513    .ARM.Collect$$libinit$$00000015  c_w.l(libinit2.o)
    0x080002a4   0x080002a4   0x00000000   Code   RO         4515    .ARM.Collect$$libinit$$00000017  c_w.l(libinit2.o)
    0x080002a4   0x080002a4   0x00000000   Code   RO         4517    .ARM.Collect$$libinit$$00000019  c_w.l(libinit2.o)
    0x080002a4   0x080002a4   0x00000000   Code   RO         4519    .ARM.Collect$$libinit$$0000001B  c_w.l(libinit2.o)
    0x080002a4   0x080002a4   0x00000000   Code   RO         4521    .ARM.Collect$$libinit$$0000001D  c_w.l(libinit2.o)
    0x080002a4   0x080002a4   0x00000000   Code   RO         4523    .ARM.Collect$$libinit$$0000001F  c_w.l(libinit2.o)
    0x080002a4   0x080002a4   0x00000000   Code   RO         4525    .ARM.Collect$$libinit$$00000021  c_w.l(libinit2.o)
    0x080002a4   0x080002a4   0x00000000   Code   RO         4527    .ARM.Collect$$libinit$$00000023  c_w.l(libinit2.o)
    0x080002a4   0x080002a4   0x00000000   Code   RO         4529    .ARM.Collect$$libinit$$00000025  c_w.l(libinit2.o)
    0x080002a4   0x080002a4   0x00000000   Code   RO         4533    .ARM.Collect$$libinit$$0000002C  c_w.l(libinit2.o)
    0x080002a4   0x080002a4   0x00000000   Code   RO         4535    .ARM.Collect$$libinit$$0000002E  c_w.l(libinit2.o)
    0x080002a4   0x080002a4   0x00000000   Code   RO         4537    .ARM.Collect$$libinit$$00000030  c_w.l(libinit2.o)
    0x080002a4   0x080002a4   0x00000000   Code   RO         4539    .ARM.Collect$$libinit$$00000032  c_w.l(libinit2.o)
    0x080002a4   0x080002a4   0x00000002   Code   RO         4540    .ARM.Collect$$libinit$$00000033  c_w.l(libinit2.o)
    0x080002a6   0x080002a6   0x00000002   Code   RO         4571    .ARM.Collect$$libshutdown$$00000000  c_w.l(libshutdown.o)
    0x080002a8   0x080002a8   0x00000000   Code   RO         4597    .ARM.Collect$$libshutdown$$00000002  c_w.l(libshutdown2.o)
    0x080002a8   0x080002a8   0x00000000   Code   RO         4599    .ARM.Collect$$libshutdown$$00000004  c_w.l(libshutdown2.o)
    0x080002a8   0x080002a8   0x00000000   Code   RO         4602    .ARM.Collect$$libshutdown$$00000007  c_w.l(libshutdown2.o)
    0x080002a8   0x080002a8   0x00000000   Code   RO         4605    .ARM.Collect$$libshutdown$$0000000A  c_w.l(libshutdown2.o)
    0x080002a8   0x080002a8   0x00000000   Code   RO         4607    .ARM.Collect$$libshutdown$$0000000C  c_w.l(libshutdown2.o)
    0x080002a8   0x080002a8   0x00000000   Code   RO         4610    .ARM.Collect$$libshutdown$$0000000F  c_w.l(libshutdown2.o)
    0x080002a8   0x080002a8   0x00000002   Code   RO         4611    .ARM.Collect$$libshutdown$$00000010  c_w.l(libshutdown2.o)
    0x080002aa   0x080002aa   0x00000000   Code   RO         4440    .ARM.Collect$$rtentry$$00000000  c_w.l(__rtentry.o)
    0x080002aa   0x080002aa   0x00000000   Code   RO         4453    .ARM.Collect$$rtentry$$00000002  c_w.l(__rtentry2.o)
    0x080002aa   0x080002aa   0x00000006   Code   RO         4465    .ARM.Collect$$rtentry$$00000004  c_w.l(__rtentry4.o)
    0x080002b0   0x080002b0   0x00000000   Code   RO         4455    .ARM.Collect$$rtentry$$00000009  c_w.l(__rtentry2.o)
    0x080002b0   0x080002b0   0x00000004   Code   RO         4456    .ARM.Collect$$rtentry$$0000000A  c_w.l(__rtentry2.o)
    0x080002b4   0x080002b4   0x00000000   Code   RO         4458    .ARM.Collect$$rtentry$$0000000C  c_w.l(__rtentry2.o)
    0x080002b4   0x080002b4   0x00000008   Code   RO         4459    .ARM.Collect$$rtentry$$0000000D  c_w.l(__rtentry2.o)
    0x080002bc   0x080002bc   0x00000002   Code   RO         4488    .ARM.Collect$$rtexit$$00000000  c_w.l(rtexit.o)
    0x080002be   0x080002be   0x00000000   Code   RO         4544    .ARM.Collect$$rtexit$$00000002  c_w.l(rtexit2.o)
    0x080002be   0x080002be   0x00000004   Code   RO         4545    .ARM.Collect$$rtexit$$00000003  c_w.l(rtexit2.o)
    0x080002c2   0x080002c2   0x00000006   Code   RO         4546    .ARM.Collect$$rtexit$$00000004  c_w.l(rtexit2.o)
    0x080002c8   0x080002c8   0x00000040   Code   RO            4    .text               startup_stm32g431xx.o
    0x08000308   0x08000308   0x000000ee   Code   RO         4400    .text               c_w.l(lludivv7m.o)
    0x080003f6   0x080003f6   0x00000002   PAD
    0x080003f8   0x080003f8   0x00000028   Code   RO         4404    .text               c_w.l(noretval__2sprintf.o)
    0x08000420   0x08000420   0x0000004e   Code   RO         4408    .text               c_w.l(_printf_pad.o)
    0x0800046e   0x0800046e   0x00000002   PAD
    0x08000470   0x08000470   0x00000078   Code   RO         4410    .text               c_w.l(_printf_dec.o)
    0x080004e8   0x080004e8   0x00000138   Code   RO         4424    .text               c_w.l(__printf_flags_wp.o)
    0x08000620   0x08000620   0x0000004e   Code   RO         4434    .text               c_w.l(rt_memclr_w.o)
    0x0800066e   0x0800066e   0x00000006   Code   RO         4436    .text               c_w.l(heapauxi.o)
    0x08000674   0x08000674   0x000000b2   Code   RO         4445    .text               c_w.l(_printf_intcommon.o)
    0x08000726   0x08000726   0x00000002   PAD
    0x08000728   0x08000728   0x00000030   Code   RO         4447    .text               c_w.l(_printf_char_common.o)
    0x08000758   0x08000758   0x0000000a   Code   RO         4449    .text               c_w.l(_sputc.o)
    0x08000762   0x08000762   0x0000004a   Code   RO         4471    .text               c_w.l(sys_stackheap_outer.o)
    0x080007ac   0x080007ac   0x00000012   Code   RO         4473    .text               c_w.l(exit.o)
    0x080007be   0x080007be   0x00000002   PAD
    0x080007c0   0x080007c0   0x00000008   Code   RO         4485    .text               c_w.l(libspace.o)
    0x080007c8   0x080007c8   0x0000000c   Code   RO         4541    .text               c_w.l(sys_exit.o)
    0x080007d4   0x080007d4   0x00000002   Code   RO         4560    .text               c_w.l(use_no_semi.o)
    0x080007d6   0x080007d6   0x00000000   Code   RO         4562    .text               c_w.l(indicate_semi.o)
    0x080007d6   0x080007d6   0x00000002   PAD
    0x080007d8   0x080007d8   0x0000000c   Code   RO          378    i.ADC1_2_IRQHandler  stm32g4xx_it.o
    0x080007e4   0x080007e4   0x000000e4   Code   RO          764    i.ADC_ConversionStop  stm32g4xx_hal_adc.o
    0x080008c8   0x080008c8   0x00000070   Code   RO          768    i.ADC_Disable       stm32g4xx_hal_adc.o
    0x08000938   0x08000938   0x00000074   Code   RO          769    i.ADC_Enable        stm32g4xx_hal_adc.o
    0x080009ac   0x080009ac   0x00000002   Code   RO          379    i.BusFault_Handler  stm32g4xx_it.o
    0x080009ae   0x080009ae   0x00000002   Code   RO          380    i.DebugMon_Handler  stm32g4xx_it.o
    0x080009b0   0x080009b0   0x00000004   Code   RO           13    i.Error_Handler     main.o
    0x080009b4   0x080009b4   0x00000094   Code   RO         1002    i.HAL_ADCEx_Calibration_Start  stm32g4xx_hal_adc_ex.o
    0x08000a48   0x08000a48   0x00000002   Code   RO         1006    i.HAL_ADCEx_EndOfSamplingCallback  stm32g4xx_hal_adc_ex.o
    0x08000a4a   0x08000a4a   0x00000002   Code   RO         1009    i.HAL_ADCEx_InjectedConvCpltCallback  stm32g4xx_hal_adc_ex.o
    0x08000a4c   0x08000a4c   0x00000002   Code   RO         1012    i.HAL_ADCEx_InjectedQueueOverflowCallback  stm32g4xx_hal_adc_ex.o
    0x08000a4e   0x08000a4e   0x00000002   Code   RO         1017    i.HAL_ADCEx_LevelOutOfWindow2Callback  stm32g4xx_hal_adc_ex.o
    0x08000a50   0x08000a50   0x00000002   Code   RO         1018    i.HAL_ADCEx_LevelOutOfWindow3Callback  stm32g4xx_hal_adc_ex.o
    0x08000a52   0x08000a52   0x00000002   PAD
    0x08000a54   0x08000a54   0x000000d8   Code   RO         1019    i.HAL_ADCEx_MultiModeConfigChannel  stm32g4xx_hal_adc_ex.o
    0x08000b2c   0x08000b2c   0x00000424   Code   RO          771    i.HAL_ADC_ConfigChannel  stm32g4xx_hal_adc.o
    0x08000f50   0x08000f50   0x00000040   Code   RO           14    i.HAL_ADC_ConvCpltCallback  main.o
    0x08000f90   0x08000f90   0x00000002   Code   RO          775    i.HAL_ADC_ErrorCallback  stm32g4xx_hal_adc.o
    0x08000f92   0x08000f92   0x00000006   Code   RO          778    i.HAL_ADC_GetValue  stm32g4xx_hal_adc.o
    0x08000f98   0x08000f98   0x0000026c   Code   RO          779    i.HAL_ADC_IRQHandler  stm32g4xx_hal_adc.o
    0x08001204   0x08001204   0x000001fc   Code   RO          780    i.HAL_ADC_Init      stm32g4xx_hal_adc.o
    0x08001400   0x08001400   0x00000002   Code   RO          781    i.HAL_ADC_LevelOutOfWindowCallback  stm32g4xx_hal_adc.o
    0x08001402   0x08001402   0x00000002   PAD
    0x08001404   0x08001404   0x0000006c   Code   RO          253    i.HAL_ADC_MspInit   adc.o
    0x08001470   0x08001470   0x00000178   Code   RO          789    i.HAL_ADC_Start_IT  stm32g4xx_hal_adc.o
    0x080015e8   0x080015e8   0x00000048   Code   RO          793    i.HAL_ADC_Stop_IT   stm32g4xx_hal_adc.o
    0x08001630   0x08001630   0x0000006a   Code   RO         2047    i.HAL_DMA_Abort     stm32g4xx_hal_dma.o
    0x0800169a   0x0800169a   0x00000078   Code   RO         2048    i.HAL_DMA_Abort_IT  stm32g4xx_hal_dma.o
    0x08001712   0x08001712   0x00000002   PAD
    0x08001714   0x08001714   0x000001c8   Code   RO         1909    i.HAL_GPIO_Init     stm32g4xx_hal_gpio.o
    0x080018dc   0x080018dc   0x0000000a   Code   RO         1913    i.HAL_GPIO_WritePin  stm32g4xx_hal_gpio.o
    0x080018e6   0x080018e6   0x00000002   PAD
    0x080018e8   0x080018e8   0x0000000c   Code   RO         1222    i.HAL_GetTick       stm32g4xx_hal.o
    0x080018f4   0x080018f4   0x00000010   Code   RO         1225    i.HAL_IncTick       stm32g4xx_hal.o
    0x08001904   0x08001904   0x0000001e   Code   RO         1226    i.HAL_Init          stm32g4xx_hal.o
    0x08001922   0x08001922   0x00000002   PAD
    0x08001924   0x08001924   0x00000044   Code   RO         1227    i.HAL_InitTick      stm32g4xx_hal.o
    0x08001968   0x08001968   0x00000030   Code   RO          472    i.HAL_MspInit       stm32g4xx_hal_msp.o
    0x08001998   0x08001998   0x0000001a   Code   RO         2556    i.HAL_NVIC_EnableIRQ  stm32g4xx_hal_cortex.o
    0x080019b2   0x080019b2   0x00000002   PAD
    0x080019b4   0x080019b4   0x00000040   Code   RO         2562    i.HAL_NVIC_SetPriority  stm32g4xx_hal_cortex.o
    0x080019f4   0x080019f4   0x00000024   Code   RO         2563    i.HAL_NVIC_SetPriorityGrouping  stm32g4xx_hal_cortex.o
    0x08001a18   0x08001a18   0x000000bc   Code   RO         2312    i.HAL_PWREx_ControlVoltageScaling  stm32g4xx_hal_pwr_ex.o
    0x08001ad4   0x08001ad4   0x00000010   Code   RO         2324    i.HAL_PWREx_DisableUCPDDeadBattery  stm32g4xx_hal_pwr_ex.o
    0x08001ae4   0x08001ae4   0x00000288   Code   RO         1571    i.HAL_RCCEx_PeriphCLKConfig  stm32g4xx_hal_rcc_ex.o
    0x08001d6c   0x08001d6c   0x000001dc   Code   RO         1446    i.HAL_RCC_ClockConfig  stm32g4xx_hal_rcc.o
    0x08001f48   0x08001f48   0x00000024   Code   RO         1454    i.HAL_RCC_GetPCLK1Freq  stm32g4xx_hal_rcc.o
    0x08001f6c   0x08001f6c   0x00000024   Code   RO         1455    i.HAL_RCC_GetPCLK2Freq  stm32g4xx_hal_rcc.o
    0x08001f90   0x08001f90   0x00000070   Code   RO         1456    i.HAL_RCC_GetSysClockFreq  stm32g4xx_hal_rcc.o
    0x08002000   0x08002000   0x0000040c   Code   RO         1459    i.HAL_RCC_OscConfig  stm32g4xx_hal_rcc.o
    0x0800240c   0x0800240c   0x00000028   Code   RO         2567    i.HAL_SYSTICK_Config  stm32g4xx_hal_cortex.o
    0x08002434   0x08002434   0x00000002   Code   RO         3402    i.HAL_TIMEx_Break2Callback  stm32g4xx_hal_tim_ex.o
    0x08002436   0x08002436   0x00000002   Code   RO         3403    i.HAL_TIMEx_BreakCallback  stm32g4xx_hal_tim_ex.o
    0x08002438   0x08002438   0x00000002   Code   RO         3404    i.HAL_TIMEx_CommutCallback  stm32g4xx_hal_tim_ex.o
    0x0800243a   0x0800243a   0x00000002   Code   RO         3415    i.HAL_TIMEx_DirectionChangeCallback  stm32g4xx_hal_tim_ex.o
    0x0800243c   0x0800243c   0x00000002   Code   RO         3429    i.HAL_TIMEx_EncoderIndexCallback  stm32g4xx_hal_tim_ex.o
    0x0800243e   0x0800243e   0x00000002   Code   RO         3443    i.HAL_TIMEx_IndexErrorCallback  stm32g4xx_hal_tim_ex.o
    0x08002440   0x08002440   0x0000009c   Code   RO         3444    i.HAL_TIMEx_MasterConfigSynchronization  stm32g4xx_hal_tim_ex.o
    0x080024dc   0x080024dc   0x00000002   Code   RO         3465    i.HAL_TIMEx_TransitionErrorCallback  stm32g4xx_hal_tim_ex.o
    0x080024de   0x080024de   0x00000062   Code   RO         2688    i.HAL_TIM_Base_Init  stm32g4xx_hal_tim.o
    0x08002540   0x08002540   0x0000003c   Code   RO          295    i.HAL_TIM_Base_MspInit  tim.o
    0x0800257c   0x0800257c   0x00000078   Code   RO         2693    i.HAL_TIM_Base_Start_IT  stm32g4xx_hal_tim.o
    0x080025f4   0x080025f4   0x000000f8   Code   RO         2697    i.HAL_TIM_ConfigClockSource  stm32g4xx_hal_tim.o
    0x080026ec   0x080026ec   0x00000002   Code   RO         2722    i.HAL_TIM_IC_CaptureCallback  stm32g4xx_hal_tim.o
    0x080026ee   0x080026ee   0x000001fc   Code   RO         2736    i.HAL_TIM_IRQHandler  stm32g4xx_hal_tim.o
    0x080028ea   0x080028ea   0x00000002   Code   RO         2739    i.HAL_TIM_OC_DelayElapsedCallback  stm32g4xx_hal_tim.o
    0x080028ec   0x080028ec   0x00000002   Code   RO         2766    i.HAL_TIM_PWM_PulseFinishedCallback  stm32g4xx_hal_tim.o
    0x080028ee   0x080028ee   0x00000002   PAD
    0x080028f0   0x080028f0   0x00000034   Code   RO           15    i.HAL_TIM_PeriodElapsedCallback  main.o
    0x08002924   0x08002924   0x00000002   Code   RO         2779    i.HAL_TIM_TriggerCallback  stm32g4xx_hal_tim.o
    0x08002926   0x08002926   0x0000003e   Code   RO         4251    i.HAL_UARTEx_DisableFifoMode  stm32g4xx_hal_uart_ex.o
    0x08002964   0x08002964   0x00000002   Code   RO         3840    i.HAL_UARTEx_RxEventCallback  stm32g4xx_hal_uart.o
    0x08002966   0x08002966   0x00000002   Code   RO         4258    i.HAL_UARTEx_RxFifoFullCallback  stm32g4xx_hal_uart_ex.o
    0x08002968   0x08002968   0x0000004c   Code   RO         4259    i.HAL_UARTEx_SetRxFifoThreshold  stm32g4xx_hal_uart_ex.o
    0x080029b4   0x080029b4   0x0000004c   Code   RO         4260    i.HAL_UARTEx_SetTxFifoThreshold  stm32g4xx_hal_uart_ex.o
    0x08002a00   0x08002a00   0x00000002   Code   RO         4262    i.HAL_UARTEx_TxFifoEmptyCallback  stm32g4xx_hal_uart_ex.o
    0x08002a02   0x08002a02   0x00000002   Code   RO         4263    i.HAL_UARTEx_WakeupCallback  stm32g4xx_hal_uart_ex.o
    0x08002a04   0x08002a04   0x00000002   Code   RO         3856    i.HAL_UART_ErrorCallback  stm32g4xx_hal_uart.o
    0x08002a06   0x08002a06   0x00000002   PAD
    0x08002a08   0x08002a08   0x00000284   Code   RO         3859    i.HAL_UART_IRQHandler  stm32g4xx_hal_uart.o
    0x08002c8c   0x08002c8c   0x0000006a   Code   RO         3860    i.HAL_UART_Init     stm32g4xx_hal_uart.o
    0x08002cf6   0x08002cf6   0x00000002   PAD
    0x08002cf8   0x08002cf8   0x00000074   Code   RO          337    i.HAL_UART_MspInit  usart.o
    0x08002d6c   0x08002d6c   0x0000004c   Code   RO         3865    i.HAL_UART_Receive_IT  stm32g4xx_hal_uart.o
    0x08002db8   0x08002db8   0x0000006c   Code   RO           16    i.HAL_UART_RxCpltCallback  main.o
    0x08002e24   0x08002e24   0x000000bc   Code   RO         3869    i.HAL_UART_Transmit  stm32g4xx_hal_uart.o
    0x08002ee0   0x08002ee0   0x00000002   Code   RO         3872    i.HAL_UART_TxCpltCallback  stm32g4xx_hal_uart.o
    0x08002ee2   0x08002ee2   0x00000002   Code   RO          381    i.HardFault_Handler  stm32g4xx_it.o
    0x08002ee4   0x08002ee4   0x00000024   Code   RO          631    i.LCD_Clear         lcd.o
    0x08002f08   0x08002f08   0x0000001c   Code   RO          632    i.LCD_Delay         lcd.o
    0x08002f24   0x08002f24   0x00000018   Code   RO          633    i.LCD_DisplayChar   lcd.o
    0x08002f3c   0x08002f3c   0x00000032   Code   RO          634    i.LCD_DisplayStringLine  lcd.o
    0x08002f6e   0x08002f6e   0x00000002   PAD
    0x08002f70   0x08002f70   0x00000058   Code   RO          635    i.LCD_DrawChar      lcd.o
    0x08002fc8   0x08002fc8   0x00000056   Code   RO          636    i.LCD_Init          lcd.o
    0x0800301e   0x0800301e   0x00000002   PAD
    0x08003020   0x08003020   0x0000003c   Code   RO           17    i.LCD_Proc          main.o
    0x0800305c   0x0800305c   0x0000000c   Code   RO          637    i.LCD_SetBackColor  lcd.o
    0x08003068   0x08003068   0x00000018   Code   RO          638    i.LCD_SetCursor     lcd.o
    0x08003080   0x08003080   0x0000000c   Code   RO          639    i.LCD_SetTextColor  lcd.o
    0x0800308c   0x0800308c   0x00000058   Code   RO          640    i.LCD_Write         lcd.o
    0x080030e4   0x080030e4   0x00000008   Code   RO          641    i.LCD_WriteRAM      lcd.o
    0x080030ec   0x080030ec   0x00000008   Code   RO          642    i.LCD_WriteRAM_Prepare  lcd.o
    0x080030f4   0x080030f4   0x00000018   Code   RO          643    i.LCD_WriteReg      lcd.o
    0x0800310c   0x0800310c   0x00000028   Code   RO          496    i.LED_Displacement  led.o
    0x08003134   0x08003134   0x0000000e   Code   RO          498    i.LED_Process       led.o
    0x08003142   0x08003142   0x00000002   PAD
    0x08003144   0x08003144   0x00000020   Code   RO          500    i.LED_Unlock        led.o
    0x08003164   0x08003164   0x0000000c   Code   RO          794    i.LL_ADC_GetOffsetChannel  stm32g4xx_hal_adc.o
    0x08003170   0x08003170   0x00000008   Code   RO          795    i.LL_ADC_INJ_IsConversionOngoing  stm32g4xx_hal_adc.o
    0x08003178   0x08003178   0x00000008   Code   RO          796    i.LL_ADC_REG_IsConversionOngoing  stm32g4xx_hal_adc.o
    0x08003180   0x08003180   0x00000008   Code   RO         1029    i.LL_ADC_REG_IsConversionOngoing  stm32g4xx_hal_adc_ex.o
    0x08003188   0x08003188   0x00000010   Code   RO          797    i.LL_ADC_REG_IsTriggerSourceSWStart  stm32g4xx_hal_adc.o
    0x08003198   0x08003198   0x0000001e   Code   RO          799    i.LL_ADC_SetChannelSamplingTime  stm32g4xx_hal_adc.o
    0x080031b6   0x080031b6   0x00000010   Code   RO          800    i.LL_ADC_SetOffsetState  stm32g4xx_hal_adc.o
    0x080031c6   0x080031c6   0x00000002   PAD
    0x080031c8   0x080031c8   0x000000b0   Code   RO          254    i.MX_ADC1_Init      adc.o
    0x08003278   0x08003278   0x00000128   Code   RO          228    i.MX_GPIO_Init      gpio.o
    0x080033a0   0x080033a0   0x00000070   Code   RO          296    i.MX_TIM8_Init      tim.o
    0x08003410   0x08003410   0x00000068   Code   RO          338    i.MX_USART1_UART_Init  usart.o
    0x08003478   0x08003478   0x00000002   Code   RO          382    i.MemManage_Handler  stm32g4xx_it.o
    0x0800347a   0x0800347a   0x00000002   Code   RO          383    i.NMI_Handler       stm32g4xx_it.o
    0x0800347c   0x0800347c   0x00000002   Code   RO          384    i.PendSV_Handler    stm32g4xx_it.o
    0x0800347e   0x0800347e   0x00000002   Code   RO          385    i.SVC_Handler       stm32g4xx_it.o
    0x08003480   0x08003480   0x00000004   Code   RO          386    i.SysTick_Handler   stm32g4xx_it.o
    0x08003484   0x08003484   0x00000086   Code   RO           18    i.SystemClock_Config  main.o
    0x0800350a   0x0800350a   0x00000002   PAD
    0x0800350c   0x0800350c   0x00000010   Code   RO         4364    i.SystemInit        system_stm32g4xx.o
    0x0800351c   0x0800351c   0x0000000c   Code   RO          387    i.TIM8_UP_IRQHandler  stm32g4xx_it.o
    0x08003528   0x08003528   0x000000b0   Code   RO         2781    i.TIM_Base_SetConfig  stm32g4xx_hal_tim.o
    0x080035d8   0x080035d8   0x00000014   Code   RO         2792    i.TIM_ETR_SetConfig  stm32g4xx_hal_tim.o
    0x080035ec   0x080035ec   0x00000014   Code   RO         2793    i.TIM_ITRx_SetConfig  stm32g4xx_hal_tim.o
    0x08003600   0x08003600   0x00000022   Code   RO         2801    i.TIM_TI1_ConfigInputStage  stm32g4xx_hal_tim.o
    0x08003622   0x08003622   0x00000024   Code   RO         2803    i.TIM_TI2_ConfigInputStage  stm32g4xx_hal_tim.o
    0x08003646   0x08003646   0x00000002   PAD
    0x08003648   0x08003648   0x00000044   Code   RO         4264    i.UARTEx_SetNbDataToProcess  stm32g4xx_hal_uart_ex.o
    0x0800368c   0x0800368c   0x000000c8   Code   RO         3874    i.UART_AdvFeatureConfig  stm32g4xx_hal_uart.o
    0x08003754   0x08003754   0x00000060   Code   RO         3875    i.UART_CheckIdleState  stm32g4xx_hal_uart.o
    0x080037b4   0x080037b4   0x00000014   Code   RO         3876    i.UART_DMAAbortOnError  stm32g4xx_hal_uart.o
    0x080037c8   0x080037c8   0x00000038   Code   RO         3886    i.UART_EndRxTransfer  stm32g4xx_hal_uart.o
    0x08003800   0x08003800   0x00000080   Code   RO         3888    i.UART_RxISR_16BIT  stm32g4xx_hal_uart.o
    0x08003880   0x08003880   0x0000013c   Code   RO         3889    i.UART_RxISR_16BIT_FIFOEN  stm32g4xx_hal_uart.o
    0x080039bc   0x080039bc   0x00000080   Code   RO         3890    i.UART_RxISR_8BIT   stm32g4xx_hal_uart.o
    0x08003a3c   0x08003a3c   0x0000013c   Code   RO         3891    i.UART_RxISR_8BIT_FIFOEN  stm32g4xx_hal_uart.o
    0x08003b78   0x08003b78   0x00000274   Code   RO         3892    i.UART_SetConfig    stm32g4xx_hal_uart.o
    0x08003dec   0x08003dec   0x000000d8   Code   RO         3894    i.UART_Start_Receive_IT  stm32g4xx_hal_uart.o
    0x08003ec4   0x08003ec4   0x000000a4   Code   RO         3899    i.UART_WaitOnFlagUntilTimeout  stm32g4xx_hal_uart.o
    0x08003f68   0x08003f68   0x0000000c   Code   RO          388    i.USART1_IRQHandler  stm32g4xx_it.o
    0x08003f74   0x08003f74   0x00000002   Code   RO          389    i.UsageFault_Handler  stm32g4xx_it.o
    0x08003f76   0x08003f76   0x00000020   Code   RO         2569    i.__NVIC_SetPriority  stm32g4xx_hal_cortex.o
    0x08003f96   0x08003f96   0x0000000e   Code   RO         4422    i._is_digit         c_w.l(__printf_wp.o)
    0x08003fa4   0x08003fa4   0x0000005c   Code   RO           19    i.main              main.o
    0x08004000   0x08004000   0x0000000a   Code   RO         4556    x$fpl$fpinit        fz_wm.l(fpinit.o)
    0x0800400a   0x0800400a   0x00000018   Data   RO         3900    .constdata          stm32g4xx_hal_uart.o
    0x08004022   0x08004022   0x00000010   Data   RO         4265    .constdata          stm32g4xx_hal_uart_ex.o
    0x08004032   0x08004032   0x00000010   Data   RO         4365    .constdata          system_stm32g4xx.o
    0x08004042   0x08004042   0x00000008   Data   RO         4366    .constdata          system_stm32g4xx.o
    0x0800404a   0x0800404a   0x00000011   Data   RO         4425    .constdata          c_w.l(__printf_flags_wp.o)
    0x0800405b   0x0800405b   0x00000001   PAD
    0x0800405c   0x0800405c   0x00000020   Data   RO         4612    Region$$Table       anon$$obj.o


    Execution Region RW_IRAM1 (Exec base: 0x20000000, Load base: 0x0800407c, Size: 0x000019b0, Max: 0x00008000, ABSOLUTE, COMPRESSED[0x00000690])

    Exec Addr    Load Addr    Size         Type   Attr      Idx    E Section Name        Object

    0x20000000   COMPRESSED   0x0000000c   Data   RW           21    .data               main.o
    0x2000000c   COMPRESSED   0x000011d4   Data   RW          644    .data               lcd.o
    0x200011e0   COMPRESSED   0x0000000c   Data   RW         1246    .data               stm32g4xx_hal.o
    0x200011ec   COMPRESSED   0x00000004   Data   RW         4367    .data               system_stm32g4xx.o
    0x200011f0        -       0x00000015   Zero   RW           20    .bss                main.o
    0x20001205   COMPRESSED   0x00000003   PAD
    0x20001208        -       0x0000006c   Zero   RW          255    .bss                adc.o
    0x20001274        -       0x0000004c   Zero   RW          297    .bss                tim.o
    0x200012c0        -       0x00000090   Zero   RW          339    .bss                usart.o
    0x20001350        -       0x00000060   Zero   RW         4486    .bss                c_w.l(libspace.o)
    0x200013b0        -       0x00000200   Zero   RW            2    HEAP                startup_stm32g431xx.o
    0x200015b0        -       0x00000400   Zero   RW            1    STACK               startup_stm32g431xx.o


==============================================================================

Image component sizes


      Code (inc. data)   RO Data    RW Data    ZI Data      Debug   Object Name

       284         24          0          0        108       1793   adc.o
       296         22          0          0          0       1047   gpio.o
       488         34          0       4564          0       8419   lcd.o
        86         10          0          0          0       1946   led.o
       514        116          0         12         21     680066   main.o
        64         26        472          0       1536        852   startup_stm32g431xx.o
       126         20          0         12          0       3725   stm32g4xx_hal.o
      3192        128          0          0          0      82919   stm32g4xx_hal_adc.o
       382         18          0          0          0      71738   stm32g4xx_hal_adc_ex.o
       198         14          0          0          0      33891   stm32g4xx_hal_cortex.o
       226          0          0          0          0       1959   stm32g4xx_hal_dma.o
       466         34          0          0          0       2468   stm32g4xx_hal_gpio.o
        48          6          0          0          0        850   stm32g4xx_hal_msp.o
       204         18          0          0          0       1417   stm32g4xx_hal_pwr_ex.o
      1696         92          0          0          0       6016   stm32g4xx_hal_rcc.o
       648         10          0          0          0       1892   stm32g4xx_hal_rcc_ex.o
      1268         76          0          0          0      10409   stm32g4xx_hal_tim.o
       170         24          0          0          0       5452   stm32g4xx_hal_tim_ex.o
      3288        128         24          0          0      35694   stm32g4xx_hal_uart.o
       288          6         16          0          0       5422   stm32g4xx_hal_uart_ex.o
        56         18          0          0          0       5551   stm32g4xx_it.o
        16          4         24          4          0       1127   system_stm32g4xx.o
       172         20          0          0         76       1690   tim.o
       220         20          0          0        144       1754   usart.o

    ----------------------------------------------------------------------
     14426        868        568       4592       1888     968097   Object Totals
         0          0         32          0          0          0   (incl. Generated)
        30          0          0          0          3          0   (incl. Padding)

    ----------------------------------------------------------------------

      Code (inc. data)   RO Data    RW Data    ZI Data      Debug   Library Member Name

       100          0          0          0          0          0   __dclz77c.o
         8          0          0          0          0         68   __main.o
       312          4         17          0          0         92   __printf_flags_wp.o
        14          0          0          0          0         68   __printf_wp.o
         0          0          0          0          0          0   __rtentry.o
        12          0          0          0          0          0   __rtentry2.o
         6          0          0          0          0          0   __rtentry4.o
        52          8          0          0          0          0   __scatter.o
        28          0          0          0          0          0   __scatter_zi.o
        48          6          0          0          0         96   _printf_char_common.o
       120         16          0          0          0         92   _printf_dec.o
       178          0          0          0          0         88   _printf_intcommon.o
        78          0          0          0          0        108   _printf_pad.o
         0          0          0          0          0          0   _printf_percent.o
         4          0          0          0          0          0   _printf_percent_end.o
         6          0          0          0          0          0   _printf_u.o
        10          0          0          0          0         68   _sputc.o
        18          0          0          0          0         80   exit.o
         6          0          0          0          0        152   heapauxi.o
         0          0          0          0          0          0   indicate_semi.o
         2          0          0          0          0          0   libinit.o
         6          0          0          0          0          0   libinit2.o
         2          0          0          0          0          0   libshutdown.o
         2          0          0          0          0          0   libshutdown2.o
         8          4          0          0         96         68   libspace.o
       238          0          0          0          0        100   lludivv7m.o
        40          6          0          0          0         84   noretval__2sprintf.o
        78          0          0          0          0         80   rt_memclr_w.o
         2          0          0          0          0          0   rtexit.o
        10          0          0          0          0          0   rtexit2.o
        12          4          0          0          0         68   sys_exit.o
        74          0          0          0          0         80   sys_stackheap_outer.o
         2          0          0          0          0         68   use_no_semi.o
        10          0          0          0          0        116   fpinit.o

    ----------------------------------------------------------------------
      1496         48         18          0         96       1576   Library Totals
        10          0          1          0          0          0   (incl. Padding)

    ----------------------------------------------------------------------

      Code (inc. data)   RO Data    RW Data    ZI Data      Debug   Library Name

      1476         48         17          0         96       1460   c_w.l
        10          0          0          0          0        116   fz_wm.l

    ----------------------------------------------------------------------
      1496         48         18          0         96       1576   Library Totals

    ----------------------------------------------------------------------

==============================================================================


      Code (inc. data)   RO Data    RW Data    ZI Data      Debug   

     15922        916        586       4592       1984     956097   Grand Totals
     15922        916        586       1680       1984     956097   ELF Image Totals (compressed)
     15922        916        586       1680          0          0   ROM Totals

==============================================================================

    Total RO  Size (Code + RO Data)                16508 (  16.12kB)
    Total RW  Size (RW Data + ZI Data)              6576 (   6.42kB)
    Total ROM Size (Code + RO Data + RW Data)      18188 (  17.76kB)

==============================================================================

